Archive member included because of file (symbol)

dietlibc.a(strrchr.o)         ../../tcc/libtccx.o (strrchr)
dietlibc.a(strncpy.o)         fio-ml.o (strncpy)
dietlibc.a(strlen.o)          fio-ml.o (strlen)
dietlibc.a(strncmp.o)         fio-ml.o (strncmp)
dietlibc.a(strcpy.o)          backtrace.o (strcpy)
dietlibc.a(strcmp.o)          rbf_font.o (strcmp)
dietlibc.a(strcasecmp.o)      (strcasecmp)
dietlibc.a(strtoull.o)        ../../tcc/libtccx.o (strtoull)
dietlibc.a(strtoul.o)         ../../tcc/libtccx.o (strtoul)
dietlibc.a(strchr.o)          fio-ml.o (strchr)
dietlibc.a(strstr.o)          (strstr)
dietlibc.a(memcmp.o)          ../../tcc/libtccx.o (memcmp)
dietlibc.a(memmove.o)         (memmove)
dietlibc.a(atol.o)            config.o (atoi)
dietlibc.a(errno.o)           dietlibc.a(strtoull.o) (errno)
newlib-libc.a(lib_a-setjmp.o)
                              ../../tcc/libtccx.o (longjmp)
newlib-libc.a(lib_a-memcpy-stub.o)
                              boot-hack.o (memcpy)
newlib-libc.a(lib_a-memccpy.o)
                              dietlibc.a(strncpy.o) (memccpy)
newlib-libc.a(lib_a-memset.o)
                              mem.o (memset)
newlib-libm.a(lib_a-sf_ceil.o)
                              (ceilf)
newlib-libm.a(lib_a-sf_cos.o)
                              chdk-gui_draw.o (cosf)
newlib-libm.a(lib_a-sf_frexp.o)
                              (frexpf)
newlib-libm.a(lib_a-sf_log2.o)
                              (log2f)
newlib-libm.a(lib_a-sf_round.o)
                              lens.o (roundf)
newlib-libm.a(lib_a-sf_sin.o)
                              chdk-gui_draw.o (sinf)
newlib-libm.a(lib_a-sf_tan.o)
                              (tanf)
newlib-libm.a(lib_a-wf_acos.o)
                              (acosf)
newlib-libm.a(lib_a-wf_asin.o)
                              (asinf)
newlib-libm.a(lib_a-wf_atan2.o)
                              (atan2f)
newlib-libm.a(lib_a-wf_exp.o)
                              (expf)
newlib-libm.a(lib_a-wf_fmod.o)
                              (fmodf)
newlib-libm.a(lib_a-wf_log10.o)
                              (log10f)
newlib-libm.a(lib_a-wf_log.o)
                              newlib-libm.a(lib_a-sf_log2.o) (logf)
newlib-libm.a(lib_a-wf_pow.o)
                              lens.o (powf)
newlib-libm.a(lib_a-wf_sqrt.o)
                              focus.o (sqrtf)
newlib-libm.a(lib_a-ef_acos.o)
                              newlib-libm.a(lib_a-wf_acos.o) (__ieee754_acosf)
newlib-libm.a(lib_a-ef_asin.o)
                              newlib-libm.a(lib_a-wf_asin.o) (__ieee754_asinf)
newlib-libm.a(lib_a-ef_atan2.o)
                              newlib-libm.a(lib_a-wf_atan2.o) (__ieee754_atan2f)
newlib-libm.a(lib_a-ef_exp.o)
                              newlib-libm.a(lib_a-wf_exp.o) (__ieee754_expf)
newlib-libm.a(lib_a-ef_fmod.o)
                              newlib-libm.a(lib_a-wf_fmod.o) (__ieee754_fmodf)
newlib-libm.a(lib_a-ef_log10.o)
                              newlib-libm.a(lib_a-wf_log10.o) (__ieee754_log10f)
newlib-libm.a(lib_a-ef_log.o)
                              newlib-libm.a(lib_a-wf_log.o) (__ieee754_logf)
newlib-libm.a(lib_a-ef_pow.o)
                              newlib-libm.a(lib_a-wf_pow.o) (__ieee754_powf)
newlib-libm.a(lib_a-ef_rem_pio2.o)
                              newlib-libm.a(lib_a-sf_cos.o) (__ieee754_rem_pio2f)
newlib-libm.a(lib_a-ef_sqrt.o)
                              newlib-libm.a(lib_a-wf_sqrt.o) (__ieee754_sqrtf)
newlib-libm.a(lib_a-kf_cos.o)
                              newlib-libm.a(lib_a-sf_cos.o) (__kernel_cosf)
newlib-libm.a(lib_a-kf_rem_pio2.o)
                              newlib-libm.a(lib_a-ef_rem_pio2.o) (__kernel_rem_pio2f)
newlib-libm.a(lib_a-kf_sin.o)
                              newlib-libm.a(lib_a-sf_cos.o) (__kernel_sinf)
newlib-libm.a(lib_a-kf_tan.o)
                              newlib-libm.a(lib_a-sf_tan.o) (__kernel_tanf)
newlib-libm.a(lib_a-sf_atan.o)
                              newlib-libm.a(lib_a-ef_atan2.o) (atanf)
newlib-libm.a(lib_a-sf_fabs.o)
                              newlib-libm.a(lib_a-wf_acos.o) (fabsf)
newlib-libm.a(lib_a-sf_finite.o)
                              newlib-libm.a(lib_a-wf_exp.o) (finitef)
newlib-libm.a(lib_a-sf_floor.o)
                              newlib-libm.a(lib_a-kf_rem_pio2.o) (floorf)
newlib-libm.a(lib_a-sf_fpclassify.o)
                              newlib-libm.a(lib_a-wf_acos.o) (__fpclassifyf)
newlib-libm.a(lib_a-sf_nan.o)
                              newlib-libm.a(lib_a-ef_pow.o) (nanf)
newlib-libm.a(lib_a-sf_scalbn.o)
                              newlib-libm.a(lib_a-ef_pow.o) (scalbnf)
newlib-libm.a(lib_a-s_lib_ver.o)
                              newlib-libm.a(lib_a-wf_acos.o) (__fdlib_version)
newlib-libm.a(lib_a-s_matherr.o)
                              newlib-libm.a(lib_a-wf_acos.o) (matherr)
newlib-libm.a(lib_a-s_nan.o)  newlib-libm.a(lib_a-wf_acos.o) (nan)
newlib-libm.a(lib_a-s_rint.o)
                              newlib-libm.a(lib_a-wf_pow.o) (rint)
[...]
Memory Configuration

Name             Origin             Length             Attributes
*default*        0x00000000         0xffffffff

Linker script and memory map

                0x00c60100                . = 0xc60100

.text           0x00c60100    0x56a28
                0x00c60100                _text_start = .
 *(.text)
 .text          0x00c60100        0x4 entry.o
                0x00c60100                _start
 .text          0x00c60104        0x0 ../../platform/550D.109/stubs.o
 .text          0x00c60104        0x0 version.o
 *fill*         0x00c60104        0xc 
 .text          0x00c60110      0x370 backtrace.o
                0x00c60110                eos_backtrace_rebuild
                0x00c60440                backtrace_print
                0x00c60468                backtrace_getstr
 .text          0x00c60480      0x8e0 boot-hack.o
                0x00c60680                copy_and_restart
                0x00c608b0                magic_is_off
                0x00c608c8                _disable_ml_startup
                0x00c608e4                hold_your_horses
                0x00c6090c                get_assert_msg
                0x00c60918                ml_assert_handler
                0x00c6099c                ml_crash_message
                0x00c609c8                init_task_patched
 .text          0x00c60d60      0xae0 fio-ml.o
                0x00c60f90                get_ml_card
                0x00c60fa0                get_shooting_card
                0x00c60fb0                get_card
                0x00c60ff0                get_free_space_32k
                0x00c61014                _card_tweaks
                0x00c61018                get_dcim_dir_suffix
                0x00c61024                get_dcim_dir
                0x00c6106c                FIO_OpenFile
                0x00c610a4                FIO_GetFileSize
                0x00c610d4                FIO_RemoveFile
                0x00c610f8                FIO_FindFirstEx
                0x00c61128                FIO_GetFileSize_direct
                0x00c6115c                FIO_ReadFile
                0x00c61264                FIO_WriteFile
                0x00c612b0                is_file
                0x00c612d4                is_dir
                0x00c61300                _find_ml_card
                0x00c613c8                FIO_CreateDirectory
                0x00c61470                FIO_CreateFile
                0x00c614f8                FIO_CreateFileOrAppend
                0x00c61544                FIO_CopyFile
                0x00c6161c                FIO_MoveFile
                0x00c61640                FIO_RenameFile
                0x00c61644                get_numbered_file_name
                0x00c616b8                dump_seg
                0x00c616ec                dump_big_seg
                0x00c61760                read_file
                0x00c617a4                read_entire_file
 .text          0x00c61840     0x22b0 mem.o
                0x00c61848                GetFreeMemForMalloc
                0x00c61a04                GetFreeMemForAllocateMemory
                0x00c621a8                __priv_malloc
                0x00c621ac                __priv_free
                0x00c621b0                __priv_AllocateMemory
                0x00c621b4                __priv_FreeMemory
                0x00c621b8                __priv_alloc_dma_memory
                0x00c621bc                __priv_free_dma_memory
                0x00c621c0                __priv_shoot_malloc
                0x00c621c4                __priv_shoot_free
                0x00c621c8                format_memory_size
                0x00c6349c                __mem_malloc
                0x00c63788                __mem_free
                0x00c63980                shoot_malloc_suite
                0x00c639b8                shoot_free_suite
                0x00c639e8                srm_malloc_suite
                0x00c63a20                srm_free_suite
                0x00c63a50                shoot_malloc_suite_contig
                0x00c63a88                _mem_init
                0x00c63ad4                mem_menu_init
 .text          0x00c63af0        0x0 ico.o
 .text          0x00c63af0      0x580 edmac.o
                0x00c63af8                edmac_index_to_channel
                0x00c63b38                edmac_get_dir
                0x00c63b70                edmac_channel_to_index
                0x00c63c00                edmac_get_base
                0x00c63c40                edmac_get_channel
                0x00c63c9c                edmac_get_state
                0x00c63cbc                edmac_get_flags
                0x00c63ce0                edmac_get_address
                0x00c63d04                edmac_get_pointer
                0x00c63d24                edmac_get_length
                0x00c63d48                edmac_get_connection
                0x00c63df8                edmac_fix_off1
                0x00c63e04                edmac_fix_off2
                0x00c63e10                edmac_get_info
                0x00c63f58                edmac_get_total_size
                0x00c63ff0                edmac_bytes_per_transfer
 .text          0x00c64070     0x7f90 menu.o
                0x00c642fc                menu_open_submenu
                0x00c65670                menu_redraw_flood
                0x00c67cb0                get_menu_edit_mode
                0x00c67cc0                menu_set_dirty
                0x00c67cd4                menu_enable_lv_transparent_mode
                0x00c67d00                menu_disable_lv_transparent_mode
                0x00c67d14                menu_get_root
                0x00c67d24                menu_numeric_toggle
                0x00c67dac                menu_numeric_toggle_time
                0x00c68048                menu_add
                0x00c68050                customize_menu_init
                0x00c680cc                menu_add_base
                0x00c6839c                menu_remove
                0x00c68550                menu_redraw
                0x00c685a8                handle_ml_menu_keyrepeat
                0x00c68624                keyrepeat_ack
                0x00c68644                menu_init
                0x00c6877c                gui_menu_shown
                0x00c6878c                is_submenu_or_edit_mode_active
                0x00c687c8                is_menu_help_active
                0x00c687f0                menu_active_but_hidden
                0x00c68818                menu_active_and_not_hidden
                0x00c68860                gui_stop_menu
                0x00c68eb0                run_in_separate_task
                0x00c68f10                gui_open_menu
                0x00c68f34                is_menu_entry_selected
                0x00c68fa8                is_menu_selected
                0x00c68fd8                is_menu_active
                0x00c696e4                select_menu
                0x00c69758                select_menu_by_name
                0x00c6a9e0                menu_benchmark
                0x00c6ab54                handle_ml_menu_erase
                0x00c6ac08                menu_close_submenu
                0x00c6ac30                menu_toggle_submenu
                0x00c6b0d0                handle_ml_menu_keys
                0x00c6b920                handle_quick_access_menu_items
                0x00c6b994                config_menu_save_flags
                0x00c6bac0                menu_get_value_from_script
                0x00c6bb18                menu_get_str_value_from_script
                0x00c6bb80                menu_set_str_value_from_script
                0x00c6bde0                menu_set_value_from_script
                0x00c6be98                menu_request_image_backend
                0x00c6bf20                menu_advanced_toggle
                0x00c6bf70                menu_advanced_update
 .text          0x00c6c000     0x1890 debug.o
                0x00c6cc4c                _card_led_on
                0x00c6cc60                _card_led_off
                0x00c6cc74                info_led_on
                0x00c6cc88                info_led_off
                0x00c6cc9c                info_led_blink
                0x00c6d408                request_crash_log
                0x00c6d418                request_core_dump
                0x00c6d434                debug_init
                0x00c6d438                debug_init_stuff
                0x00c6d450                iso_adj
                0x00c6d4a0                iso_adj_task
                0x00c6d4f0                handle_keep_ml_after_format_toggle
                0x00c6d564                debug_menu_init
                0x00c6d5ac                spy_event
                0x00c6d688                get_halfshutter_pressed
                0x00c6d6b4                get_zoom_out_pressed
                0x00c6d6c4                handle_buttons_being_held
                0x00c6d738                handle_tricky_canon_calls
                0x00c6d848                EngDrvOut
                0x00c6d870                engio_write
 .text          0x00c6d890      0x140 rand.o
                0x00c6d890                rand_fill
                0x00c6d94c                rand_seed
 .text          0x00c6d9d0      0x150 posix.o
                0x00c6d9d0                rand
                0x00c6d9f8                srand
                0x00c6d9fc                strdup
                0x00c6da2c                time
                0x00c6da34                clock
                0x00c6da38                calloc
                0x00c6da70                realloc
                0x00c6dab4                strlcat
                0x00c6db04                strcat
 .text          0x00c6db20       0xe0 util.o
                0x00c6db20                util_atomic_inc
                0x00c6db54                util_atomic_dec
                0x00c6db88                bin_search
 .text          0x00c6dc00       0xa0 imath.o
                0x00c6dc00                powi
                0x00c6dc2c                log2i
                0x00c6dc44                log10i
                0x00c6dc68                log_length
 .text          0x00c6dca0       0x10 electronic_level.o
 .text          0x00c6dcb0       0x80 cfn.o
                0x00c6dcc4                get_htp
                0x00c6dcd0                set_htp
                0x00c6dce0                get_mlu
                0x00c6dcec                set_mlu
                0x00c6dcfc                cfn_get_af_button_assignment
                0x00c6dd08                cfn_set_af_button
                0x00c6dd18                get_alo
 .text          0x00c6dd30      0x110 gui.o
                0x00c6dd30                ml_gui_main_task
 .text          0x00c6de40      0x210 picstyle-noauto.o
                0x00c6def4                get_prop_picstyle_from_index
                0x00c6df9c                get_prop_picstyle_index
 .text          0x00c6e050      0xae0 exmem.o
                0x00c6e210                GetNumberOfChunks
                0x00c6e258                GetSizeOfMemorySuite
                0x00c6e2a0                GetSizeOfMemoryChunk
                0x00c6e2e8                _shoot_free_suite
                0x00c6e314                exmem_save_buffer
                0x00c6e394                exmem_clear
                0x00c6e3f8                _shoot_malloc_suite
                0x00c6e460                _shoot_malloc_suite_contig
                0x00c6e5c8                _shoot_malloc
                0x00c6e5f4                _shoot_free
                0x00c6e634                _shoot_get_free_space
                0x00c6e650                _srm_malloc_suite
                0x00c6e7f4                _srm_free_suite
                0x00c6e894                _srm_free
                0x00c6e91c                _srm_malloc
                0x00c6ea4c                _srm_get_max_region
                0x00c6ea84                _srm_get_free_space
 .text          0x00c6eb30     0x19c0 bmp.o
                0x00c6ecbc                BMP_VRAM_START
                0x00c6ed50                bmp_vram_real
                0x00c6ed70                bmp_vram_idle
                0x00c6ed80                bmp_draw_to_idle
                0x00c6ed90                bmp_vram
                0x00c6edac                bmp_idle_copy
                0x00c6eea8                bmp_putpixel_fast
                0x00c6eeb8                bmp_puts
                0x00c6ef64                bmp_printf
                0x00c6efb8                big_bmp_printf
                0x00c6f038                bmp_string_width
                0x00c6f058                bmp_strlen_clipped
                0x00c6f078                bmp_fill
                0x00c6f138                bmp_load_ram
                0x00c6f468                bmp_load
                0x00c6f524                clrscr
                0x00c6f568                bmp_getpixel
                0x00c6f5dc                bmp_putpixel
                0x00c6f644                bmp_draw_rect
                0x00c6f6e4                bmp_draw_rect_chamfer
                0x00c6f890                bmp_draw_request_stop
                0x00c6f8a4                bmp_draw_scaled_ex
                0x00c6fe8c                bfnt_draw_char
                0x00c6ffdc                bfnt_char_get_width
                0x00c70024                bmp_flip
                0x00c7015c                bmp_flip_ex
                0x00c702f0                bmp_is_on
                0x00c70308                bmp_on
                0x00c70334                bmp_off
                0x00c7038c                bmp_mute_flag_reset
                0x00c703a4                bmp_zoom
 .text          0x00c704f0      0xef0 rbf_font.o
                0x00c709ac                font_by_name
                0x00c70cd0                rbf_str_width
                0x00c70d1c                rbf_str_clipped_width
                0x00c70d50                rbf_strlen_clipped
                0x00c70d8c                rbf_draw_string
                0x00c71288                _load_fonts
 .text          0x00c713e0     0x11f0 config.o
                0x00c71b60                config_save_file
                0x00c71ce0                config_flag_file_setting_load
                0x00c71cfc                config_flag_file_setting_save
                0x00c71d90                config_parse_file
                0x00c71e88                get_config_var
                0x00c71ea8                set_config_var
                0x00c71ec0                set_config_var_ptr
                0x00c71f00                config_var_was_changed
                0x00c71f28                config_var_restore_default
                0x00c71f48                module_config_load
                0x00c71fa4                module_config_save
                0x00c720c8                get_config_dir
                0x00c720d4                get_config_preset_name
                0x00c720e4                handle_select_config_file_by_key_at_startup
                0x00c72148                config_load
                0x00c724f4                config_save
                0x00c72578                config_save_at_shutdown
 .text          0x00c725d0      0x390 stdio.o
                0x00c725d0                my_fprintf
                0x00c7262c                streq
                0x00c72670                toupper
                0x00c72680                tolower
                0x00c72690                __errno
                0x00c7269c                islower
                0x00c726b0                isupper
                0x00c726c4                isalpha
                0x00c726dc                isdigit
                0x00c726f0                isxdigit
                0x00c72710                isalnum
                0x00c72740                ispunct
                0x00c72760                isgraph
                0x00c72790                isspace
                0x00c727b0                iscntrl
                0x00c727d0                snprintf
                0x00c727fc                memset64
                0x00c72898                memcpy64
 .text          0x00c72960      0xe00 bitrate.o
                0x00c7315c                hibr_should_record_wav
                0x00c73164                bitrate_mvr_log
                0x00c7320c                time_indicator_show
                0x00c73328                is_mvr_buffer_almost_full
                0x00c73410                show_mvr_buffer_status
                0x00c73570                movie_indicators_show
 .text          0x00c73760      0x690 lcdsensor.o
                0x00c7395c                get_lcd_sensor_shortcuts
                0x00c7398c                display_lcd_remote_icon
                0x00c73c64                lcd_release_display
                0x00c73cc4                lcd_release_step
 .text          0x00c73df0     0x4510 tweaks.o
                0x00c74aac                get_expsim
                0x00c74c2c                set_expsim
                0x00c74c84                set_backlight_level
                0x00c74cb4                afframe_set_dirty
                0x00c74cc8                afframe_clr_dirty
                0x00c74cdc                clear_lv_afframe
                0x00c74f68                clear_lv_afframe_if_dirty
                0x00c74fd4                is_pure_play_photo_mode
                0x00c760fc                is_pure_play_movie_mode
                0x00c76148                is_pure_play_photo_or_movie_mode
                0x00c76170                is_play_or_qr_mode
                0x00c761a8                is_play_mode
                0x00c761dc                is_menu_mode
                0x00c76210                handle_set_wheel_play
                0x00c76450                handle_fast_zoom_box
                0x00c7651c                handle_fast_zoom_in_play_mode
                0x00c76640                handle_push_wb
                0x00c76664                handle_arrow_keys
                0x00c76bb8                arrow_keys_shortcuts_active
                0x00c76bfc                display_shortcut_key_hints_lv
                0x00c7724c                handle_upside_down
                0x00c77334                alter_bitmap_palette_entry
                0x00c77424                anamorphic_squeeze_bmp_y
                0x00c77528                defish_draw_play
                0x00c77954                display_filter_get_buffers
                0x00c77c2c                display_filter_enabled
                0x00c77cd0                display_filter_lv_vsync
                0x00c77d28                display_filter_step
 .text          0x00c78300        0x0 tweaks-eyefi.o
 .text          0x00c78300     0x4c10 lens.o
                0x00c79358                lens_format_dist
                0x00c794a4                should_draw_bottom_bar
                0x00c7950c                raw2shutter_ms
                0x00c79560                shutter_ms_to_raw
                0x00c795ac                shutterf_to_raw
                0x00c795f8                raw2shutterf
                0x00c79638                expo_value_rounding_ok
                0x00c79690                round_shutter
                0x00c79744                round_aperture
                0x00c79834                round_expo_comp
                0x00c798c0                lens_set_ae
                0x00c79908                round_flash_expo_comp
                0x00c79994                lens_set_flash_ae
                0x00c799dc                get_shootmode_name
                0x00c79bcc                get_shootmode_name_short
                0x00c79df8                get_ml_topbar_pos
                0x00c79ecc                get_ml_bottombar_pos
                0x00c79f6c                draw_ml_bottombar
                0x00c79f8c                lens_format_shutter_reciprocal
                0x00c7a204                lens_format_shutter
                0x00c7a3a8                free_space_show_photomode
                0x00c7a424                draw_ml_topbar
                0x00c7a444                update_lens_display
                0x00c7a468                lens_focus
                0x00c7a648                mlu_lock_mirror_if_needed
                0x00c7a76c                raw2index_iso
                0x00c7a7a0                raw2iso
                0x00c7ab88                val2raw_iso
                0x00c7abcc                raw2index_shutter
                0x00c7ac00                val2raw_shutter
                0x00c7ac3c                raw2index_aperture
                0x00c7ac70                lens_format_aperture
                0x00c7ad6c                val2raw_aperture
                0x00c7adac                lens_set_custom_wb_gains
                0x00c7ae50                lens_set_kelvin
                0x00c7af60                lens_set_kelvin_value_only
                0x00c7b008                split_iso
                0x00c7b060                iso_components_update
                0x00c7b350                iso_auto_restore_hack
                0x00c7b60c                job_state_ready_to_take_pic
                0x00c7b644                lens_wait_readytotakepic
                0x00c7b750                assign_af_button_to_halfshutter
                0x00c7b7b0                assign_af_button_to_star_button
                0x00c7b810                lens_setup_af
                0x00c7b880                restore_af_button_assignment
                0x00c7b8e8                restore_af_button_assignment_at_shutdown
                0x00c7b924                lens_cleanup_af
                0x00c7b928                lens_take_picture
                0x00c7bd60                crop_factor_menu_init
                0x00c7bda8                lens_get_contrast
                0x00c7bdd4                lens_get_sharpness
                0x00c7be00                lens_get_saturation
                0x00c7be2c                lens_get_color_tone
                0x00c7c2f0                lens_get_from_other_picstyle_contrast
                0x00c7c308                lens_get_from_other_picstyle_sharpness
                0x00c7c320                lens_get_from_other_picstyle_saturation
                0x00c7c338                lens_get_from_other_picstyle_color_tone
                0x00c7c350                lens_set_contrast
                0x00c7c394                lens_set_sharpness
                0x00c7c3d4                lens_set_saturation
                0x00c7c414                lens_set_color_tone
                0x00c7c454                SW1
                0x00c7c490                SW2
                0x00c7c4cc                expo_override_active
                0x00c7c4fc                bv_update_lensinfo
                0x00c7c560                bv_apply_tv
                0x00c7c5b4                bv_apply_av
                0x00c7c604                bv_apply_iso
                0x00c7c7c0                bv_set_rawshutter
                0x00c7c828                bv_set_rawiso
                0x00c7c88c                bv_set_rawaperture
                0x00c7c8d8                bv_auto_update
                0x00c7cabc                lens_set_rawaperture
                0x00c7cafc                lens_set_rawiso
                0x00c7cb3c                lens_set_rawshutter
                0x00c7cc64                lens_set_drivemode
                0x00c7cc9c                lens_set_wbs_gm
                0x00c7ccd0                lens_set_wbs_ba
                0x00c7cd04                hdr_set_rawiso
                0x00c7cd14                hdr_set_rawshutter
                0x00c7cd48                hdr_set_rawaperture
                0x00c7cd9c                hdr_set_ae
                0x00c7cdd4                hdr_set_flash_ae
                0x00c7ce08                get_max_analog_iso
                0x00c7ce10                get_max_ae_ev
                0x00c7ce18                get_ae_value
                0x00c7ce28                get_bv
                0x00c7cef8                get_ae_state
 .text          0x00c7cf10      0x480 property.o
                0x00c7cfec                prop_add_handler
                0x00c7d080                prop_add_internal_handlers
                0x00c7d0bc                prop_reset_registration
                0x00c7d0f4                prop_init
                0x00c7d0f8                prop_update_registration
                0x00c7d110                prop_request_change
                0x00c7d2a4                prop_request_change_wait
 .text          0x00c7d390      0x960 propvalues.o
                0x00c7d7d8                is_camera
                0x00c7d838                is_movie_mode
                0x00c7d854                set_recording_custom
                0x00c7d864                get_video_mode_name
                0x00c7dbcc                get_display_device_name
 .text          0x00c7dcf0      0x780 gui-common.o
                0x00c7dcf4                is_canon_bottom_bar_dirty
                0x00c7dd04                get_last_time_active
                0x00c7dd14                handle_other_events
                0x00c7de4c                handle_common_events_startup
                0x00c7dec8                reset_pre_shutdown_flag_step
                0x00c7df10                check_pre_shutdown_flag
                0x00c7df64                handle_scrollwheel_fast_clicks
                0x00c7dfc0                handle_flexinfo_keys
                0x00c7dfc8                handle_common_events_by_feature
                0x00c7e2b4                detect_double_click
                0x00c7e398                get_info_button_name
                0x00c7e3a4                gui_uilock
                0x00c7e3f8                ui_lock
                0x00c7e3fc                fake_simple_button
                0x00c7e43c                display_is_on
                0x00c7e440                delayed_call
                0x00c7e44c                redraw_after
                0x00c7e45c                get_gui_mode
 .text          0x00c7e470      0x3a0 chdk-gui_draw.o
                0x00c7e470                draw_line
                0x00c7e564                draw_circle
                0x00c7e6a4                fill_circle
                0x00c7e764                draw_angled_line
 .text          0x00c7e810     0x11b0 movtweaks.o
                0x00c7e978                save_kelvin_wb
                0x00c7e9b4                restore_kelvin_wb
                0x00c7ea10                kelvin_wb_workaround_step
                0x00c7ea40                set_shooting_mode
                0x00c7eaa8                force_liveview
                0x00c7eb74                close_liveview
                0x00c7ebac                movtweak_task_init
                0x00c7ec24                movtweak_step
                0x00c7ef68                get_screen_layout_ptr
                0x00c7efb0                get_screen_layout
                0x00c7f000                screen_layout_update
                0x00c7f01c                screen_layout_toggle
                0x00c7f050                rec_notify_continuous
                0x00c7f2b0                rec_notify_trigger
                0x00c7f32c                bv_enable
                0x00c7f448                bv_disable
                0x00c7f4dc                bv_toggle
                0x00c7f514                smooth_iso_step
                0x00c7f9a8                movie_tweak_menu_init
 .text          0x00c7f9c0      0x5b0 menuhelp.o
                0x00c7f9c0                draw_beta_warning
                0x00c7fad0                draw_404_page
                0x00c7fba0                draw_help_not_installed_page
                0x00c7fc28                menu_help_show_page
                0x00c7fd24                menu_help_redraw
                0x00c7fd58                menu_help_next_page
                0x00c7fd98                menu_help_prev_page
                0x00c7fddc                menu_help_go_to_page
                0x00c7fdfc                str_make_lowercase
                0x00c7fe20                menu_help_go_to_label
 .text          0x00c7ff70       0x30 menuindex.o
 .text          0x00c7ffa0      0x5c0 af_patterns.o
                0x00c801f4                get_af_point
                0x00c80204                set_af_point
                0x00c803bc                handle_af_patterns
                0x00c80470                play_zoom_center_on_selected_af_point
                0x00c8053c                afp_menu_init
 .text          0x00c80560     0x1c90 focus.o
                0x00c80ef8                reset_override_zoom_buttons
                0x00c80f0c                LensFocus
                0x00c80f2c                LensFocus2
                0x00c810d8                get_follow_focus_mode
                0x00c810e8                get_follow_focus_dir_v
                0x00c81104                get_follow_focus_dir_h
                0x00c81120                focus_calc_dof
                0x00c81400                focus_dist_update
                0x00c81584                is_focus_stack_enabled
                0x00c815ac                is_rack_focus_enabled
                0x00c815c4                rack_focus_start_now
                0x00c815e4                lens_focus_start
                0x00c81604                lens_focus_enqueue_step
                0x00c81638                lens_focus_stop
                0x00c8164c                get_focus_confirmation
                0x00c81658                is_manual_focus
                0x00c81678                should_override_zoom_buttons
                0x00c816bc                is_follow_focus_active
                0x00c81874                focus_stack_run
                0x00c81bbc                can_lv_trap_focus_be_active
                0x00c81c34                get_focus_graph
                0x00c81c94                get_lv_focus_confirmation
                0x00c81f18                handle_trap_focus
                0x00c81f74                handle_follow_focus_save_restore
                0x00c8203c                handle_rack_focus_menu_overrides
                0x00c82138                handle_follow_focus
 .text          0x00c821f0      0x1e0 notify_box.o
                0x00c8230c                NotifyBoxHide
                0x00c82320                NotifyBox
 .text          0x00c823d0      0x260 bootflags.o
                0x00c82410                bootflag_write_bootblock
 .text          0x00c82630       0xc0 dialog_test.o
                0x00c82630                get_current_dialog_handler
                0x00c82654                canon_gui_disable_front_buffer
                0x00c8268c                canon_gui_enable_front_buffer
                0x00c826d8                canon_gui_front_buffer_disabled
 .text          0x00c826f0      0x960 vram.o
                0x00c82760                vram_params_set_dirty
                0x00c827d0                _update_vram_params
                0x00c82dc0                yuv422_buffer_check
                0x00c82de8                get_lcd_422_buf
                0x00c82e3c                guess_fastrefresh_direction
                0x00c82ea8                get_fastrefresh_422_buf
                0x00c82f30                get_yuv422_vram
                0x00c82fd8                get_yuv422_hd_vram
                0x00c8301c                vram_clear_lv
 .text          0x00c83050      0x4e0 greenscreen.o
                0x00c83050                green_screen_step
 .text          0x00c83530     0x23c0 fps-engio.o
                0x00c84000                EngDrvOutLV
                0x00c844e4                fps_should_record_wav
                0x00c844ec                get_current_tg_freq
                0x00c846e8                get_max_shutter_timer
                0x00c8471c                get_shutter_speed_us_from_timer
                0x00c84758                get_current_shutter_reciprocal_x1000
                0x00c847a0                fps_get_shutter_speed_shift
                0x00c84854                was_sound_recording_disabled_by_fps_override
                0x00c8486c                fps_get_current_x1000
                0x00c8545c                fps_mvr_log
                0x00c854c0                handle_fps_events
                0x00c85598                fps_get_iso_correction_evx8
                0x00c8565c                fps_expo_iso_step
                0x00c85898                get_frame_iso
                0x00c858a8                set_frame_iso
                0x00c858bc                can_set_frame_iso
                0x00c858c4                get_frame_shutter_timer
                0x00c858d4                set_frame_shutter_timer
                0x00c858d8                set_frame_shutter
                0x00c858dc                can_set_frame_shutter_timer
 .text          0x00c858f0     0x8eb0 shoot.o
                0x00c8599c                is_native_iso
                0x00c859f4                kelvin_n_gm_auto
                0x00c85fec                iso_toggle
                0x00c86154                shutter_toggle
                0x00c86208                kelvin_toggle
                0x00c877f8                aperture_toggle
                0x00c88014                display_idle
                0x00c8809c                uniwb_is_active
                0x00c88394                is_hdr_bracketing_enabled
                0x00c88628                is_intervalometer_running
                0x00c88638                get_interval_count
                0x00c88648                get_interval_time
                0x00c88658                set_interval_time
                0x00c88668                format_time_hours_minutes_seconds
                0x00c88768                get_bulb_shutter_raw_equiv
                0x00c88784                get_seconds_clock
                0x00c88794                get_ms_clock_value
                0x00c887ac                get_us_clock_value
                0x00c887c4                get_ms_clock_value_fast
                0x00c887d4                should_run_polling_action
                0x00c88800                get_trap_focus
                0x00c88810                set_flash_firing
                0x00c88850                get_afframe_pos
                0x00c888d0                get_afframe_sensor_res
                0x00c888f8                set_lv_zoom
                0x00c889b0                get_mlu_delay
                0x00c88a28                focus_box_get_raw_crop_offset
                0x00c88b94                center_lv_afframe
                0x00c88ba8                move_lv_afframe
                0x00c88d34                center_lv_afframe_do
                0x00c89098                handle_lv_afframe_workaround
                0x00c89128                next_image_in_play_mode
                0x00c89198                expfuse_preview_update_task
                0x00c8930c                playback_compare_images
                0x00c89338                expfuse_preview_update
                0x00c89364                expo_adjust_playback
                0x00c8959c                ensure_movie_mode
                0x00c895f8                ensure_photo_mode
                0x00c89630                is_lowgain_iso
                0x00c8967c                is_round_iso
                0x00c896c8                get_picstyle_name
                0x00c89aa4                get_picstyle_shortname
                0x00c89bb0                mvr_rec_start_shoot
                0x00c89c8c                zoom_focus_ring_trigger
                0x00c89d08                zoom_focus_ring_engage
                0x00c89da8                handle_zoom_x5_x10
                0x00c89e68                zoom_sharpen_step
                0x00c89fc4                is_bulb_mode
                0x00c8a00c                handle_mlu_handheld
                0x00c8a980                ensure_bulb_mode
                0x00c8aa14                set_drive_single
                0x00c8aa44                bulb_take_pic
                0x00c8ad10                expo_lock_update_value
                0x00c8ad28                handle_expo_preset
                0x00c8af10                hdr_flag_picture_was_taken
                0x00c8af24                hdr_script_get_first_file_number
                0x00c8af60                hdr_create_script
                0x00c8b350                interval_create_script
                0x00c8b5d8                take_a_pic
                0x00c8b9b4                movie_start
                0x00c8ba6c                movie_end
                0x00c8bb58                schedule_remote_shot
                0x00c8bb6c                schedule_movie_start
                0x00c8bb80                schedule_movie_end
                0x00c8bb94                exit_play_qr_mode
                0x00c8bc30                enter_play_mode
                0x00c8bcc8                playback_compare_images_task
                0x00c8c018                hdr_shot
                0x00c8c468                display_trap_focus_info
                0x00c8c624                display_shooting_info_lv
                0x00c8c734                intervalometer_stop
                0x00c8c7a0                handle_intervalometer
                0x00c8c7e0                wait_till_next_second
                0x00c8c80c                is_continuous_drive
                0x00c8c828                take_fast_pictures
                0x00c8c944                remote_shot
                0x00c8e6b0                shoot_task_redraw
                0x00c8e6cc                iso_refresh_display
 .text          0x00c8e7a0      0x600 hdr.o
                0x00c8e844                hdr_video_enabled
                0x00c8e864                hdr_get_iso_range
                0x00c8e898                hdr_step
                0x00c8e9ec                hdr_kill_flicker
                0x00c8ead0                get_effective_hdr_iso_for_display
                0x00c8eccc                hdr_mvr_log
 .text          0x00c8eda0      0xd10 lv-img-engio.o
                0x00c8f314                get_digic_iso_gain_movie
                0x00c8f32c                get_digic_iso_gain_photo
                0x00c8f344                set_display_gain_equiv
                0x00c8f370                set_movie_digital_iso_gain
                0x00c8f388                set_movie_digital_iso_gain_for_gradual_expo
                0x00c8f398                set_photo_digital_iso_gain_for_bv
                0x00c8f3a8                gain_to_ev_scaled
                0x00c8f3ec                digic_iso_print_movie
                0x00c8f4ac                display_gain_print
                0x00c8f4fc                digic_iso_or_gain_toggle
                0x00c8f58c                digic_iso_toggle_movie
                0x00c8f598                digic_iso_toggle
                0x00c8f5c8                display_gain_toggle
                0x00c8f5d4                vignetting_correction_apply_regs
                0x00c8f690                image_effects_step
                0x00c8f880                digic_iso_step
 .text          0x00c8fab0      0x2c0 state-object.o
                0x00c8fcc0                wait_lv_frames
                0x00c8fd5c                get_display_is_on_550D
 .text          0x00c8fd70      0x6e0 tasks.o
                0x00c8fdb4                get_current_task_name
                0x00c8fe34                get_task_name_from_id
                0x00c8fe80                task_update_loads
                0x00c900c8                tasks_toggle_flags
                0x00c900dc                tasks_print
 .text          0x00c90450       0x60 vsync-lite.o
                0x00c90474                lv_vsync_signal
                0x00c90488                lv_vsync
 .text          0x00c904b0      0x5e0 tskmon.o
                0x00c904b0                tskmon_trace_thread
                0x00c90650                tskmon_update_loads
                0x00c907a4                tskmon_stack_check
                0x00c907c0                tskmon_stack_check_all
                0x00c907e4                tskmon_stack_get_max
                0x00c90808                tskmon_task_dispatch
                0x00c90a14                tskmon_init
                0x00c90a54                tskmon_trace
 .text          0x00c90a90        0x0 battery.o
 .text          0x00c90a90      0x7d0 imgconv.o
                0x00c90b60                precompute_yuv2rgb
                0x00c90c04                yuv2rgb
                0x00c90c88                rgb2yuv422_rec709
                0x00c90d48                rgb2yuv422_rec601
                0x00c90e18                rgb2yuv422
                0x00c90e1c                uyvy_split
                0x00c90e4c                yuv_resize
                0x00c90f00                yuv_halfcopy
                0x00c90f9c                yuv411_to_422
                0x00c91000                yuv411_to_rgb
                0x00c91130                yuvcpy_main
                0x00c9119c                little_cleanup
                0x00c91220                yuv422_get_pixel
 .text          0x00c91260     0x19d0 histogram.o
                0x00c91828                hist_build_raw
                0x00c91c40                raw_histo_update
                0x00c91cfc                hist_draw_image
                0x00c924b0                hist_print
                0x00c925c0                hist_warn_display
                0x00c92644                raw_hist_get_percentile_levels
                0x00c92ab0                raw_hist_get_percentile_level
                0x00c92ae0                raw_hist_get_overexposure_percentage
 .text          0x00c92c30      0x400 falsecolor.o
                0x00c92c30                falsecolor_value_ex
                0x00c92c44                falsecolor_value
                0x00c92c64                falsecolor_fordraw
                0x00c92c90                draw_false_downsampled
                0x00c92eb8                falsecolor_palette_name
                0x00c92f44                falsecolor_palette_preview
                0x00c92fac                falsecolor_display
                0x00c92fe0                falsecolor_display_palette
 .text          0x00c93030     0x1110 audio-ak.o
                0x00c933d8                sound_recording_enabled_canon
                0x00c933f0                sound_recording_enabled
                0x00c934d8                get_audio_levels
                0x00c934e4                audio_level_to_db
                0x00c939ec                audio_meters_are_drawn
                0x00c939f0                audio_configure
                0x00c93d98                input_toggle
                0x00c93fc8                volume_up
                0x00c94040                volume_down
                0x00c940b0                out_volume_up
                0x00c940e4                out_volume_down
                0x00c94118                mic_out
 .text          0x00c94140     0x83a0 zebra.o
                0x00c95434                get_y_skip_offset_for_overlays
                0x00c95500                get_y_skip_offset_for_histogram
                0x00c9555c                lv_luma_is_accurate
                0x00c957c8                focus_peaking_as_display_filter
                0x00c957d0                histogram_or_small_waveform_enabled
                0x00c95848                get_bvram_mirror
                0x00c963a4                crop_set_dirty
                0x00c963fc                set_movie_cropmarks
                0x00c96494                reset_movie_cropmarks
                0x00c964ac                get_global_draw
                0x00c965c4                get_zoom_overlay_trigger_mode
                0x00c965f4                get_zoom_overlay_trigger_by_focus_ring
                0x00c96ce8                cropmark_clear_cache
                0x00c97b8c                get_global_draw_setting
                0x00c97b9c                zebra_highlight_raw_advanced
                0x00c97f34                get_under_and_over_exposure
                0x00c980a8                bvram_mirror_init
                0x00c98120                get_spot_yuv_ex
                0x00c982fc                get_spot_yuv
                0x00c9832c                get_spot_motion
                0x00c985f0                get_spot_focus
                0x00c98708                spotmeter_erase
                0x00c98818                handle_zoom_overlay
                0x00c98968                zoom_overlay_disable
                0x00c98980                zoom_overlay_set_countdown
                0x00c98990                liveview_display_idle
                0x00c98a5c                zebra_should_run
                0x00c98af0                should_draw_zoom_overlay
                0x00c98c14                digic_zoom_overlay_enabled
                0x00c994f4                nondigic_zoom_overlay_enabled
                0x00c99c60                should_draw_bottom_graphs
                0x00c99cb4                draw_histogram_and_waveform
                0x00c9a6f0                redraw
                0x00c9a77c                handle_transparent_overlay
                0x00c9a8d4                digic_zoom_overlay_step
                0x00c9adf4                lens_display_set_dirty
                0x00c9ae1c                _redraw_do
                0x00c9aef8                is_focus_peaking_enabled
                0x00c9af74                update_disp_mode_bits_from_params
                0x00c9c104                update_disp_mode_params_from_bits
                0x00c9c1ec                get_disp_mode
                0x00c9c1fc                toggle_disp_mode
                0x00c9c2e0                handle_disp_preset_key
                0x00c9c398                handle_overlays_playback
                0x00c9c43c                peaking_benchmark
 .text          0x00c9c4e0      0x5d0 vectorscope.o
                0x00c9c684                vectorscope_addpixel
                0x00c9c7a4                vectorscope_should_draw
                0x00c9c7b4                vectorscope_request_draw
                0x00c9c7c4                vectorscope_start
                0x00c9c800                vectorscope_redraw
 .text          0x00c9cab0      0x7e0 beep.o
                0x00c9d0e8                unsafe_beep
                0x00c9d144                beep
                0x00c9d15c                beep_times
                0x00c9d1d8                beep_custom
                0x00c9d284                WAV_StartRecord
                0x00c9d288                WAV_StopRecord
 .text          0x00c9d290        0x0 crop-mode-hack.o
 .text          0x00c9d290       0x40 ph_info_disp.o
                0x00c9d290                display_shooting_info
 .text          0x00c9d2d0     0x17f0 flexinfo.o
                0x00c9d390                info_trim_string
                0x00c9d40c                info_get_cardmaker
                0x00c9d414                info_get_cardmodel
                0x00c9d41c                info_get_cardlabel
                0x00c9d424                info_get_string
                0x00c9e15c                info_measure_string
                0x00c9e1ec                info_get_anchor_offset
                0x00c9e24c                info_get_by_name
                0x00c9e290                info_get_absolute
                0x00c9e3a4                info_resolve_color
                0x00c9e414                info_print_string
                0x00c9e544                info_print_text
                0x00c9e654                info_print_fill
                0x00c9e6b4                info_print_icon
                0x00c9e6d0                info_print_battery_perf
                0x00c9e73c                info_print_battery_icon
                0x00c9e768                info_get_next_z
                0x00c9e7a8                info_print_element
                0x00c9e848                info_print_config
                0x00c9e934                info_print_screen
                0x00c9e9c0                info_add_item
                0x00c9ea64                info_free_item
 .text          0x00c9eac0      0x410 screenshot.o
                0x00c9eac0                take_screenshot
 .text          0x00c9eed0      0x1d0 fileprefix.o
                0x00c9ef04                get_file_prefix
                0x00c9ef10                file_prefix_set
                0x00c9f00c                file_prefix_reset
 .text          0x00c9f0a0      0xc70 lvinfo.o
                0x00c9fa58                lvinfo_add_items
                0x00c9fad8                lvinfo_add_item
                0x00c9fae0                lvinfo_display
 .text          0x00c9fd10      0x320 builtin-enforcing.o
                0x00c9fd10                unused_dummy_func
 .text          0x00ca0030      0xc90 powersave.o
                0x00ca0058                idle_globaldraw_dis
                0x00ca0070                idle_globaldraw_en
                0x00ca02a0                powersave_prolong
                0x00ca02c8                powersave_prohibit
                0x00ca02f0                powersave_permit
                0x00ca0318                PauseLiveView
                0x00ca042c                display_on
                0x00ca0434                display_off
                0x00ca0518                idle_led_blink_step
                0x00ca05cc                idle_is_powersave_enabled
                0x00ca0604                idle_is_powersave_enabled_on_info_disp_key
                0x00ca062c                idle_is_powersave_active
                0x00ca069c                idle_force_powersave_in_1s
                0x00ca06d8                idle_force_powersave_now
                0x00ca0714                handle_powersave_key
                0x00ca07ac                idle_wakeup_reset_counters
                0x00ca0874                ResumeLiveView
                0x00ca0ad8                idle_powersave_step
 .text          0x00ca0cc0      0x630 ml-cbr.o
                0x00ca0d94                ml_register_cbr
                0x00ca0f78                ml_unregister_cbr
                0x00ca105c                ml_notify_cbr
                0x00ca111c                debug_cbr_tree
                0x00ca11ac                _ml_cbr_init
 .text          0x00ca12f0     0x2a60 raw.o
                0x00ca1314                raw_red_pixel
                0x00ca1354                raw_green_pixel
                0x00ca1398                raw_blue_pixel
                0x00ca13e0                raw_red_pixel_dark
                0x00ca1448                raw_green_pixel_dark
                0x00ca14b8                raw_blue_pixel_dark
                0x00ca152c                raw_red_pixel_bright
                0x00ca1594                raw_green_pixel_bright
                0x00ca1604                raw_blue_pixel_bright
                0x00ca214c                raw_set_dirty
                0x00ca2160                raw_set_preview_rect
                0x00ca2248                raw_set_geometry
                0x00ca238c                raw_get_pixel
                0x00ca275c                raw_get_pixel_ex
                0x00ca2890                raw_set_pixel
                0x00ca2a60                raw_get_gray_pixel
                0x00ca2c7c                raw_to_ev
                0x00ca2d84                ev_to_raw
                0x00ca2dec                raw_lv_redirect_edmac
                0x00ca2e00                raw_lv_settings_still_valid
                0x00ca2e68                raw_preview_fast_ex
                0x00ca2f28                raw_preview_fast
                0x00ca2f50                raw_lv_is_enabled
                0x00ca2f60                raw_force_aspect_ratio_1to1
                0x00ca3040                get_dxo_dynamic_range
                0x00ca30dc                can_use_raw_overlays_photo
                0x00ca39cc                raw_update_params
                0x00ca3ad8                raw_lv_request
                0x00ca3b64                raw_lv_release
                0x00ca3bc4                can_use_raw_overlays
                0x00ca3c58                can_use_raw_overlays_menu
                0x00ca3ccc                menu_set_warning_raw
                0x00ca3d20                menu_checkdep_raw
 .text          0x00ca3d50     0x1490 chdk-dng.o
                0x00ca4bac                reverse_bytes_order
                0x00ca4c74                dng_set_thumbnail_size
                0x00ca4c88                dng_set_camname
                0x00ca4c9c                dng_set_camserial
                0x00ca4cb0                dng_set_description
                0x00ca4cc4                dng_set_lensmodel
                0x00ca4cd8                dng_set_focal
                0x00ca4cec                dng_set_aperture
                0x00ca4d00                dng_set_shutter
                0x00ca4d14                dng_set_framerate
                0x00ca4d2c                dng_set_framerate_rational
                0x00ca4d40                dng_set_iso
                0x00ca4d54                dng_set_wbgain
                0x00ca4d80                dng_set_datetime
                0x00ca4db8                save_dng
 .text          0x00ca51e0      0x750 edmac-memcpy.o
                0x00ca52d4                edmac_memcpy_res_lock
                0x00ca530c                edmac_memcpy_res_unlock
                0x00ca531c                edmac_copy_rectangle_cbr_start
                0x00ca5554                edmac_copy_rectangle_adv_cleanup
                0x00ca55a4                edmac_copy_rectangle_adv_finish
                0x00ca55dc                edmac_copy_rectangle_adv_start
                0x00ca5640                edmac_copy_rectangle_adv
                0x00ca5694                edmac_copy_rectangle
                0x00ca56cc                edmac_copy_rectangle_start
                0x00ca5704                edmac_copy_rectangle_finish
                0x00ca5708                edmac_memset
                0x00ca57dc                edmac_find_divider
                0x00ca5864                edmac_memcpy_start
                0x00ca5914                edmac_memcpy_finish
                0x00ca5918                edmac_memcpy
 .text          0x00ca5930      0x810 console.o
                0x00ca5de0                console_show
                0x00ca5df4                console_hide
                0x00ca5e1c                console_toggle
                0x00ca5e38                console_clear
                0x00ca5e5c                console_puts
                0x00ca6098                console_draw_from_menu
                0x00ca60b4                printf
                0x00ca6124                puts
 .text          0x00ca6140      0x180 tcc-glue.o
                0x00ca6140                _tcc_exit
                0x00ca6164                _tcc_open
                0x00ca6228                _tcc_read
                0x00ca6270                _tcc_close
                0x00ca6280                _tcc_lseek
 .text          0x00ca62c0     0x4260 ../../tcc/libtccx.o
                0x00ca6f0c                tcc_delete
                0x00ca731c                tcc_add_file
                0x00ca74bc                tcc_add_symbol
                0x00ca7628                tcc_new
                0x00ca7868                tcc_set_options
                0x00ca865c                tcc_get_symbol
                0x00caa128                tcc_load_offline_section
                0x00caa410                tcc_relocate
 .text          0x00caa520     0x2640 module.o
                0x00cab5bc                module_load
                0x00cab644                module_get_symbol
                0x00cab650                module_exec
                0x00cab7ec                module_unload
                0x00cab7fc                module_exec_cbr
                0x00cab87c                module_translate_key
                0x00cabbc4                module_send_keypress
                0x00cabbdc                handle_module_keys
                0x00cabcac                module_display_filter_enabled
                0x00cabd24                module_display_filter_update
                0x00cabdc8                module_get_string
                0x00cac898                module_get_name
                0x00cac8b4                module_get_next_loaded
                0x00cac900                module_get_config_var
                0x00cac978                module_config_var_lookup
                0x00cac9ec                module_save_configs
                0x00caca90                module_shutdown
 .text          0x00cacb60       0xf0 liveview.o
                0x00cacbe4                reloc_liveviewapp_install
                0x00cacc18                reloc_liveviewapp_uninstall
 .text          0x00cacc50      0x170 reloc.o
                0x00cacc50                reloc
 .text          0x00cacdc0       0x28 dietlibc.a(strrchr.o)
                0x00cacdc0                strrchr
                0x00cacdc0                rindex
 .text          0x00cacde8       0x20 dietlibc.a(strncpy.o)
                0x00cacde8                strncpy
 .text          0x00cace08       0x1c dietlibc.a(strlen.o)
                0x00cace08                strlen
 .text          0x00cace24       0x38 dietlibc.a(strncmp.o)
                0x00cace24                strncmp
 .text          0x00cace5c       0x1c dietlibc.a(strcpy.o)
                0x00cace5c                strcpy
 .text          0x00cace78       0x30 dietlibc.a(strcmp.o)
                0x00cace78                strcoll
                0x00cace78                strcmp
 .text          0x00cacea8       0x44 dietlibc.a(strcasecmp.o)
                0x00cacea8                strcasecmp
 .text          0x00caceec      0x208 dietlibc.a(strtoull.o)
                0x00caceec                strtoumax
                0x00caceec                strtoull
                0x00caceec                strtouq
 .text          0x00cad0f4      0x19c dietlibc.a(strtoul.o)
                0x00cad0f4                strtoul
 .text          0x00cad290       0x2c dietlibc.a(strchr.o)
                0x00cad290                index
                0x00cad290                strchr
 .text          0x00cad2bc       0x8c dietlibc.a(strstr.o)
                0x00cad2bc                strstr
 .text          0x00cad348       0x38 dietlibc.a(memcmp.o)
                0x00cad348                bcmp
                0x00cad348                memcmp
 .text          0x00cad380       0x68 dietlibc.a(memmove.o)
                0x00cad380                memmove
 .text          0x00cad3e8       0x7c dietlibc.a(atol.o)
                0x00cad3e8                atol
                0x00cad3e8                atoi
 .text          0x00cad464        0x0 dietlibc.a(errno.o)
 .text          0x00cad464       0x2c newlib-libc.a(lib_a-setjmp.o)
                0x00cad464                setjmp
                0x00cad478                longjmp
 .text          0x00cad490      0x168 newlib-libc.a(lib_a-memcpy-stub.o)
                0x00cad490                memcpy
 .text          0x00cad5f8       0xac newlib-libc.a(lib_a-memccpy.o)
                0x00cad5f8                memccpy
 .text          0x00cad6a4      0x188 newlib-libc.a(lib_a-memset.o)
                0x00cad6a4                memset
 .text          0x00cad82c       0xd0 newlib-libm.a(lib_a-sf_ceil.o)
                0x00cad82c                ceilf
 .text          0x00cad8fc       0xa4 newlib-libm.a(lib_a-sf_cos.o)
                0x00cad8fc                cosf
 .text          0x00cad9a0       0x88 newlib-libm.a(lib_a-sf_frexp.o)
                0x00cad9a0                frexpf
 .text          0x00cada28       0x1c newlib-libm.a(lib_a-sf_log2.o)
                0x00cada28                log2f
 .text          0x00cada44       0x7c newlib-libm.a(lib_a-sf_round.o)
                0x00cada44                roundf
 .text          0x00cadac0       0xbc newlib-libm.a(lib_a-sf_sin.o)
                0x00cadac0                sinf
 .text          0x00cadb7c       0x74 newlib-libm.a(lib_a-sf_tan.o)
                0x00cadb7c                tanf
 .text          0x00cadbf0      0x10c newlib-libm.a(lib_a-wf_acos.o)
                0x00cadbf0                acosf
 .text          0x00cadcfc      0x10c newlib-libm.a(lib_a-wf_asin.o)
                0x00cadcfc                asinf
 .text          0x00cade08       0x10 newlib-libm.a(lib_a-wf_atan2.o)
                0x00cade08                atan2f
 .text          0x00cade18      0x178 newlib-libm.a(lib_a-wf_exp.o)
                0x00cade18                expf
 .text          0x00cadf90      0x13c newlib-libm.a(lib_a-wf_fmod.o)
                0x00cadf90                fmodf
 .text          0x00cae0cc      0x164 newlib-libm.a(lib_a-wf_log10.o)
                0x00cae0cc                log10f
 .text          0x00cae230      0x164 newlib-libm.a(lib_a-wf_log.o)
                0x00cae230                logf
 .text          0x00cae394      0x504 newlib-libm.a(lib_a-wf_pow.o)
                0x00cae394                powf
 .text          0x00cae898      0x11c newlib-libm.a(lib_a-wf_sqrt.o)
                0x00cae898                sqrtf
 .text          0x00cae9b4      0x3bc newlib-libm.a(lib_a-ef_acos.o)
                0x00cae9b4                __ieee754_acosf
 .text          0x00caed70      0x38c newlib-libm.a(lib_a-ef_asin.o)
                0x00caed70                __ieee754_asinf
 .text          0x00caf0fc      0x1b4 newlib-libm.a(lib_a-ef_atan2.o)
                0x00caf0fc                __ieee754_atan2f
 .text          0x00caf2b0      0x2b4 newlib-libm.a(lib_a-ef_exp.o)
                0x00caf2b0                __ieee754_expf
 .text          0x00caf564      0x18c newlib-libm.a(lib_a-ef_fmod.o)
                0x00caf564                __ieee754_fmodf
 .text          0x00caf6f0       0xf8 newlib-libm.a(lib_a-ef_log10.o)
                0x00caf6f0                __ieee754_log10f
 .text          0x00caf7e8      0x3b8 newlib-libm.a(lib_a-ef_log.o)
                0x00caf7e8                __ieee754_logf
 .text          0x00cafba0      0x998 newlib-libm.a(lib_a-ef_pow.o)
                0x00cafba0                __ieee754_powf
 .text          0x00cb0538      0x454 newlib-libm.a(lib_a-ef_rem_pio2.o)
                0x00cb0538                __ieee754_rem_pio2f
 .text          0x00cb098c      0x114 newlib-libm.a(lib_a-ef_sqrt.o)
                0x00cb098c                __ieee754_sqrtf
 .text          0x00cb0aa0      0x214 newlib-libm.a(lib_a-kf_cos.o)
                0x00cb0aa0                __kernel_cosf
 .text          0x00cb0cb4      0x950 newlib-libm.a(lib_a-kf_rem_pio2.o)
                0x00cb0cb4                __kernel_rem_pio2f
 .text          0x00cb1604      0x14c newlib-libm.a(lib_a-kf_sin.o)
                0x00cb1604                __kernel_sinf
 .text          0x00cb1750      0x360 newlib-libm.a(lib_a-kf_tan.o)
                0x00cb1750                __kernel_tanf
 .text          0x00cb1ab0      0x2fc newlib-libm.a(lib_a-sf_atan.o)
                0x00cb1ab0                atanf
 .text          0x00cb1dac        0x8 newlib-libm.a(lib_a-sf_fabs.o)
                0x00cb1dac                fabsf
 .text          0x00cb1db4       0x1c newlib-libm.a(lib_a-sf_finite.o)
                0x00cb1db4                finitef
 .text          0x00cb1dd0       0xd4 newlib-libm.a(lib_a-sf_floor.o)
                0x00cb1dd0                floorf
 .text          0x00cb1ea4       0x6c newlib-libm.a(lib_a-sf_fpclassify.o)
                0x00cb1ea4                __fpclassifyf
 .text          0x00cb1f10        0xc newlib-libm.a(lib_a-sf_nan.o)
                0x00cb1f10                nanf
 .text          0x00cb1f1c      0x11c newlib-libm.a(lib_a-sf_scalbn.o)
                0x00cb1f1c                scalbnf
 .text          0x00cb2038        0x0 newlib-libm.a(lib_a-s_lib_ver.o)
 .text          0x00cb2038        0x8 newlib-libm.a(lib_a-s_matherr.o)
                0x00cb2038                matherr
 .text          0x00cb2040       0x10 newlib-libm.a(lib_a-s_nan.o)
                0x00cb2040                nan
 .text          0x00cb2050      0x1a0 newlib-libm.a(lib_a-s_rint.o)
                0x00cb2050                rint
 .text          0x00cb21f0       0x10 newlib-libm.a(lib_a-sf_copysign.o)
                0x00cb21f0                copysignf
 .text          0x00cb2200      0x114 gcc-libgcc.a(_udivsi3.o)
                0x00cb2200                __udivsi3
                0x00cb2200                __aeabi_uidiv
                0x00cb22f4                __aeabi_uidivmod
 .text          0x00cb2314      0x148 gcc-libgcc.a(_divsi3.o)
                0x00cb2314                __aeabi_idiv
                0x00cb2314                __divsi3
                0x00cb243c                __aeabi_idivmod
 .text          0x00cb245c        0x4 gcc-libgcc.a(_dvmd_tls.o)
                0x00cb245c                __aeabi_ldiv0
                0x00cb245c                __aeabi_idiv0
 .text          0x00cb2460      0x41c gcc-libgcc.a(_arm_addsubdf3.o)
                0x00cb2460                __aeabi_drsub
                0x00cb2468                __aeabi_dsub
                0x00cb2468                __subdf3
                0x00cb246c                __adddf3
                0x00cb246c                __aeabi_dadd
                0x00cb277c                __aeabi_ui2d
                0x00cb277c                __floatunsidf
                0x00cb27a0                __floatsidf
                0x00cb27a0                __aeabi_i2d
                0x00cb27c8                __extendsfdf2
                0x00cb27c8                __aeabi_f2d
                0x00cb2808                __aeabi_ul2d
                0x00cb2808                __floatundidf
                0x00cb281c                __floatdidf
                0x00cb281c                __aeabi_l2d
 .text          0x00cb287c      0x49c gcc-libgcc.a(_arm_muldivdf3.o)
                0x00cb287c                __aeabi_dmul
                0x00cb287c                __muldf3
                0x00cb2b0c                __aeabi_ddiv
                0x00cb2b0c                __divdf3
 .text          0x00cb2d18      0x144 gcc-libgcc.a(_arm_cmpdf2.o)
                0x00cb2d18                __gtdf2
                0x00cb2d18                __gedf2
                0x00cb2d20                __ltdf2
                0x00cb2d20                __ledf2
                0x00cb2d28                __cmpdf2
                0x00cb2d28                __eqdf2
                0x00cb2d28                __nedf2
                0x00cb2db0                __aeabi_cdrcmple
                0x00cb2dcc                __aeabi_cdcmple
                0x00cb2dcc                __aeabi_cdcmpeq
                0x00cb2de4                __aeabi_dcmpeq
                0x00cb2dfc                __aeabi_dcmplt
                0x00cb2e14                __aeabi_dcmple
                0x00cb2e2c                __aeabi_dcmpge
                0x00cb2e44                __aeabi_dcmpgt
 .text          0x00cb2e5c       0x5c gcc-libgcc.a(_arm_fixdfsi.o)
                0x00cb2e5c                __fixdfsi
                0x00cb2e5c                __aeabi_d2iz
 .text          0x00cb2eb8       0xa0 gcc-libgcc.a(_arm_truncdfsf2.o)
                0x00cb2eb8                __aeabi_d2f
                0x00cb2eb8                __truncdfsf2
 .text          0x00cb2f58      0x2ac gcc-libgcc.a(_arm_addsubsf3.o)
                0x00cb2f58                __aeabi_frsub
                0x00cb2f60                __subsf3
                0x00cb2f60                __aeabi_fsub
                0x00cb2f64                __aeabi_fadd
                0x00cb2f64                __addsf3
                0x00cb3120                __aeabi_ui2f
                0x00cb3120                __floatunsisf
                0x00cb3128                __aeabi_i2f
                0x00cb3128                __floatsisf
                0x00cb3148                __floatundisf
                0x00cb3148                __aeabi_ul2f
                0x00cb3158                __floatdisf
                0x00cb3158                __aeabi_l2f
 .text          0x00cb3204      0x2f8 gcc-libgcc.a(_arm_muldivsf3.o)
                0x00cb3204                __mulsf3
                0x00cb3204                __aeabi_fmul
                0x00cb339c                __divsf3
                0x00cb339c                __aeabi_fdiv
 .text          0x00cb34fc      0x114 gcc-libgcc.a(_arm_cmpsf2.o)
                0x00cb34fc                __gtsf2
                0x00cb34fc                __gesf2
                0x00cb3504                __lesf2
                0x00cb3504                __ltsf2
                0x00cb350c                __nesf2
                0x00cb350c                __eqsf2
                0x00cb350c                __cmpsf2
                0x00cb3570                __aeabi_cfrcmple
                0x00cb3580                __aeabi_cfcmple
                0x00cb3580                __aeabi_cfcmpeq
                0x00cb3598                __aeabi_fcmpeq
                0x00cb35b0                __aeabi_fcmplt
                0x00cb35c8                __aeabi_fcmple
                0x00cb35e0                __aeabi_fcmpge
                0x00cb35f8                __aeabi_fcmpgt
 .text          0x00cb3610       0x5c gcc-libgcc.a(_arm_fixsfsi.o)
                0x00cb3610                __fixsfsi
                0x00cb3610                __aeabi_f2iz
 .text          0x00cb366c       0x54 gcc-libgcc.a(_arm_fixunssfsi.o)
                0x00cb366c                __aeabi_f2uiz
                0x00cb366c                __fixunssfsi
 .text          0x00cb36c0       0x44 gcc-libgcc.a(_aeabi_ldivmod.o)
                0x00cb36c0                __aeabi_ldivmod
 .text          0x00cb3704       0x3c gcc-libgcc.a(_aeabi_uldivmod.o)
                0x00cb3704                __aeabi_uldivmod
 .text          0x00cb3740       0x34 gcc-libgcc.a(_popcountsi2.o)
                0x00cb3740                __popcountsi2
 .text          0x00cb3774       0x40 gcc-libgcc.a(_fixsfdi.o)
                0x00cb3774                __aeabi_f2lz
                0x00cb3774                __fixsfdi
 .text          0x00cb37b4       0x6c gcc-libgcc.a(_fixunssfdi.o)
                0x00cb37b4                __aeabi_f2ulz
                0x00cb37b4                __fixunssfdi
 .text          0x00cb3820       0x84 gcc-libgcc.a(bpabi.o)
                0x00cb3820                __gnu_ldivmod_helper
                0x00cb3864                __gnu_uldivmod_helper
 .text          0x00cb38a4       0x54 gcc-libgcc.a(_arm_fixunsdfsi.o)
                0x00cb38a4                __fixunsdfsi
                0x00cb38a4                __aeabi_d2uiz
 .text          0x00cb38f8        0x0 gcc-libgcc.a(_popcount_tab.o)
 .text          0x00cb38f8      0x4d0 gcc-libgcc.a(_divdi3.o)
                0x00cb38f8                __divdi3
 .text          0x00cb3dc8      0x470 gcc-libgcc.a(_udivdi3.o)
                0x00cb3dc8                __udivdi3
 .text          0x00cb4238       0x48 gcc-libgcc.a(_clzsi2.o)
                0x00cb4238                __clzsi2
                0x00cb4280                _text_end = .
                0x00cb4280                . = ALIGN (0x40)
                0x00cb4280                _rodata_start = .
 *(.rodata)
 .rodata        0x00cb4280       0x55 version.o
                0x00cb4280                build_user
                0x00cb428c                build_date
                0x00cb42a4                build_id
                0x00cb42bb                build_version
 .rodata        0x00cb42d5       0x35 fio-ml.o
 *fill*         0x00cb430a        0x2 
 .rodata        0x00cb430c       0x64 mem.o
 .rodata        0x00cb4370      0xd38 ico.o
                0x00cb4370                menu_icons_body
 .rodata        0x00cb50a8      0x14c edmac.o
 .rodata        0x00cb51f4       0x8c menu.o
 .rodata        0x00cb5280        0xc debug.o
 .rodata        0x00cb528c        0xb util.o
 .rodata        0x00cb5297       0xab exmem.o
 .rodata        0x00cb5342       0x51 bmp.o
 *fill*         0x00cb5393        0x1 
 .rodata        0x00cb5394       0x24 config.o
 .rodata        0x00cb53b8       0x18 stdio.o
 .rodata        0x00cb53d0      0x104 tweaks.o
 .rodata        0x00cb54d4      0x386 lens.o
 .rodata        0x00cb585a       0x14 property.o
 .rodata        0x00cb586e       0x24 movtweaks.o
 *fill*         0x00cb5892        0x2 
 .rodata        0x00cb5894      0x120 fps-engio.o
 .rodata        0x00cb59b4      0x68c shoot.o
 .rodata        0x00cb6040       0x44 lv-img-engio.o
 .rodata        0x00cb6084       0x13 state-object.o
 .rodata        0x00cb6097       0x23 tasks.o
 .rodata        0x00cb60ba        0x8 histogram.o
 *fill*         0x00cb60c2        0x2 
 .rodata        0x00cb60c4       0x20 audio-ak.o
 .rodata        0x00cb60e4       0xc0 zebra.o
 .rodata        0x00cb61a4       0x44 beep.o
 .rodata        0x00cb61e8       0x58 powersave.o
 .rodata        0x00cb6240       0x63 ml-cbr.o
 *fill*         0x00cb62a3        0x1 
 .rodata        0x00cb62a4       0x40 raw.o
 .rodata        0x00cb62e4      0x11c chdk-dng.o
 .rodata        0x00cb6400       0x31 edmac-memcpy.o
 *fill*         0x00cb6431        0x3 
 .rodata        0x00cb6434      0x1b8 ../../tcc/libtccx.o
 .rodata        0x00cb65ec       0x18 newlib-libm.a(lib_a-ef_exp.o)
 .rodata        0x00cb6604        0x8 newlib-libm.a(lib_a-ef_fmod.o)
 .rodata        0x00cb660c       0x18 newlib-libm.a(lib_a-ef_pow.o)
 .rodata        0x00cb6624      0x398 newlib-libm.a(lib_a-ef_rem_pio2.o)
 .rodata        0x00cb69bc       0x38 newlib-libm.a(lib_a-kf_rem_pio2.o)
 .rodata        0x00cb69f4       0x20 newlib-libm.a(lib_a-sf_atan.o)
 *fill*         0x00cb6a14        0x4 
 .rodata        0x00cb6a18       0x10 newlib-libm.a(lib_a-s_rint.o)
 .rodata        0x00cb6a28      0x100 gcc-libgcc.a(_popcount_tab.o)
                0x00cb6a28                __popcount_tab
                0x00cb6b28                _rodata_end = .
                0x00cb6b28                _data_start = .

.rodata.str1.1  0x00cb6b28     0xcde5
 .rodata.str1.1
                0x00cb6b28       0x46 backtrace.o
 .rodata.str1.1
                0x00cb6b6e       0xd0 boot-hack.o
                                 0xd3 (size before relaxing)
 .rodata.str1.1
                0x00cb6c3e      0x129 fio-ml.o
                                0x135 (size before relaxing)
 .rodata.str1.1
                0x00cb6d67      0x5ce mem.o
                                0x62d (size before relaxing)
 .rodata.str1.1
                0x00000000       0x12 edmac.o
 .rodata.str1.1
                0x00cb7335      0x88f menu.o
                                0x90e (size before relaxing)
 .rodata.str1.1
                0x00cb7bc4      0x93a debug.o
                                0x9c2 (size before relaxing)
 .rodata.str1.1
                0x00cb84fe       0x12 posix.o
 .rodata.str1.1
                0x00cb8510       0x16 util.o
 .rodata.str1.1
                0x00000000       0x12 electronic_level.o
 .rodata.str1.1
                0x00cb8526       0x28 picstyle-noauto.o
 .rodata.str1.1
                0x00cb854e      0x11c exmem.o
                                0x123 (size before relaxing)
 .rodata.str1.1
                0x00cb866a       0x7f bmp.o
                                 0x88 (size before relaxing)
 .rodata.str1.1
                0x00cb86e9       0x78 rbf_font.o
 .rodata.str1.1
                0x00cb8761      0x4e2 config.o
                                0x52c (size before relaxing)
 .rodata.str1.1
                0x00cb8c43       0x2b stdio.o
 .rodata.str1.1
                0x00cb8c6e      0x50e bitrate.o
                                0x52e (size before relaxing)
 .rodata.str1.1
                0x00cb917c       0x25 lcdsensor.o
                                 0x29 (size before relaxing)
 .rodata.str1.1
                0x00cb91a1     0x1651 tweaks.o
                               0x16f4 (size before relaxing)
 .rodata.str1.1
                0x00cba7f2      0x8c6 lens.o
                                0x9da (size before relaxing)
 .rodata.str1.1
                0x00cbb0b8       0x70 property.o
 .rodata.str1.1
                0x00cbb128       0xd2 propvalues.o
                                 0xdf (size before relaxing)
 .rodata.str1.1
                0x00cbb1fa       0x1f gui-common.o
                                 0x24 (size before relaxing)
 .rodata.str1.1
                0x00cbb219      0x62a movtweaks.o
                                0x660 (size before relaxing)
 .rodata.str1.1
                0x00cbb843      0x2f3 menuhelp.o
                                0x352 (size before relaxing)
 .rodata.str1.1
                0x00cbbb36      0x11d menuindex.o
                                0x122 (size before relaxing)
 .rodata.str1.1
                0x00cbbc53      0x18d af_patterns.o
                                0x193 (size before relaxing)
 .rodata.str1.1
                0x00cbbde0      0xbb4 focus.o
                                0xbd4 (size before relaxing)
 .rodata.str1.1
                0x00cbc994       0x42 notify_box.o
 .rodata.str1.1
                0x00cbc9d6       0x74 bootflags.o
 .rodata.str1.1
                0x00cbca4a       0x49 vram.o
 .rodata.str1.1
                0x00cbca93       0x4b greenscreen.o
 .rodata.str1.1
                0x00cbcade      0x849 fps-engio.o
                                0x878 (size before relaxing)
 .rodata.str1.1
                0x00cbd327     0x2a89 shoot.o
                               0x2c7a (size before relaxing)
 .rodata.str1.1
                0x00cbfdb0      0x110 hdr.o
                                0x123 (size before relaxing)
 .rodata.str1.1
                0x00cbfec0      0x46e lv-img-engio.o
                                0x4d1 (size before relaxing)
 .rodata.str1.1
                0x00cc032e       0x55 state-object.o
 .rodata.str1.1
                0x00cc0383       0xbb tasks.o
                                 0xc2 (size before relaxing)
 .rodata.str1.1
                0x00cc043e        0xf vsync-lite.o
 .rodata.str1.1
                0x00cc044d       0xa1 tskmon.o
                                 0xb7 (size before relaxing)
 .rodata.str1.1
                0x00cc04ee      0x174 histogram.o
                                0x196 (size before relaxing)
 .rodata.str1.1
                0x00cc0662       0x64 falsecolor.o
 .rodata.str1.1
                0x00cc06c6      0x51e audio-ak.o
                                0x54a (size before relaxing)
 .rodata.str1.1
                0x00cc0be4     0x13c7 zebra.o
                               0x1533 (size before relaxing)
 .rodata.str1.1
                0x00cc1fab       0xc3 vectorscope.o
                                 0xde (size before relaxing)
 .rodata.str1.1
                0x00cc206e      0x332 beep.o
                                0x347 (size before relaxing)
 .rodata.str1.1
                0x00cc23a0       0xc9 flexinfo.o
                                0x172 (size before relaxing)
 .rodata.str1.1
                0x00cc2469       0x32 screenshot.o
                                 0x35 (size before relaxing)
 .rodata.str1.1
                0x00000000        0x3 fileprefix.o
 .rodata.str1.1
                0x00cc249b       0x12 lvinfo.o
                                 0x15 (size before relaxing)
 .rodata.str1.1
                0x00cc24ad      0x344 powersave.o
                                0x357 (size before relaxing)
 .rodata.str1.1
                0x00cc27f1       0xbb ml-cbr.o
                                 0xc7 (size before relaxing)
 .rodata.str1.1
                0x00cc28ac      0x177 raw.o
                                0x198 (size before relaxing)
 .rodata.str1.1
                0x00cc2a23       0x1b chdk-dng.o
                                 0x2b (size before relaxing)
 .rodata.str1.1
                0x00cc2a3e      0x116 edmac-memcpy.o
                                0x128 (size before relaxing)
 .rodata.str1.1
                0x00cc2b54        0xd console.o
                                 0x12 (size before relaxing)
 .rodata.str1.1
                0x00cc2b61       0x6c tcc-glue.o
 .rodata.str1.1
                0x00cc2bcd      0x5d5 ../../tcc/libtccx.o
                                0x652 (size before relaxing)
 .rodata.str1.1
                0x00cc31a2      0x756 module.o
                                0x816 (size before relaxing)
 .rodata.str1.1
                0x00cc38f8       0x15 liveview.o

.rodata.str1.4  0x00cc3910       0xc4
 .rodata.str1.4
                0x00cc3910       0x5a stdio.o
                                 0x5c (size before relaxing)
 *fill*         0x00cc396a        0x2 
 .rodata.str1.4
                0x00cc396c       0x16 histogram.o
                                 0x18 (size before relaxing)
 *fill*         0x00cc3982        0x2 
 .rodata.str1.4
                0x00cc3984       0x10 raw.o
 .rodata.str1.4
                0x00cc3994        0x6 newlib-libm.a(lib_a-wf_acos.o)
                                  0xc (size before relaxing)
 *fill*         0x00cc399a        0x2 
 .rodata.str1.4
                0x00cc399c        0x6 newlib-libm.a(lib_a-wf_asin.o)
                                  0xc (size before relaxing)
 *fill*         0x00cc39a2        0x2 
 .rodata.str1.4
                0x00cc39a4        0x5 newlib-libm.a(lib_a-wf_exp.o)
                                  0x8 (size before relaxing)
 *fill*         0x00cc39a9        0x3 
 .rodata.str1.4
                0x00cc39ac        0x6 newlib-libm.a(lib_a-wf_fmod.o)
                                  0x8 (size before relaxing)
 *fill*         0x00cc39b2        0x2 
 .rodata.str1.4
                0x00cc39b4        0x7 newlib-libm.a(lib_a-wf_log10.o)
                                  0xc (size before relaxing)
 *fill*         0x00cc39bb        0x1 
 .rodata.str1.4
                0x00cc39bc        0x5 newlib-libm.a(lib_a-wf_log.o)
                                  0xc (size before relaxing)
 *fill*         0x00cc39c1        0x3 
 .rodata.str1.4
                0x00cc39c4        0x5 newlib-libm.a(lib_a-wf_pow.o)
                                  0x8 (size before relaxing)
 *fill*         0x00cc39c9        0x3 
 .rodata.str1.4
                0x00cc39cc        0x8 newlib-libm.a(lib_a-wf_sqrt.o)
 .rodata.str1.4
                0x00000000        0x4 newlib-libm.a(lib_a-ef_pow.o)

.ARM.extab      0x00cc39d4        0x0
 .ARM.extab     0x00cc39d4        0x0 gcc-libgcc.a(_divdi3.o)
 .ARM.extab     0x00cc39d4        0x0 gcc-libgcc.a(_udivdi3.o)

.glue_7         0x00cc39d4        0x0
 .glue_7        0x00000000        0x0 linker stubs

.glue_7t        0x00cc39d4        0x0
 .glue_7t       0x00000000        0x0 linker stubs

.vfp11_veneer   0x00cc39d4        0x0
 .vfp11_veneer  0x00000000        0x0 linker stubs

.v4_bx          0x00cc39d4        0x0
 .v4_bx         0x00000000        0x0 linker stubs

.iplt           0x00cc39d4        0x0
 .iplt          0x00000000        0x0 entry.o

.text.unlikely  0x00cc39d4      0x60c
 .text.unlikely
                0x00cc39d4      0x1b4 menu.o
 .text.unlikely
                0x00cc3b88      0x1ac tweaks.o
 .text.unlikely
                0x00cc3d34       0xac shoot.o
 .text.unlikely
                0x00cc3de0      0x138 histogram.o
 .text.unlikely
                0x00cc3f18       0xc8 zebra.o

.data           0x00cc3fe0     0xc8c1
                0x00cc3fe0                . = ALIGN (0x8)
                0x00cc3fe0                _task_overrides_start = .
 *(.task_overrides)
 .task_overrides
                0x00cc3fe0        0x8 gui.o
                0x00cc3fe0                task_mapping_ml_gui_main_task
 .task_overrides
                0x00cc3fe8        0x8 audio-ak.o
                0x00cc3fe8                task_mapping_my_sounddev_task
                0x00cc3ff0                _task_overrides_end = .
                0x00cc3ff0                . = ALIGN (0x8)
                0x00cc3ff0                _tasks_start = .
 *(.tasks)
 .tasks         0x00cc3ff0       0x28 menu.o
                0x00cc3ff0                task_create_menu_task
                0x00cc4004                task_create_menu_redraw_task
 .tasks         0x00cc4018       0x28 debug.o
                0x00cc4018                task_create_iso_adj_task
                0x00cc402c                task_create_debug_loop_task
 .tasks         0x00cc4040       0x14 bitrate.o
                0x00cc4040                task_create_bitrate_task
 .tasks         0x00cc4054       0x14 tweaks.o
                0x00cc4054                task_create_tweak_task
 .tasks         0x00cc4068       0x28 focus.o
                0x00cc4068                task_create_focus_misc_task
                0x00cc407c                task_create_focus_task
 .tasks         0x00cc4090       0x14 notify_box.o
                0x00cc4090                task_create_NotifyBox_task
 .tasks         0x00cc40a4       0x14 fps-engio.o
                0x00cc40a4                task_create_fps_task
 .tasks         0x00cc40b8       0x28 shoot.o
                0x00cc40b8                task_create_shoot_task
                0x00cc40cc                task_create_seconds_clock_task
 .tasks         0x00cc40e0       0x14 lv-img-engio.o
                0x00cc40e0                task_create_vignetting_init
 .tasks         0x00cc40f4       0x14 audio-ak.o
                0x00cc40f4                task_create_audio_common_task
 .tasks         0x00cc4108       0x3c zebra.o
                0x00cc4108                task_create_livev_lopriority_task
                0x00cc411c                task_create_livev_hipriority_task
                0x00cc4130                task_create_clearscreen_task
 .tasks         0x00cc4144       0x14 beep.o
                0x00cc4144                task_create_beep_task
 .tasks         0x00cc4158       0x14 console.o
                0x00cc4158                task_create_console_task
 .tasks         0x00cc416c       0x14 module.o
                0x00cc416c                task_create_module_load_task
                0x00cc4180                _tasks_end = .
                0x00cc4180                . = ALIGN (0x8)
                0x00cc4180                _init_funcs_start = .
 *(.init_funcs)
 .init_funcs    0x00cc4180       0x14 fio-ml.o
                0x00cc4180                task_create_fio_init
 .init_funcs    0x00cc4194       0x14 debug.o
                0x00cc4194                task_create_debug_init_func
 .init_funcs    0x00cc41a8       0x14 exmem.o
                0x00cc41a8                task_create_exmem_init
 .init_funcs    0x00cc41bc       0x14 bmp.o
                0x00cc41bc                task_create_bmp_init
 .init_funcs    0x00cc41d0       0x14 config.o
                0x00cc41d0                task_create_config_menu_init
 .init_funcs    0x00cc41e4       0x14 bitrate.o
                0x00cc41e4                task_create_bitrate_init
 .init_funcs    0x00cc41f8       0x14 tweaks.o
                0x00cc41f8                task_create_tweak_init
 .init_funcs    0x00cc420c       0x28 lens.o
                0x00cc420c                task_create_lens_info_init
                0x00cc4220                task_create_lens_init
 .init_funcs    0x00cc4234       0x14 property.o
                0x00cc4234                task_create_prop_init
 .init_funcs    0x00cc4248       0x14 movtweaks.o
                0x00cc4248                task_create_movtweak_init
 .init_funcs    0x00cc425c       0x14 menuindex.o
                0x00cc425c                task_create_help_menu_init
 .init_funcs    0x00cc4270       0x14 focus.o
                0x00cc4270                task_create_focus_init
 .init_funcs    0x00cc4284       0x14 notify_box.o
                0x00cc4284                task_create_dlg_init
 .init_funcs    0x00cc4298       0x14 fps-engio.o
                0x00cc4298                task_create_fps_init
 .init_funcs    0x00cc42ac       0x14 shoot.o
                0x00cc42ac                task_create_shoot_init
 .init_funcs    0x00cc42c0       0x14 hdr.o
                0x00cc42c0                task_create_hdr_init
 .init_funcs    0x00cc42d4       0x14 lv-img-engio.o
                0x00cc42d4                task_create_lv_img_init
 .init_funcs    0x00cc42e8       0x14 state-object.o
                0x00cc42e8                task_create_state_init
 .init_funcs    0x00cc42fc       0x14 vsync-lite.o
                0x00cc42fc                task_create_vsync_init
 .init_funcs    0x00cc4310       0x14 histogram.o
                0x00cc4310                task_create_hist_init
 .init_funcs    0x00cc4324       0x28 audio-ak.o
                0x00cc4324                task_create_audio_menus_init
                0x00cc4338                task_create_audio_meter_init
 .init_funcs    0x00cc434c       0x14 zebra.o
                0x00cc434c                task_create_zebra_init
 .init_funcs    0x00cc4360       0x14 vectorscope.o
                0x00cc4360                task_create_vectorscope_feature_init
 .init_funcs    0x00cc4374       0x14 beep.o
                0x00cc4374                task_create_beep_init
 .init_funcs    0x00cc4388       0x14 flexinfo.o
                0x00cc4388                task_create_info_init
 .init_funcs    0x00cc439c       0x14 lvinfo.o
                0x00cc439c                task_create_lvinfo_init
 .init_funcs    0x00cc43b0       0x14 powersave.o
                0x00cc43b0                task_create_powersave_init
 .init_funcs    0x00cc43c4       0x14 raw.o
                0x00cc43c4                task_create_raw_init
 .init_funcs    0x00cc43d8       0x14 edmac-memcpy.o
                0x00cc43d8                task_create_edmac_memcpy_init
 .init_funcs    0x00cc43ec       0x14 module.o
                0x00cc43ec                task_create_module_init
 .init_funcs    0x00cc4400       0x14 liveview.o
                0x00cc4400                task_create_reloc_liveviewapp_init
                0x00cc4414                _init_funcs_end = .
                0x00cc4418                . = ALIGN (0x8)
 *fill*         0x00cc4414        0x4 
                0x00cc4418                _ptp_handlers_start = .
 *(.ptp_handlers)
                0x00cc4418                _ptp_handlers_end = .
                0x00cc4418                . = ALIGN (0x8)
                0x00cc4418                _config_vars_start = .
 *(.config_vars)
 .config_vars   0x00cc4418       0x30 fio-ml.o
                0x00cc4418                __config_card_force_type
                0x00cc4428                __config_card_test_enabled
                0x00cc4438                __config_cf_card_workaround
 .config_vars   0x00cc4448       0x40 menu.o
                0x00cc4448                __config_menu_upside_down
                0x00cc4458                __config_beta_warn
                0x00cc4468                __config_menu_first_by_icon
                0x00cc4478                __config_junkie_mode
 .config_vars   0x00cc4488       0x10 debug.o
                0x00cc4488                __config_timed_dump
 .config_vars   0x00cc4498       0x70 bitrate.o
                0x00cc4498                __config_buffer_warning_level
                0x00cc44a8                __config_cfg_hibr_wav_record
                0x00cc44b8                __config_bitrate_indicator
                0x00cc44c8                __config_time_indicator
                0x00cc44d8                __config_bitrate_factor
                0x00cc44e8                __config_bitrate_mode
                0x00cc44f8                __config_qscale_neg
 .config_vars   0x00cc4508       0x20 lcdsensor.o
                0x00cc4508                __config_lcd_release_running
                0x00cc4518                __config_lcd_sensor_shortcuts
 .config_vars   0x00cc4528      0x210 tweaks.o
                0x00cc4528                __config_anamorphic_preview
                0x00cc4538                __config_defish_preview
                0x00cc4548                __config_lcd_adjust_position
                0x00cc4558                __config_bmp_color_scheme
                0x00cc4568                __config_preview_peaking
                0x00cc4578                __config_preview_crazy
                0x00cc4588                __config_preview_saturation
                0x00cc4598                __config_preview_contrast
                0x00cc45a8                __config_preview_brightness
                0x00cc45b8                __config_warn_msg
                0x00cc45c8                __config_warn_mf
                0x00cc45d8                __config_warn_wb
                0x00cc45e8                __config_warn_alo
                0x00cc45f8                __config_warn_picq
                0x00cc4608                __config_warn_mode
                0x00cc4618                __config_arrow_keys_bright_sat
                0x00cc4628                __config_arrow_keys_shutter_aperture
                0x00cc4638                __config_arrow_keys_iso_kelvin
                0x00cc4648                __config_arrow_keys_audio
                0x00cc4658                __config_arrow_keys_use_set
                0x00cc4668                __config_arrow_keys_mode
                0x00cc4678                __config_digital_zoom_shortcut
                0x00cc4688                __config_quick_review_allow_zoom
                0x00cc4698                __config_focus_box_lv_speed
                0x00cc46a8                __config_focus_box_lv_jump
                0x00cc46b8                __config_halfshutter_sticky
                0x00cc46c8                __config_play_lv_action
                0x00cc46d8                __config_quick_delete
                0x00cc46e8                __config_play_set_wheel_action
                0x00cc46f8                __config_play_set_wheel_trigger
                0x00cc4708                __config_quickzoom
                0x00cc4718                __config_af_frame_autohide