Archive member included because of file (symbol)

dietlibc.a(strrchr.o)         ../../tcc/libtccx.o (strrchr)
dietlibc.a(strncpy.o)         fio-ml.o (strncpy)
dietlibc.a(strlen.o)          fio-ml.o (strlen)
dietlibc.a(strncmp.o)         fio-ml.o (strncmp)
dietlibc.a(strcpy.o)          backtrace.o (strcpy)
dietlibc.a(strcmp.o)          rbf_font.o (strcmp)
dietlibc.a(strcasecmp.o)      (strcasecmp)
dietlibc.a(strtoull.o)        ../../tcc/libtccx.o (strtoull)
dietlibc.a(strtoul.o)         ../../tcc/libtccx.o (strtoul)
dietlibc.a(strchr.o)          fio-ml.o (strchr)
dietlibc.a(strstr.o)          (strstr)
dietlibc.a(memcmp.o)          ../../tcc/libtccx.o (memcmp)
dietlibc.a(memmove.o)         (memmove)
dietlibc.a(atol.o)            config.o (atoi)
dietlibc.a(errno.o)           dietlibc.a(strtoull.o) (errno)
newlib-libc.a(lib_a-setjmp.o)
                              ../../tcc/libtccx.o (longjmp)
newlib-libc.a(lib_a-memcpy-stub.o)
                              boot-hack.o (memcpy)
newlib-libc.a(lib_a-memccpy.o)
                              dietlibc.a(strncpy.o) (memccpy)
newlib-libc.a(lib_a-memset.o)
                              mem.o (memset)
newlib-libm.a(lib_a-sf_ceil.o)
                              (ceilf)
newlib-libm.a(lib_a-sf_cos.o)
                              electronic_level.o (cosf)
newlib-libm.a(lib_a-sf_frexp.o)
                              (frexpf)
newlib-libm.a(lib_a-sf_log2.o)
                              (log2f)
newlib-libm.a(lib_a-sf_round.o)
                              lens.o (roundf)
newlib-libm.a(lib_a-sf_sin.o)
                              electronic_level.o (sinf)
newlib-libm.a(lib_a-sf_tan.o)
                              (tanf)
newlib-libm.a(lib_a-wf_acos.o)
                              (acosf)
newlib-libm.a(lib_a-wf_asin.o)
                              (asinf)
newlib-libm.a(lib_a-wf_atan2.o)
                              (atan2f)
newlib-libm.a(lib_a-wf_exp.o)
                              (expf)
newlib-libm.a(lib_a-wf_fmod.o)
                              (fmodf)
newlib-libm.a(lib_a-wf_log10.o)
                              (log10f)
newlib-libm.a(lib_a-wf_log.o)
                              newlib-libm.a(lib_a-sf_log2.o) (logf)
newlib-libm.a(lib_a-wf_pow.o)
                              lens.o (powf)
newlib-libm.a(lib_a-wf_sqrt.o)
                              focus.o (sqrtf)
newlib-libm.a(lib_a-ef_acos.o)
                              newlib-libm.a(lib_a-wf_acos.o) (__ieee754_acosf)
newlib-libm.a(lib_a-ef_asin.o)
                              newlib-libm.a(lib_a-wf_asin.o) (__ieee754_asinf)
newlib-libm.a(lib_a-ef_atan2.o)
                              newlib-libm.a(lib_a-wf_atan2.o) (__ieee754_atan2f)
newlib-libm.a(lib_a-ef_exp.o)
                              newlib-libm.a(lib_a-wf_exp.o) (__ieee754_expf)
newlib-libm.a(lib_a-ef_fmod.o)
                              newlib-libm.a(lib_a-wf_fmod.o) (__ieee754_fmodf)
newlib-libm.a(lib_a-ef_log10.o)
                              newlib-libm.a(lib_a-wf_log10.o) (__ieee754_log10f)
newlib-libm.a(lib_a-ef_log.o)
                              newlib-libm.a(lib_a-wf_log.o) (__ieee754_logf)
newlib-libm.a(lib_a-ef_pow.o)
                              newlib-libm.a(lib_a-wf_pow.o) (__ieee754_powf)
newlib-libm.a(lib_a-ef_rem_pio2.o)
                              newlib-libm.a(lib_a-sf_cos.o) (__ieee754_rem_pio2f)
newlib-libm.a(lib_a-ef_sqrt.o)
                              newlib-libm.a(lib_a-wf_sqrt.o) (__ieee754_sqrtf)
newlib-libm.a(lib_a-kf_cos.o)
                              newlib-libm.a(lib_a-sf_cos.o) (__kernel_cosf)
newlib-libm.a(lib_a-kf_rem_pio2.o)
                              newlib-libm.a(lib_a-ef_rem_pio2.o) (__kernel_rem_pio2f)
newlib-libm.a(lib_a-kf_sin.o)
                              newlib-libm.a(lib_a-sf_cos.o) (__kernel_sinf)
newlib-libm.a(lib_a-kf_tan.o)
                              newlib-libm.a(lib_a-sf_tan.o) (__kernel_tanf)
newlib-libm.a(lib_a-sf_atan.o)
                              newlib-libm.a(lib_a-ef_atan2.o) (atanf)
newlib-libm.a(lib_a-sf_fabs.o)
                              newlib-libm.a(lib_a-wf_acos.o) (fabsf)
newlib-libm.a(lib_a-sf_finite.o)
                              newlib-libm.a(lib_a-wf_exp.o) (finitef)
newlib-libm.a(lib_a-sf_floor.o)
                              newlib-libm.a(lib_a-kf_rem_pio2.o) (floorf)
newlib-libm.a(lib_a-sf_fpclassify.o)
                              newlib-libm.a(lib_a-wf_acos.o) (__fpclassifyf)
newlib-libm.a(lib_a-sf_nan.o)
                              newlib-libm.a(lib_a-ef_pow.o) (nanf)
newlib-libm.a(lib_a-sf_scalbn.o)
                              newlib-libm.a(lib_a-ef_pow.o) (scalbnf)
newlib-libm.a(lib_a-s_lib_ver.o)
                              newlib-libm.a(lib_a-wf_acos.o) (__fdlib_version)
newlib-libm.a(lib_a-s_matherr.o)
                              newlib-libm.a(lib_a-wf_acos.o) (matherr)
newlib-libm.a(lib_a-s_nan.o)  newlib-libm.a(lib_a-wf_acos.o) (nan)
newlib-libm.a(lib_a-s_rint.o)
                              newlib-libm.a(lib_a-wf_pow.o) (rint)
[...]
Memory Configuration

Name             Origin             Length             Attributes
*default*        0x00000000         0xffffffff

Linker script and memory map

                0x00c1c100                . = 0xc1c100

.text           0x00c1c100    0x55540
                0x00c1c100                _text_start = .
 *(.text)
 .text          0x00c1c100        0x4 entry.o
                0x00c1c100                _start
 .text          0x00c1c104        0x0 ../../platform/6D.116/stubs.o
 .text          0x00c1c104        0x0 version.o
 *fill*         0x00c1c104        0xc 
 .text          0x00c1c110      0x370 backtrace.o
                0x00c1c110                eos_backtrace_rebuild
                0x00c1c440                backtrace_print
                0x00c1c468                backtrace_getstr
 .text          0x00c1c480      0xa10 boot-hack.o
                0x00c1c658                hijack_6d_guitask
                0x00c1cb30                copy_and_restart
                0x00c1cd80                magic_is_off
                0x00c1cd90                _disable_ml_startup
                0x00c1cda4                hold_your_horses
                0x00c1cdcc                get_assert_msg
                0x00c1cdd8                ml_assert_handler
                0x00c1ce5c                ml_crash_message
 .text          0x00c1ce90      0xb20 fio-ml.o
                0x00c1d0c8                get_ml_card
                0x00c1d0d8                get_shooting_card
                0x00c1d0e8                get_card
                0x00c1d128                get_free_space_32k
                0x00c1d14c                _card_tweaks
                0x00c1d150                get_dcim_dir_suffix
                0x00c1d15c                get_dcim_dir
                0x00c1d1a4                FIO_OpenFile
                0x00c1d1dc                FIO_GetFileSize
                0x00c1d20c                FIO_RemoveFile
                0x00c1d230                FIO_FindFirstEx
                0x00c1d260                FIO_RenameFile
                0x00c1d29c                FIO_GetFileSize_direct
                0x00c1d2d0                FIO_ReadFile
                0x00c1d3d8                FIO_WriteFile
                0x00c1d424                is_file
                0x00c1d448                is_dir
                0x00c1d474                _find_ml_card
                0x00c1d53c                FIO_CreateDirectory
                0x00c1d5e4                FIO_CreateFile
                0x00c1d66c                FIO_CreateFileOrAppend
                0x00c1d6b8                FIO_CopyFile
                0x00c1d790                FIO_MoveFile
                0x00c1d7b4                get_numbered_file_name
                0x00c1d828                dump_seg
                0x00c1d85c                dump_big_seg
                0x00c1d8d0                read_file
                0x00c1d914                read_entire_file
 .text          0x00c1d9b0     0x22b0 mem.o
                0x00c1d9b8                GetFreeMemForMalloc
                0x00c1db74                GetFreeMemForAllocateMemory
                0x00c1e318                __priv_malloc
                0x00c1e31c                __priv_free
                0x00c1e320                __priv_AllocateMemory
                0x00c1e324                __priv_FreeMemory
                0x00c1e328                __priv_alloc_dma_memory
                0x00c1e32c                __priv_free_dma_memory
                0x00c1e330                __priv_shoot_malloc
                0x00c1e334                __priv_shoot_free
                0x00c1e338                format_memory_size
                0x00c1f60c                __mem_malloc
                0x00c1f8f8                __mem_free
                0x00c1faf0                shoot_malloc_suite
                0x00c1fb28                shoot_free_suite
                0x00c1fb58                srm_malloc_suite
                0x00c1fb90                srm_free_suite
                0x00c1fbc0                shoot_malloc_suite_contig
                0x00c1fbf8                _mem_init
                0x00c1fc44                mem_menu_init
 .text          0x00c1fc60        0x0 ico.o
 .text          0x00c1fc60      0x590 edmac.o
                0x00c1fc68                edmac_index_to_channel
                0x00c1fca8                edmac_get_dir
                0x00c1fce0                edmac_channel_to_index
                0x00c1fd70                edmac_get_base
                0x00c1fdb0                edmac_get_channel
                0x00c1fe0c                edmac_get_state
                0x00c1fe2c                edmac_get_flags
                0x00c1fe50                edmac_get_address
                0x00c1fe74                edmac_get_pointer
                0x00c1fe94                edmac_get_length
                0x00c1feb8                edmac_get_connection
                0x00c1ff80                edmac_fix_off1
                0x00c1ff8c                edmac_fix_off2
                0x00c1ff90                edmac_get_info
                0x00c200c0                edmac_get_total_size
                0x00c20158                edmac_bytes_per_transfer
 .text          0x00c201f0     0x8020 menu.o
                0x00c2047c                menu_open_submenu
                0x00c21830                menu_redraw_flood
                0x00c23e70                get_menu_edit_mode
                0x00c23e80                menu_set_dirty
                0x00c23e94                menu_enable_lv_transparent_mode
                0x00c23ec0                menu_disable_lv_transparent_mode
                0x00c23ed4                menu_get_root
                0x00c23ee4                menu_numeric_toggle
                0x00c23f6c                menu_numeric_toggle_time
                0x00c24208                menu_add
                0x00c24210                customize_menu_init
                0x00c2428c                menu_add_base
                0x00c2455c                menu_remove
                0x00c24710                menu_redraw
                0x00c24770                handle_ml_menu_keyrepeat
                0x00c247f8                keyrepeat_ack
                0x00c24818                menu_init
                0x00c24950                gui_menu_shown
                0x00c24960                is_submenu_or_edit_mode_active
                0x00c2499c                is_menu_help_active
                0x00c249c4                menu_active_but_hidden
                0x00c249ec                menu_active_and_not_hidden
                0x00c24a34                gui_stop_menu
                0x00c2506c                run_in_separate_task
                0x00c250cc                gui_open_menu
                0x00c250f0                is_menu_entry_selected
                0x00c25164                is_menu_selected
                0x00c25194                is_menu_active
                0x00c258a0                select_menu
                0x00c25914                select_menu_by_name
                0x00c26ba4                menu_benchmark
                0x00c26d54                handle_ml_menu_erase
                0x00c26e08                menu_close_submenu
                0x00c26e30                menu_toggle_submenu
                0x00c272d0                handle_ml_menu_keys
                0x00c27b38                handle_quick_access_menu_items
                0x00c27b9c                config_menu_save_flags
                0x00c27cc8                menu_get_value_from_script
                0x00c27d20                menu_get_str_value_from_script
                0x00c27d88                menu_set_str_value_from_script
                0x00c27fe8                menu_set_value_from_script
                0x00c280a0                menu_request_image_backend
                0x00c2813c                menu_advanced_toggle
                0x00c2818c                menu_advanced_update
 .text          0x00c28210     0x16d0 debug.o
                0x00c28d68                _card_led_on
                0x00c28d80                _card_led_off
                0x00c28d98                info_led_on
                0x00c28db0                info_led_off
                0x00c28dc8                info_led_blink
                0x00c2953c                request_crash_log
                0x00c2954c                request_core_dump
                0x00c29568                debug_init
                0x00c2956c                debug_init_stuff
                0x00c29570                handle_keep_ml_after_format_toggle
                0x00c295e4                debug_menu_init
                0x00c2962c                spy_event
                0x00c29708                get_halfshutter_pressed
                0x00c29734                get_zoom_out_pressed
                0x00c29744                handle_buttons_being_held
                0x00c29784                handle_tricky_canon_calls
                0x00c2989c                EngDrvOut
                0x00c298c4                engio_write
 .text          0x00c298e0      0x140 rand.o
                0x00c298e0                rand_fill
                0x00c2999c                rand_seed
 .text          0x00c29a20      0x150 posix.o
                0x00c29a20                rand
                0x00c29a48                srand
                0x00c29a4c                strdup
                0x00c29a7c                time
                0x00c29a84                clock
                0x00c29a88                calloc
                0x00c29ac0                realloc
                0x00c29b04                strlcat
                0x00c29b54                strcat
 .text          0x00c29b70       0xe0 util.o
                0x00c29b70                util_atomic_inc
                0x00c29ba4                util_atomic_dec
                0x00c29bd8                bin_search
 .text          0x00c29c50       0xa0 imath.o
                0x00c29c50                powi
                0x00c29c7c                log2i
                0x00c29c94                log10i
                0x00c29cb8                log_length
 .text          0x00c29cf0      0x4c0 electronic_level.o
                0x00c2a0b0                disable_electronic_level
                0x00c2a0dc                show_electronic_level
 .text          0x00c2a1b0      0x130 cfn.o
                0x00c2a234                get_alo
                0x00c2a248                get_htp
                0x00c2a258                get_mlu
                0x00c2a268                set_mlu
                0x00c2a298                cfn_get_af_button_assignment
                0x00c2a2a8                cfn_set_af_button
 .text          0x00c2a2e0      0x110 gui.o
                0x00c2a2e0                ml_gui_main_task
 .text          0x00c2a3f0      0x260 picstyle.o
                0x00c2a4b8                get_prop_picstyle_from_index
                0x00c2a56c                get_prop_picstyle_index
 .text          0x00c2a650      0xae0 exmem.o
                0x00c2a810                GetNumberOfChunks
                0x00c2a858                GetSizeOfMemorySuite
                0x00c2a8a0                GetSizeOfMemoryChunk
                0x00c2a8e8                _shoot_free_suite
                0x00c2a914                exmem_save_buffer
                0x00c2a994                exmem_clear
                0x00c2a9f8                _shoot_malloc_suite
                0x00c2aa60                _shoot_malloc_suite_contig
                0x00c2abc8                _shoot_malloc
                0x00c2abf4                _shoot_free
                0x00c2ac34                _shoot_get_free_space
                0x00c2ac50                _srm_malloc_suite
                0x00c2adf4                _srm_free_suite
                0x00c2ae94                _srm_free
                0x00c2af1c                _srm_malloc
                0x00c2b04c                _srm_get_max_region
                0x00c2b084                _srm_get_free_space
 .text          0x00c2b130     0x19d0 bmp.o
                0x00c2b2c0                BMP_VRAM_START
                0x00c2b354                bmp_vram_real
                0x00c2b374                bmp_vram_idle
                0x00c2b384                bmp_draw_to_idle
                0x00c2b394                bmp_vram
                0x00c2b3b0                bmp_idle_copy
                0x00c2b4ac                bmp_putpixel_fast
                0x00c2b4bc                bmp_puts
                0x00c2b568                bmp_printf
                0x00c2b5bc                big_bmp_printf
                0x00c2b63c                bmp_string_width
                0x00c2b65c                bmp_strlen_clipped
                0x00c2b67c                bmp_fill
                0x00c2b73c                bmp_load_ram
                0x00c2ba6c                bmp_load
                0x00c2bb28                clrscr
                0x00c2bb6c                bmp_getpixel
                0x00c2bbe0                bmp_putpixel
                0x00c2bc48                bmp_draw_rect
                0x00c2bce8                bmp_draw_rect_chamfer
                0x00c2be94                bmp_draw_request_stop
                0x00c2bea8                bmp_draw_scaled_ex
                0x00c2c490                bfnt_draw_char
                0x00c2c5e0                bfnt_char_get_width
                0x00c2c628                bmp_flip
                0x00c2c760                bmp_flip_ex
                0x00c2c8f4                bmp_is_on
                0x00c2c90c                bmp_on
                0x00c2c938                bmp_off
                0x00c2c990                bmp_mute_flag_reset
                0x00c2c9a8                bmp_zoom
 .text          0x00c2cb00      0xef0 rbf_font.o
                0x00c2cfbc                font_by_name
                0x00c2d2e0                rbf_str_width
                0x00c2d32c                rbf_str_clipped_width
                0x00c2d360                rbf_strlen_clipped
                0x00c2d39c                rbf_draw_string
                0x00c2d898                _load_fonts
 .text          0x00c2d9f0     0x11f0 config.o
                0x00c2e170                config_save_file
                0x00c2e2f0                config_flag_file_setting_load
                0x00c2e30c                config_flag_file_setting_save
                0x00c2e3a0                config_parse_file
                0x00c2e498                get_config_var
                0x00c2e4b8                set_config_var
                0x00c2e4d0                set_config_var_ptr
                0x00c2e510                config_var_was_changed
                0x00c2e538                config_var_restore_default
                0x00c2e558                module_config_load
                0x00c2e5b4                module_config_save
                0x00c2e6d8                get_config_dir
                0x00c2e6e4                get_config_preset_name
                0x00c2e6f4                handle_select_config_file_by_key_at_startup
                0x00c2e758                config_load
                0x00c2eb0c                config_save
                0x00c2eb90                config_save_at_shutdown
 .text          0x00c2ebe0      0x390 stdio.o
                0x00c2ebe0                my_fprintf
                0x00c2ec3c                streq
                0x00c2ec80                toupper
                0x00c2ec90                tolower
                0x00c2eca0                __errno
                0x00c2ecac                islower
                0x00c2ecc0                isupper
                0x00c2ecd4                isalpha
                0x00c2ecec                isdigit
                0x00c2ed00                isxdigit
                0x00c2ed20                isalnum
                0x00c2ed50                ispunct
                0x00c2ed70                isgraph
                0x00c2eda0                isspace
                0x00c2edc0                iscntrl
                0x00c2ede0                snprintf
                0x00c2ee0c                memset64
                0x00c2eea8                memcpy64
 .text          0x00c2ef70      0x240 bitrate-5d3.o
                0x00c2ef70                bitrate_init
                0x00c2f120                hibr_should_record_wav
                0x00c2f128                bitrate_set
                0x00c2f154                bitrate_mvr_log
                0x00c2f158                measure_bitrate
                0x00c2f1a4                is_mvr_buffer_almost_full
 .text          0x00c2f1b0        0x0 lcdsensor.o
 .text          0x00c2f1b0     0x41d0 tweaks.o
                0x00c2fd0c                get_expsim
                0x00c2fe8c                set_expsim
                0x00c2fee4                set_backlight_level
                0x00c2ff14                afframe_set_dirty
                0x00c2ff28                afframe_clr_dirty
                0x00c2ff3c                clear_lv_afframe
                0x00c301c8                clear_lv_afframe_if_dirty
                0x00c30234                is_pure_play_photo_mode
                0x00c30354                is_pure_play_movie_mode
                0x00c303a0                is_pure_play_photo_or_movie_mode
                0x00c303c8                is_play_or_qr_mode
                0x00c30400                is_play_mode
                0x00c30434                is_menu_mode
                0x00c30468                handle_set_wheel_play
                0x00c30698                play_lv_key_step
                0x00c30800                handle_lv_play
                0x00c3091c                handle_fast_zoom_box
                0x00c30a24                handle_swap_info_play
                0x00c30a8c                handle_push_wb
                0x00c30ab0                handle_arrow_keys
                0x00c30db8                arrow_keys_shortcuts_active
                0x00c30dfc                display_shortcut_key_hints_lv
                0x00c3131c                zoom_trick_step
                0x00c321d0                handle_zoom_trick_event
                0x00c32248                handle_upside_down
                0x00c32360                alter_bitmap_palette_entry
                0x00c3244c                anamorphic_squeeze_bmp_y
                0x00c32550                defish_draw_play
                0x00c3298c                display_filter_get_buffers
                0x00c32c70                display_filter_enabled
                0x00c32d14                display_filter_lv_vsync
                0x00c32d6c                display_filter_step
 .text          0x00c33380        0x0 tweaks-eyefi.o
 .text          0x00c33380     0x4c60 lens.o
                0x00c343e0                lens_format_dist
                0x00c3452c                should_draw_bottom_bar
                0x00c34594                raw2shutter_ms
                0x00c345e8                shutter_ms_to_raw
                0x00c34634                shutterf_to_raw
                0x00c34680                raw2shutterf
                0x00c346c0                expo_value_rounding_ok
                0x00c34718                round_shutter
                0x00c347cc                round_aperture
                0x00c348bc                round_expo_comp
                0x00c34948                lens_set_ae
                0x00c34990                round_flash_expo_comp
                0x00c34a1c                lens_set_flash_ae
                0x00c34a64                get_shootmode_name
                0x00c34c54                get_shootmode_name_short
                0x00c34e80                get_ml_topbar_pos
                0x00c34f54                get_ml_bottombar_pos
                0x00c34ff4                draw_ml_bottombar
                0x00c35014                lens_format_shutter_reciprocal
                0x00c3528c                lens_format_shutter
                0x00c35430                free_space_show_photomode
                0x00c354ac                draw_ml_topbar
                0x00c354cc                update_lens_display
                0x00c354f0                lens_focus
                0x00c356d0                mlu_lock_mirror_if_needed
                0x00c357f4                raw2index_iso
                0x00c35828                raw2iso
                0x00c35bfc                val2raw_iso
                0x00c35c40                raw2index_shutter
                0x00c35c74                val2raw_shutter
                0x00c35cb0                raw2index_aperture
                0x00c35ce4                lens_format_aperture
                0x00c35de0                val2raw_aperture
                0x00c35e20                lens_set_custom_wb_gains
                0x00c35ec4                lens_set_kelvin
                0x00c35fd4                lens_set_kelvin_value_only
                0x00c3607c                split_iso
                0x00c360d4                iso_components_update
                0x00c363c4                iso_auto_restore_hack
                0x00c36680                job_state_ready_to_take_pic
                0x00c366b8                lens_wait_readytotakepic
                0x00c367c4                assign_af_button_to_halfshutter
                0x00c36824                assign_af_button_to_star_button
                0x00c36884                lens_setup_af
                0x00c368f4                restore_af_button_assignment
                0x00c3695c                restore_af_button_assignment_at_shutdown
                0x00c36998                lens_cleanup_af
                0x00c3699c                lens_take_picture
                0x00c36dd4                crop_factor_menu_init
                0x00c36e1c                lens_get_contrast
                0x00c36e48                lens_get_sharpness
                0x00c36e74                lens_get_saturation
                0x00c36ea0                lens_get_color_tone
                0x00c37364                lens_get_from_other_picstyle_contrast
                0x00c3737c                lens_get_from_other_picstyle_sharpness
                0x00c37394                lens_get_from_other_picstyle_saturation
                0x00c373ac                lens_get_from_other_picstyle_color_tone
                0x00c373c4                lens_set_contrast
                0x00c3741c                lens_set_sharpness
                0x00c37474                lens_set_saturation
                0x00c374cc                lens_set_color_tone
                0x00c37524                SW1
                0x00c37560                SW2
                0x00c3759c                expo_override_active
                0x00c375cc                bv_update_lensinfo
                0x00c37630                bv_apply_tv
                0x00c37688                bv_apply_av
                0x00c376d8                bv_apply_iso
                0x00c37898                bv_set_rawshutter
                0x00c37900                bv_set_rawiso
                0x00c37964                bv_set_rawaperture
                0x00c379b0                bv_auto_update
                0x00c37b94                lens_set_rawaperture
                0x00c37bd4                lens_set_rawiso
                0x00c37c14                lens_set_rawshutter
                0x00c37d3c                lens_set_drivemode
                0x00c37d74                lens_set_wbs_gm
                0x00c37da8                lens_set_wbs_ba
                0x00c37ddc                hdr_set_rawiso
                0x00c37dec                hdr_set_rawshutter
                0x00c37e20                hdr_set_rawaperture
                0x00c37e74                hdr_set_ae
                0x00c37eac                hdr_set_flash_ae
                0x00c37ee0                get_max_analog_iso
                0x00c37ee8                get_max_ae_ev
                0x00c37ef0                get_ae_value
                0x00c37f00                get_bv
                0x00c37fd0                get_ae_state
 .text          0x00c37fe0      0x490 property.o
                0x00c380bc                prop_add_handler
                0x00c38150                prop_add_internal_handlers
                0x00c3818c                prop_reset_registration
                0x00c381c4                prop_init
                0x00c381c8                prop_update_registration
                0x00c381e0                prop_request_change
                0x00c3837c                prop_request_change_wait
 .text          0x00c38470      0x960 propvalues.o
                0x00c388c0                is_camera
                0x00c38920                is_movie_mode
                0x00c3893c                set_recording_custom
                0x00c3894c                get_video_mode_name
                0x00c38cb4                get_display_device_name
 .text          0x00c38dd0      0x830 gui-common.o
                0x00c38e64                is_canon_bottom_bar_dirty
                0x00c38e74                get_last_time_active
                0x00c38e84                handle_other_events
                0x00c38fb8                handle_common_events_startup
                0x00c39034                reset_pre_shutdown_flag_step
                0x00c3907c                check_pre_shutdown_flag
                0x00c390d0                handle_scrollwheel_fast_clicks
                0x00c3912c                handle_flexinfo_keys
                0x00c39134                handle_common_events_by_feature
                0x00c39430                detect_double_click
                0x00c39514                get_info_button_name
                0x00c39520                gui_uilock
                0x00c39574                ui_lock
                0x00c39578                fake_simple_button
                0x00c395b8                display_is_on
                0x00c395d0                delayed_call
                0x00c395dc                redraw_after
                0x00c395ec                get_gui_mode
 .text          0x00c39600      0x3a0 chdk-gui_draw.o
                0x00c39600                draw_line
                0x00c396f4                draw_circle
                0x00c39834                fill_circle
                0x00c398f4                draw_angled_line
 .text          0x00c399a0     0x1110 movtweaks.o
                0x00c39b0c                set_shooting_mode
                0x00c39b74                force_liveview
                0x00c39c40                close_liveview
                0x00c39c78                movtweak_task_init
                0x00c39cf0                movtweak_step
                0x00c3a030                get_screen_layout_ptr
                0x00c3a078                get_screen_layout
                0x00c3a0c8                screen_layout_update
                0x00c3a0e4                screen_layout_toggle
                0x00c3a118                rec_notify_continuous
                0x00c3a378                rec_notify_trigger
                0x00c3a3b8                bv_enable
                0x00c3a4d0                bv_disable
                0x00c3a560                bv_toggle
                0x00c3a598                smooth_iso_step
                0x00c3aa98                movie_tweak_menu_init
 .text          0x00c3aab0      0x5b0 menuhelp.o
                0x00c3aab0                draw_beta_warning
                0x00c3abc0                draw_404_page
                0x00c3ac90                draw_help_not_installed_page
                0x00c3ad18                menu_help_show_page
                0x00c3ae14                menu_help_redraw
                0x00c3ae48                menu_help_next_page
                0x00c3ae88                menu_help_prev_page
                0x00c3aecc                menu_help_go_to_page
                0x00c3aeec                str_make_lowercase
                0x00c3af10                menu_help_go_to_label
 .text          0x00c3b060       0x30 menuindex.o
 .text          0x00c3b090      0x380 af_patterns.o
                0x00c3b0fc                get_af_point
                0x00c3b10c                set_af_point
                0x00c3b1a0                handle_af_patterns
                0x00c3b31c                play_zoom_center_on_selected_af_point
                0x00c3b3f8                afp_menu_init
 .text          0x00c3b410     0x1b40 focus.o
                0x00c3bcbc                reset_override_zoom_buttons
                0x00c3bcd0                LensFocus
                0x00c3bcf0                LensFocus2
                0x00c3be9c                get_follow_focus_mode
                0x00c3bea4                get_follow_focus_dir_v
                0x00c3bec0                get_follow_focus_dir_h
                0x00c3bedc                focus_calc_dof
                0x00c3c1bc                focus_dist_update
                0x00c3c340                is_focus_stack_enabled
                0x00c3c368                is_rack_focus_enabled
                0x00c3c380                rack_focus_start_now
                0x00c3c3a0                lens_focus_start
                0x00c3c3c0                lens_focus_enqueue_step
                0x00c3c3f4                lens_focus_stop
                0x00c3c408                get_focus_confirmation
                0x00c3c414                is_manual_focus
                0x00c3c434                should_override_zoom_buttons
                0x00c3c478                is_follow_focus_active
                0x00c3c600                focus_stack_run
                0x00c3c948                can_lv_trap_focus_be_active
                0x00c3c9c0                get_focus_graph
                0x00c3ca20                get_lv_focus_confirmation
                0x00c3ccb0                handle_trap_focus
                0x00c3cd0c                handle_follow_focus_save_restore
                0x00c3cdd4                handle_rack_focus_menu_overrides
                0x00c3ceb4                handle_follow_focus
 .text          0x00c3cf50      0x1e0 notify_box.o
                0x00c3d06c                NotifyBoxHide
                0x00c3d080                NotifyBox
 .text          0x00c3d130      0x260 bootflags.o
                0x00c3d170                bootflag_write_bootblock
 .text          0x00c3d390       0xc0 dialog_test.o
                0x00c3d390                get_current_dialog_handler
                0x00c3d3b4                canon_gui_disable_front_buffer
                0x00c3d3ec                canon_gui_enable_front_buffer
                0x00c3d438                canon_gui_front_buffer_disabled
 .text          0x00c3d450      0x820 vram.o
                0x00c3d4c0                vram_params_set_dirty
                0x00c3d530                _update_vram_params
                0x00c3dac8                yuv422_buffer_check
                0x00c3daf0                get_lcd_422_buf
                0x00c3db00                guess_fastrefresh_direction
                0x00c3db6c                get_fastrefresh_422_buf
                0x00c3db7c                get_yuv422_vram
                0x00c3dbe4                get_yuv422_hd_vram
                0x00c3dc34                vram_clear_lv
 .text          0x00c3dc70      0x4e0 greenscreen.o
                0x00c3dc70                green_screen_step
 .text          0x00c3e150     0x21c0 fps-engio.o
                0x00c3e988                EngDrvOutLV
                0x00c3eea0                fps_should_record_wav
                0x00c3eea8                get_current_tg_freq
                0x00c3f124                get_max_shutter_timer
                0x00c3f158                get_shutter_speed_us_from_timer
                0x00c3f194                was_sound_recording_disabled_by_fps_override
                0x00c3f1ac                fps_get_current_x1000
                0x00c3f1ec                fps_override_shutter_blanking
                0x00c3f3b0                get_current_shutter_reciprocal_x1000
                0x00c3f454                fps_get_shutter_speed_shift
                0x00c400bc                fps_update_timers_from_evfstate
                0x00c40134                fps_mvr_log
                0x00c40198                handle_fps_events
                0x00c40270                fps_get_iso_correction_evx8
                0x00c40278                fps_expo_iso_step
                0x00c4027c                get_frame_iso
                0x00c4028c                set_frame_iso
                0x00c4029c                can_set_frame_iso
                0x00c402a4                get_frame_shutter_timer
                0x00c402b4                set_frame_shutter_timer
                0x00c402cc                set_frame_shutter
                0x00c402fc                can_set_frame_shutter_timer
 .text          0x00c40310     0x8e40 shoot.o
                0x00c403bc                is_native_iso
                0x00c40434                kelvin_n_gm_auto
                0x00c40a4c                iso_toggle
                0x00c40bb4                shutter_toggle
                0x00c40c68                kelvin_toggle
                0x00c42258                aperture_toggle
                0x00c42a74                display_idle
                0x00c42b04                uniwb_is_active
                0x00c42dfc                is_hdr_bracketing_enabled
                0x00c43090                is_intervalometer_running
                0x00c430a0                get_interval_count
                0x00c430b0                get_interval_time
                0x00c430c0                set_interval_time
                0x00c430d0                format_time_hours_minutes_seconds
                0x00c431d0                get_bulb_shutter_raw_equiv
                0x00c431ec                get_seconds_clock
                0x00c431fc                get_ms_clock_value
                0x00c43214                get_us_clock_value
                0x00c4322c                get_ms_clock_value_fast
                0x00c4323c                should_run_polling_action
                0x00c43268                get_trap_focus
                0x00c43278                set_flash_firing
                0x00c432b8                get_afframe_pos
                0x00c43338                get_afframe_sensor_res
                0x00c43360                set_lv_zoom
                0x00c43418                get_mlu_delay
                0x00c43490                focus_box_get_raw_crop_offset
                0x00c435fc                center_lv_afframe
                0x00c43610                move_lv_afframe
                0x00c4379c                center_lv_afframe_do
                0x00c43b00                handle_lv_afframe_workaround
                0x00c43b7c                next_image_in_play_mode
                0x00c43bec                expfuse_preview_update_task
                0x00c43d68                playback_compare_images
                0x00c43d94                expfuse_preview_update
                0x00c43dc0                expo_adjust_playback
                0x00c43ff8                ensure_movie_mode
                0x00c44054                ensure_photo_mode
                0x00c4408c                is_lowgain_iso
                0x00c440f8                is_round_iso
                0x00c44144                get_picstyle_name
                0x00c44520                get_picstyle_shortname
                0x00c4462c                mvr_rec_start_shoot
                0x00c44708                zoom_focus_ring_trigger
                0x00c4478c                zoom_focus_ring_engage
                0x00c44834                handle_zoom_x5_x10
                0x00c448f4                zoom_sharpen_step
                0x00c44a50                is_bulb_mode
                0x00c44a98                handle_mlu_handheld
                0x00c4540c                ensure_bulb_mode
                0x00c4547c                set_drive_single
                0x00c454b0                bulb_take_pic
                0x00c458a4                expo_lock_update_value
                0x00c458bc                handle_expo_preset
                0x00c45aa4                hdr_flag_picture_was_taken
                0x00c45ab8                hdr_script_get_first_file_number
                0x00c45af4                hdr_create_script
                0x00c45ee4                interval_create_script
                0x00c4616c                take_a_pic
                0x00c46548                movie_start
                0x00c46600                movie_end
                0x00c466ec                schedule_remote_shot
                0x00c46700                schedule_movie_start
                0x00c46714                schedule_movie_end
                0x00c46728                exit_play_qr_mode
                0x00c467c4                enter_play_mode
                0x00c46864                playback_compare_images_task
                0x00c46bb8                hdr_shot
                0x00c47008                display_trap_focus_info
                0x00c471c4                display_shooting_info_lv
                0x00c472a4                intervalometer_stop
                0x00c47310                handle_intervalometer
                0x00c47350                wait_till_next_second
                0x00c4737c                is_continuous_drive
                0x00c4739c                take_fast_pictures
                0x00c474b0                remote_shot
                0x00c49124                shoot_task_redraw
                0x00c49140                iso_refresh_display
 .text          0x00c49150      0x660 hdr.o
                0x00c49224                hdr_video_enabled
                0x00c49244                hdr_get_iso_range
                0x00c49278                hdr_step
                0x00c493d0                hdr_kill_flicker
                0x00c494b4                get_effective_hdr_iso_for_display
                0x00c496dc                hdr_mvr_log
 .text          0x00c497b0      0xe90 lv-img-engio.o
                0x00c49ffc                get_digic_iso_gain_movie
                0x00c4a014                get_digic_iso_gain_photo
                0x00c4a02c                set_display_gain_equiv
                0x00c4a058                set_movie_digital_iso_gain
                0x00c4a070                set_movie_digital_iso_gain_for_gradual_expo
                0x00c4a080                set_photo_digital_iso_gain_for_bv
                0x00c4a090                gain_to_ev_scaled
                0x00c4a0d4                digic_iso_print_movie
                0x00c4a194                display_gain_print
                0x00c4a1e4                digic_iso_or_gain_toggle
                0x00c4a280                digic_iso_toggle_movie
                0x00c4a28c                digic_iso_toggle
                0x00c4a2bc                display_gain_toggle
                0x00c4a2c8                vignetting_correction_apply_regs
                0x00c4a388                shutter_finetune_step
                0x00c4a3f0                shutter_finetune_get_adjusted_timer
                0x00c4a414                image_effects_step
                0x00c4a418                digic_iso_step
 .text          0x00c4a640      0x270 state-object.o
                0x00c4a810                wait_lv_frames
 .text          0x00c4a8b0      0x6f0 tasks.o
                0x00c4a8f8                get_current_task_name
                0x00c4a978                get_task_name_from_id
                0x00c4a9c4                task_update_loads
                0x00c4ac0c                tasks_toggle_flags
                0x00c4ac20                tasks_print
 .text          0x00c4afa0       0x60 vsync-lite.o
                0x00c4afc4                lv_vsync_signal
                0x00c4afd8                lv_vsync
 .text          0x00c4b000      0x5e0 tskmon.o
                0x00c4b000                tskmon_trace_thread
                0x00c4b1a0                tskmon_update_loads
                0x00c4b2f4                tskmon_stack_check
                0x00c4b310                tskmon_stack_check_all
                0x00c4b334                tskmon_stack_get_max
                0x00c4b358                tskmon_task_dispatch
                0x00c4b564                tskmon_init
                0x00c4b5a4                tskmon_trace
 .text          0x00c4b5e0      0x2f0 battery.o
                0x00c4b710                GetBatteryLevel
                0x00c4b720                GetBatteryPerformance
                0x00c4b730                GetBatteryHist
                0x00c4b740                GetBatteryTimeRemaining
                0x00c4b760                GetBatteryDrainRate
                0x00c4b77c                RefreshBatteryLevel_1Hz
                0x00c4b830                batt_display
 .text          0x00c4b8d0      0x7c0 imgconv.o
                0x00c4b9a0                precompute_yuv2rgb
                0x00c4ba40                yuv2rgb
                0x00c4bac4                rgb2yuv422_rec709
                0x00c4bb84                rgb2yuv422_rec601
                0x00c4bc54                rgb2yuv422
                0x00c4bc58                uyvy_split
                0x00c4bc88                yuv_resize
                0x00c4bd3c                yuv_halfcopy
                0x00c4bdd8                yuv411_to_422
                0x00c4be3c                yuv411_to_rgb
                0x00c4bf6c                yuvcpy_main
                0x00c4bfd8                little_cleanup
                0x00c4c05c                yuv422_get_pixel
 .text          0x00c4c090     0x19d0 histogram.o
                0x00c4c658                hist_build_raw
                0x00c4ca70                raw_histo_update
                0x00c4cb2c                hist_draw_image
                0x00c4d2e0                hist_print
                0x00c4d3f0                hist_warn_display
                0x00c4d474                raw_hist_get_percentile_levels
                0x00c4d8e0                raw_hist_get_percentile_level
                0x00c4d910                raw_hist_get_overexposure_percentage
 .text          0x00c4da60      0x400 falsecolor.o
                0x00c4da60                falsecolor_value_ex
                0x00c4da74                falsecolor_value
                0x00c4da94                falsecolor_fordraw
                0x00c4dac0                draw_false_downsampled
                0x00c4dce8                falsecolor_palette_name
                0x00c4dd74                falsecolor_palette_preview
                0x00c4dddc                falsecolor_display
                0x00c4de10                falsecolor_display_palette
 .text          0x00c4de60      0x950 audio-ak.o
                0x00c4df78                sound_recording_enabled_canon
                0x00c4df90                sound_recording_enabled
                0x00c4e078                get_audio_levels
                0x00c4e084                audio_level_to_db
                0x00c4e5b8                input_toggle
                0x00c4e5bc                audio_meters_are_drawn
                0x00c4e5c0                audio_configure
                0x00c4e740                out_volume_up
                0x00c4e774                out_volume_down
 .text          0x00c4e7b0     0x8bf0 zebra.o
                0x00c4fab4                get_y_skip_offset_for_overlays
                0x00c4fb80                get_y_skip_offset_for_histogram
                0x00c4fbdc                lv_luma_is_accurate
                0x00c4fe48                focus_peaking_as_display_filter
                0x00c4fe80                histogram_or_small_waveform_enabled
                0x00c4fef8                get_bvram_mirror
                0x00c50a54                crop_set_dirty
                0x00c50aac                set_movie_cropmarks
                0x00c50b44                reset_movie_cropmarks
                0x00c50b5c                get_global_draw
                0x00c50c8c                get_zoom_overlay_trigger_mode
                0x00c50cbc                get_zoom_overlay_trigger_by_focus_ring
                0x00c513b8                cropmark_clear_cache
                0x00c51964                get_global_draw_setting
                0x00c51974                zebra_highlight_raw_advanced
                0x00c51d0c                get_under_and_over_exposure
                0x00c51e80                bvram_mirror_init
                0x00c51ef8                peak_disp_filter
                0x00c530d4                get_spot_yuv_ex
                0x00c532b0                get_spot_yuv
                0x00c532e0                get_spot_motion
                0x00c535a4                get_spot_focus
                0x00c536bc                spotmeter_erase
                0x00c537cc                handle_zoom_overlay
                0x00c538d0                zoom_overlay_disable
                0x00c538e8                zoom_overlay_set_countdown
                0x00c538f8                liveview_display_idle
                0x00c539d8                zebra_should_run
                0x00c53a6c                should_draw_zoom_overlay
                0x00c53b90                digic_zoom_overlay_enabled
                0x00c54470                nondigic_zoom_overlay_enabled
                0x00c54bdc                should_draw_bottom_graphs
                0x00c54c30                draw_histogram_and_waveform
                0x00c55674                redraw
                0x00c55700                handle_transparent_overlay
                0x00c55858                digic_zoom_overlay_step
                0x00c55d8c                lens_display_set_dirty
                0x00c55db4                _redraw_do
                0x00c55e90                is_focus_peaking_enabled
                0x00c55f0c                update_disp_mode_bits_from_params
                0x00c56fb4                update_disp_mode_params_from_bits
                0x00c5709c                get_disp_mode
                0x00c570ac                toggle_disp_mode
                0x00c57190                handle_disp_preset_key
                0x00c57248                handle_overlays_playback
                0x00c572f4                peaking_benchmark
 .text          0x00c573a0      0x5d0 vectorscope.o
                0x00c57544                vectorscope_addpixel
                0x00c57664                vectorscope_should_draw
                0x00c57674                vectorscope_request_draw
                0x00c57684                vectorscope_start
                0x00c576c0                vectorscope_redraw
 .text          0x00c57970       0x20 beep.o
                0x00c57970                unsafe_beep
                0x00c57974                beep
                0x00c57978                Beep
                0x00c5797c                beep_times
                0x00c57980                WAV_StartRecord
                0x00c57984                WAV_StopRecord
                0x00c57988                beep_custom
 .text          0x00c57990        0x0 crop-mode-hack.o
 .text          0x00c57990       0x30 ph_info_disp.o
                0x00c57990                display_shooting_info
 .text          0x00c579c0     0x1900 flexinfo.o
                0x00c57a80                info_trim_string
                0x00c57afc                info_get_cardmaker
                0x00c57b04                info_get_cardmodel
                0x00c57b0c                info_get_cardlabel
                0x00c57b14                info_get_string
                0x00c5887c                info_measure_string
                0x00c5890c                info_get_anchor_offset
                0x00c5896c                info_get_by_name
                0x00c589b0                info_get_absolute
                0x00c58ac4                info_resolve_color
                0x00c58b34                info_print_string
                0x00c58c64                info_print_text
                0x00c58d74                info_print_fill
                0x00c58dd4                info_print_icon
                0x00c58df0                info_print_battery_perf
                0x00c58f44                info_print_battery_icon
                0x00c58f70                info_get_next_z
                0x00c58fb0                info_print_element
                0x00c59050                info_print_config
                0x00c5913c                info_print_screen
                0x00c591c8                info_add_item
                0x00c5926c                info_free_item
 .text          0x00c592c0      0x410 screenshot.o
                0x00c592c0                take_screenshot
 .text          0x00c596d0      0x1d0 fileprefix.o
                0x00c59704                get_file_prefix
                0x00c59710                file_prefix_set
                0x00c5980c                file_prefix_reset
 .text          0x00c598a0      0xc70 lvinfo.o
                0x00c5a258                lvinfo_add_items
                0x00c5a2d8                lvinfo_add_item
                0x00c5a2e0                lvinfo_display
 .text          0x00c5a510      0x320 builtin-enforcing.o
                0x00c5a510                unused_dummy_func
 .text          0x00c5a830      0xc10 powersave.o
                0x00c5a858                idle_globaldraw_dis
                0x00c5a870                idle_globaldraw_en
                0x00c5aaa0                powersave_prolong
                0x00c5aac8                powersave_prohibit
                0x00c5aaf0                powersave_permit
                0x00c5ab18                PauseLiveView
                0x00c5ac2c                display_on
                0x00c5ac34                display_off
                0x00c5ad20                idle_led_blink_step
                0x00c5addc                idle_is_powersave_enabled
                0x00c5ae14                idle_is_powersave_enabled_on_info_disp_key
                0x00c5ae3c                idle_is_powersave_active
                0x00c5aeac                idle_force_powersave_in_1s
                0x00c5aee8                idle_force_powersave_now
                0x00c5af24                handle_powersave_key
                0x00c5afbc                idle_wakeup_reset_counters
                0x00c5b020                ResumeLiveView
                0x00c5b260                idle_powersave_step
 .text          0x00c5b440      0x630 ml-cbr.o
                0x00c5b514                ml_register_cbr
                0x00c5b6f8                ml_unregister_cbr
                0x00c5b7dc                ml_notify_cbr
                0x00c5b89c                debug_cbr_tree
                0x00c5b92c                _ml_cbr_init
 .text          0x00c5ba70     0x2a80 raw.o
                0x00c5ba94                raw_red_pixel
                0x00c5bad4                raw_green_pixel
                0x00c5bb18                raw_blue_pixel
                0x00c5bb60                raw_red_pixel_dark
                0x00c5bbc8                raw_green_pixel_dark
                0x00c5bc38                raw_blue_pixel_dark
                0x00c5bcac                raw_red_pixel_bright
                0x00c5bd14                raw_green_pixel_bright
                0x00c5bd84                raw_blue_pixel_bright
                0x00c5c868                raw_set_dirty
                0x00c5c87c                raw_set_preview_rect
                0x00c5c964                raw_set_geometry
                0x00c5caa8                raw_get_pixel
                0x00c5ce78                raw_get_pixel_ex
                0x00c5cfac                raw_set_pixel
                0x00c5d17c                raw_get_gray_pixel
                0x00c5d398                raw_to_ev
                0x00c5d4a0                ev_to_raw
                0x00c5d508                raw_lv_redirect_edmac
                0x00c5d51c                raw_lv_vsync
                0x00c5d5d4                raw_lv_settings_still_valid
                0x00c5d63c                raw_preview_fast_ex
                0x00c5d6fc                raw_preview_fast
                0x00c5d724                raw_lv_is_enabled
                0x00c5d734                raw_force_aspect_ratio_1to1
                0x00c5d814                get_dxo_dynamic_range
                0x00c5d8b0                can_use_raw_overlays_photo
                0x00c5e188                raw_update_params
                0x00c5e280                raw_lv_request
                0x00c5e30c                raw_lv_release
                0x00c5e36c                can_use_raw_overlays
                0x00c5e400                can_use_raw_overlays_menu
                0x00c5e474                menu_set_warning_raw
                0x00c5e4c8                menu_checkdep_raw
 .text          0x00c5e4f0     0x1490 chdk-dng.o
                0x00c5f34c                reverse_bytes_order
                0x00c5f414                dng_set_thumbnail_size
                0x00c5f428                dng_set_camname
                0x00c5f43c                dng_set_camserial
                0x00c5f450                dng_set_description
                0x00c5f464                dng_set_lensmodel
                0x00c5f478                dng_set_focal
                0x00c5f48c                dng_set_aperture
                0x00c5f4a0                dng_set_shutter
                0x00c5f4b4                dng_set_framerate
                0x00c5f4cc                dng_set_framerate_rational
                0x00c5f4e0                dng_set_iso
                0x00c5f4f4                dng_set_wbgain
                0x00c5f520                dng_set_datetime
                0x00c5f558                save_dng
 .text          0x00c5f980      0x800 edmac-memcpy.o
                0x00c5fa78                edmac_memcpy_res_lock
                0x00c5fab0                edmac_memcpy_res_unlock
                0x00c5fac0                edmac_copy_rectangle_cbr_start
                0x00c5fcf8                edmac_copy_rectangle_adv_cleanup
                0x00c5fd48                edmac_copy_rectangle_adv_finish
                0x00c5fd80                edmac_copy_rectangle_adv_start
                0x00c5fde4                edmac_copy_rectangle_adv
                0x00c5fe38                edmac_copy_rectangle
                0x00c5fe70                edmac_copy_rectangle_start
                0x00c5fea8                edmac_copy_rectangle_finish
                0x00c5feac                edmac_memset
                0x00c5ff80                edmac_find_divider
                0x00c60008                edmac_memcpy_start
                0x00c600b8                edmac_memcpy_finish
                0x00c600bc                edmac_memcpy
                0x00c600d4                edmac_raw_slurp
 .text          0x00c60180      0x810 console.o
                0x00c60630                console_show
                0x00c60644                console_hide
                0x00c6066c                console_toggle
                0x00c60688                console_clear
                0x00c606ac                console_puts
                0x00c608e8                console_draw_from_menu
                0x00c60904                printf
                0x00c60974                puts
 .text          0x00c60990      0x180 tcc-glue.o
                0x00c60990                _tcc_exit
                0x00c609b4                _tcc_open
                0x00c60a78                _tcc_read
                0x00c60ac0                _tcc_close
                0x00c60ad0                _tcc_lseek
 .text          0x00c60b10     0x4260 ../../tcc/libtccx.o
                0x00c6175c                tcc_delete
                0x00c61b6c                tcc_add_file
                0x00c61d0c                tcc_add_symbol
                0x00c61e78                tcc_new
                0x00c620b8                tcc_set_options
                0x00c62eac                tcc_get_symbol
                0x00c64978                tcc_load_offline_section
                0x00c64c60                tcc_relocate
 .text          0x00c64d70     0x26e0 module.o
                0x00c65e0c                module_load
                0x00c65e94                module_get_symbol
                0x00c65ea0                module_exec
                0x00c6603c                module_unload
                0x00c6604c                module_exec_cbr
                0x00c660cc                module_translate_key
                0x00c664c0                module_send_keypress
                0x00c664d8                handle_module_keys
                0x00c665a8                module_display_filter_enabled
                0x00c66620                module_display_filter_update
                0x00c666c4                module_get_string
                0x00c67194                module_get_name
                0x00c671b0                module_get_next_loaded
                0x00c671fc                module_get_config_var
                0x00c67274                module_config_var_lookup
                0x00c672e8                module_save_configs
                0x00c6738c                module_shutdown
 .text          0x00c67450      0x230 afma.o
                0x00c674d4                get_afma
                0x00c67554                set_afma
                0x00c6761c                set_afma_mode
                0x00c67658                get_afma_mode
                0x00c67668                get_afma_max
                0x00c67670                get_config_afma_wide_tele
 .text          0x00c67680      0x250 gps.o
                0x00c676f8                gps_tweaks_init
                0x00c677fc                gps_get_state
                0x00c6780c                gps_disable
                0x00c67814                gps_enable
                0x00c67818                gps_tweaks_shutdown_hook
                0x00c67878                gps_tweaks_startup_hook
 .text          0x00c678d0       0x28 dietlibc.a(strrchr.o)
                0x00c678d0                strrchr
                0x00c678d0                rindex
 .text          0x00c678f8       0x20 dietlibc.a(strncpy.o)
                0x00c678f8                strncpy
 .text          0x00c67918       0x1c dietlibc.a(strlen.o)
                0x00c67918                strlen
 .text          0x00c67934       0x38 dietlibc.a(strncmp.o)
                0x00c67934                strncmp
 .text          0x00c6796c       0x1c dietlibc.a(strcpy.o)
                0x00c6796c                strcpy
 .text          0x00c67988       0x30 dietlibc.a(strcmp.o)
                0x00c67988                strcoll
                0x00c67988                strcmp
 .text          0x00c679b8       0x44 dietlibc.a(strcasecmp.o)
                0x00c679b8                strcasecmp
 .text          0x00c679fc      0x208 dietlibc.a(strtoull.o)
                0x00c679fc                strtoumax
                0x00c679fc                strtoull
                0x00c679fc                strtouq
 .text          0x00c67c04      0x19c dietlibc.a(strtoul.o)
                0x00c67c04                strtoul
 .text          0x00c67da0       0x2c dietlibc.a(strchr.o)
                0x00c67da0                index
                0x00c67da0                strchr
 .text          0x00c67dcc       0x8c dietlibc.a(strstr.o)
                0x00c67dcc                strstr
 .text          0x00c67e58       0x38 dietlibc.a(memcmp.o)
                0x00c67e58                bcmp
                0x00c67e58                memcmp
 .text          0x00c67e90       0x68 dietlibc.a(memmove.o)
                0x00c67e90                memmove
 .text          0x00c67ef8       0x7c dietlibc.a(atol.o)
                0x00c67ef8                atol
                0x00c67ef8                atoi
 .text          0x00c67f74        0x0 dietlibc.a(errno.o)
 .text          0x00c67f74       0x2c newlib-libc.a(lib_a-setjmp.o)
                0x00c67f74                setjmp
                0x00c67f88                longjmp
 .text          0x00c67fa0      0x168 newlib-libc.a(lib_a-memcpy-stub.o)
                0x00c67fa0                memcpy
 .text          0x00c68108       0xac newlib-libc.a(lib_a-memccpy.o)
                0x00c68108                memccpy
 .text          0x00c681b4      0x188 newlib-libc.a(lib_a-memset.o)
                0x00c681b4                memset
 .text          0x00c6833c       0xd0 newlib-libm.a(lib_a-sf_ceil.o)
                0x00c6833c                ceilf
 .text          0x00c6840c       0xa4 newlib-libm.a(lib_a-sf_cos.o)
                0x00c6840c                cosf
 .text          0x00c684b0       0x88 newlib-libm.a(lib_a-sf_frexp.o)
                0x00c684b0                frexpf
 .text          0x00c68538       0x1c newlib-libm.a(lib_a-sf_log2.o)
                0x00c68538                log2f
 .text          0x00c68554       0x7c newlib-libm.a(lib_a-sf_round.o)
                0x00c68554                roundf
 .text          0x00c685d0       0xbc newlib-libm.a(lib_a-sf_sin.o)
                0x00c685d0                sinf
 .text          0x00c6868c       0x74 newlib-libm.a(lib_a-sf_tan.o)
                0x00c6868c                tanf
 .text          0x00c68700      0x10c newlib-libm.a(lib_a-wf_acos.o)
                0x00c68700                acosf
 .text          0x00c6880c      0x10c newlib-libm.a(lib_a-wf_asin.o)
                0x00c6880c                asinf
 .text          0x00c68918       0x10 newlib-libm.a(lib_a-wf_atan2.o)
                0x00c68918                atan2f
 .text          0x00c68928      0x178 newlib-libm.a(lib_a-wf_exp.o)
                0x00c68928                expf
 .text          0x00c68aa0      0x13c newlib-libm.a(lib_a-wf_fmod.o)
                0x00c68aa0                fmodf
 .text          0x00c68bdc      0x164 newlib-libm.a(lib_a-wf_log10.o)
                0x00c68bdc                log10f
 .text          0x00c68d40      0x164 newlib-libm.a(lib_a-wf_log.o)
                0x00c68d40                logf
 .text          0x00c68ea4      0x504 newlib-libm.a(lib_a-wf_pow.o)
                0x00c68ea4                powf
 .text          0x00c693a8      0x11c newlib-libm.a(lib_a-wf_sqrt.o)
                0x00c693a8                sqrtf
 .text          0x00c694c4      0x3bc newlib-libm.a(lib_a-ef_acos.o)
                0x00c694c4                __ieee754_acosf
 .text          0x00c69880      0x38c newlib-libm.a(lib_a-ef_asin.o)
                0x00c69880                __ieee754_asinf
 .text          0x00c69c0c      0x1b4 newlib-libm.a(lib_a-ef_atan2.o)
                0x00c69c0c                __ieee754_atan2f
 .text          0x00c69dc0      0x2b4 newlib-libm.a(lib_a-ef_exp.o)
                0x00c69dc0                __ieee754_expf
 .text          0x00c6a074      0x18c newlib-libm.a(lib_a-ef_fmod.o)
                0x00c6a074                __ieee754_fmodf
 .text          0x00c6a200       0xf8 newlib-libm.a(lib_a-ef_log10.o)
                0x00c6a200                __ieee754_log10f
 .text          0x00c6a2f8      0x3b8 newlib-libm.a(lib_a-ef_log.o)
                0x00c6a2f8                __ieee754_logf
 .text          0x00c6a6b0      0x998 newlib-libm.a(lib_a-ef_pow.o)
                0x00c6a6b0                __ieee754_powf
 .text          0x00c6b048      0x454 newlib-libm.a(lib_a-ef_rem_pio2.o)
                0x00c6b048                __ieee754_rem_pio2f
 .text          0x00c6b49c      0x114 newlib-libm.a(lib_a-ef_sqrt.o)
                0x00c6b49c                __ieee754_sqrtf
 .text          0x00c6b5b0      0x214 newlib-libm.a(lib_a-kf_cos.o)
                0x00c6b5b0                __kernel_cosf
 .text          0x00c6b7c4      0x950 newlib-libm.a(lib_a-kf_rem_pio2.o)
                0x00c6b7c4                __kernel_rem_pio2f
 .text          0x00c6c114      0x14c newlib-libm.a(lib_a-kf_sin.o)
                0x00c6c114                __kernel_sinf
 .text          0x00c6c260      0x360 newlib-libm.a(lib_a-kf_tan.o)
                0x00c6c260                __kernel_tanf
 .text          0x00c6c5c0      0x2fc newlib-libm.a(lib_a-sf_atan.o)
                0x00c6c5c0                atanf
 .text          0x00c6c8bc        0x8 newlib-libm.a(lib_a-sf_fabs.o)
                0x00c6c8bc                fabsf
 .text          0x00c6c8c4       0x1c newlib-libm.a(lib_a-sf_finite.o)
                0x00c6c8c4                finitef
 .text          0x00c6c8e0       0xd4 newlib-libm.a(lib_a-sf_floor.o)
                0x00c6c8e0                floorf
 .text          0x00c6c9b4       0x6c newlib-libm.a(lib_a-sf_fpclassify.o)
                0x00c6c9b4                __fpclassifyf
 .text          0x00c6ca20        0xc newlib-libm.a(lib_a-sf_nan.o)
                0x00c6ca20                nanf
 .text          0x00c6ca2c      0x11c newlib-libm.a(lib_a-sf_scalbn.o)
                0x00c6ca2c                scalbnf
 .text          0x00c6cb48        0x0 newlib-libm.a(lib_a-s_lib_ver.o)
 .text          0x00c6cb48        0x8 newlib-libm.a(lib_a-s_matherr.o)
                0x00c6cb48                matherr
 .text          0x00c6cb50       0x10 newlib-libm.a(lib_a-s_nan.o)
                0x00c6cb50                nan
 .text          0x00c6cb60      0x1a0 newlib-libm.a(lib_a-s_rint.o)
                0x00c6cb60                rint
 .text          0x00c6cd00       0x10 newlib-libm.a(lib_a-sf_copysign.o)
                0x00c6cd00                copysignf
 .text          0x00c6cd10      0x114 gcc-libgcc.a(_udivsi3.o)
                0x00c6cd10                __udivsi3
                0x00c6cd10                __aeabi_uidiv
                0x00c6ce04                __aeabi_uidivmod
 .text          0x00c6ce24      0x148 gcc-libgcc.a(_divsi3.o)
                0x00c6ce24                __aeabi_idiv
                0x00c6ce24                __divsi3
                0x00c6cf4c                __aeabi_idivmod
 .text          0x00c6cf6c        0x4 gcc-libgcc.a(_dvmd_tls.o)
                0x00c6cf6c                __aeabi_ldiv0
                0x00c6cf6c                __aeabi_idiv0
 .text          0x00c6cf70      0x41c gcc-libgcc.a(_arm_addsubdf3.o)
                0x00c6cf70                __aeabi_drsub
                0x00c6cf78                __aeabi_dsub
                0x00c6cf78                __subdf3
                0x00c6cf7c                __adddf3
                0x00c6cf7c                __aeabi_dadd
                0x00c6d28c                __aeabi_ui2d
                0x00c6d28c                __floatunsidf
                0x00c6d2b0                __floatsidf
                0x00c6d2b0                __aeabi_i2d
                0x00c6d2d8                __extendsfdf2
                0x00c6d2d8                __aeabi_f2d
                0x00c6d318                __aeabi_ul2d
                0x00c6d318                __floatundidf
                0x00c6d32c                __floatdidf
                0x00c6d32c                __aeabi_l2d
 .text          0x00c6d38c      0x49c gcc-libgcc.a(_arm_muldivdf3.o)
                0x00c6d38c                __aeabi_dmul
                0x00c6d38c                __muldf3
                0x00c6d61c                __aeabi_ddiv
                0x00c6d61c                __divdf3
 .text          0x00c6d828      0x144 gcc-libgcc.a(_arm_cmpdf2.o)
                0x00c6d828                __gtdf2
                0x00c6d828                __gedf2
                0x00c6d830                __ltdf2
                0x00c6d830                __ledf2
                0x00c6d838                __cmpdf2
                0x00c6d838                __eqdf2
                0x00c6d838                __nedf2
                0x00c6d8c0                __aeabi_cdrcmple
                0x00c6d8dc                __aeabi_cdcmple
                0x00c6d8dc                __aeabi_cdcmpeq
                0x00c6d8f4                __aeabi_dcmpeq
                0x00c6d90c                __aeabi_dcmplt
                0x00c6d924                __aeabi_dcmple
                0x00c6d93c                __aeabi_dcmpge
                0x00c6d954                __aeabi_dcmpgt
 .text          0x00c6d96c       0x5c gcc-libgcc.a(_arm_fixdfsi.o)
                0x00c6d96c                __fixdfsi
                0x00c6d96c                __aeabi_d2iz
 .text          0x00c6d9c8       0xa0 gcc-libgcc.a(_arm_truncdfsf2.o)
                0x00c6d9c8                __aeabi_d2f
                0x00c6d9c8                __truncdfsf2
 .text          0x00c6da68      0x2ac gcc-libgcc.a(_arm_addsubsf3.o)
                0x00c6da68                __aeabi_frsub
                0x00c6da70                __subsf3
                0x00c6da70                __aeabi_fsub
                0x00c6da74                __aeabi_fadd
                0x00c6da74                __addsf3
                0x00c6dc30                __aeabi_ui2f
                0x00c6dc30                __floatunsisf
                0x00c6dc38                __aeabi_i2f
                0x00c6dc38                __floatsisf
                0x00c6dc58                __floatundisf
                0x00c6dc58                __aeabi_ul2f
                0x00c6dc68                __floatdisf
                0x00c6dc68                __aeabi_l2f
 .text          0x00c6dd14      0x2f8 gcc-libgcc.a(_arm_muldivsf3.o)
                0x00c6dd14                __mulsf3
                0x00c6dd14                __aeabi_fmul
                0x00c6deac                __divsf3
                0x00c6deac                __aeabi_fdiv
 .text          0x00c6e00c      0x114 gcc-libgcc.a(_arm_cmpsf2.o)
                0x00c6e00c                __gtsf2
                0x00c6e00c                __gesf2
                0x00c6e014                __lesf2
                0x00c6e014                __ltsf2
                0x00c6e01c                __nesf2
                0x00c6e01c                __eqsf2
                0x00c6e01c                __cmpsf2
                0x00c6e080                __aeabi_cfrcmple
                0x00c6e090                __aeabi_cfcmple
                0x00c6e090                __aeabi_cfcmpeq
                0x00c6e0a8                __aeabi_fcmpeq
                0x00c6e0c0                __aeabi_fcmplt
                0x00c6e0d8                __aeabi_fcmple
                0x00c6e0f0                __aeabi_fcmpge
                0x00c6e108                __aeabi_fcmpgt
 .text          0x00c6e120       0x5c gcc-libgcc.a(_arm_fixsfsi.o)
                0x00c6e120                __fixsfsi
                0x00c6e120                __aeabi_f2iz
 .text          0x00c6e17c       0x54 gcc-libgcc.a(_arm_fixunssfsi.o)
                0x00c6e17c                __aeabi_f2uiz
                0x00c6e17c                __fixunssfsi
 .text          0x00c6e1d0       0x44 gcc-libgcc.a(_aeabi_ldivmod.o)
                0x00c6e1d0                __aeabi_ldivmod
 .text          0x00c6e214       0x3c gcc-libgcc.a(_aeabi_uldivmod.o)
                0x00c6e214                __aeabi_uldivmod
 .text          0x00c6e250       0x34 gcc-libgcc.a(_popcountsi2.o)
                0x00c6e250                __popcountsi2
 .text          0x00c6e284       0x40 gcc-libgcc.a(_fixsfdi.o)
                0x00c6e284                __aeabi_f2lz
                0x00c6e284                __fixsfdi
 .text          0x00c6e2c4       0x6c gcc-libgcc.a(_fixunssfdi.o)
                0x00c6e2c4                __aeabi_f2ulz
                0x00c6e2c4                __fixunssfdi
 .text          0x00c6e330       0x84 gcc-libgcc.a(bpabi.o)
                0x00c6e330                __gnu_ldivmod_helper
                0x00c6e374                __gnu_uldivmod_helper
 .text          0x00c6e3b4       0x54 gcc-libgcc.a(_arm_fixunsdfsi.o)
                0x00c6e3b4                __fixunsdfsi
                0x00c6e3b4                __aeabi_d2uiz
 .text          0x00c6e408        0x0 gcc-libgcc.a(_popcount_tab.o)
 .text          0x00c6e408      0x4d0 gcc-libgcc.a(_divdi3.o)
                0x00c6e408                __divdi3
 .text          0x00c6e8d8      0x470 gcc-libgcc.a(_udivdi3.o)
                0x00c6e8d8                __udivdi3
 .text          0x00c6ed48       0x48 gcc-libgcc.a(_clzsi2.o)
                0x00c6ed48                __clzsi2
                0x00c6ed90                _text_end = .
                0x00c6edc0                . = ALIGN (0x40)
 *fill*         0x00c6ed90       0x30 
                0x00c6edc0                _rodata_start = .
 *(.rodata)
 .rodata        0x00c6edc0       0x53 version.o
                0x00c6edc0                build_user
                0x00c6edcc                build_date
                0x00c6ede4                build_id
                0x00c6edfb                build_version
 .rodata        0x00c6ee13       0x35 fio-ml.o
 .rodata        0x00c6ee48       0x64 mem.o
 .rodata        0x00c6eeac      0xd38 ico.o
                0x00c6eeac                menu_icons_body
 .rodata        0x00c6fbe4      0x14c edmac.o
 .rodata        0x00c6fd30       0x8c menu.o
 .rodata        0x00c6fdbc        0xc debug.o
 .rodata        0x00c6fdc8        0xb util.o
 .rodata        0x00c6fdd3       0x19 cfn.o
 .rodata        0x00c6fdec       0xab exmem.o
 .rodata        0x00c6fe97       0x51 bmp.o
 .rodata        0x00c6fee8       0x2c config.o
 .rodata        0x00c6ff14       0x18 stdio.o
 .rodata        0x00c6ff2c      0x104 tweaks.o
 .rodata        0x00c70030      0x386 lens.o
 .rodata        0x00c703b6       0x14 property.o
 .rodata        0x00c703ca       0x24 movtweaks.o
 *fill*         0x00c703ee        0x2 
 .rodata        0x00c703f0      0x120 fps-engio.o
 .rodata        0x00c70510      0x68c shoot.o
 .rodata        0x00c70b9c       0x44 lv-img-engio.o
 .rodata        0x00c70be0       0x13 state-object.o
 .rodata        0x00c70bf3       0x23 tasks.o
 .rodata        0x00c70c16        0x8 histogram.o
 *fill*         0x00c70c1e        0x2 
 .rodata        0x00c70c20       0xb8 zebra.o
 .rodata        0x00c70cd8       0x58 powersave.o
 .rodata        0x00c70d30       0x63 ml-cbr.o
 *fill*         0x00c70d93        0x1 
 .rodata        0x00c70d94       0x4c raw.o
 .rodata        0x00c70de0      0x11c chdk-dng.o
 .rodata        0x00c70efc       0x31 edmac-memcpy.o
 *fill*         0x00c70f2d        0x3 
 .rodata        0x00c70f30      0x1b8 ../../tcc/libtccx.o
 .rodata        0x00c710e8       0x18 afma.o
 .rodata        0x00c71100        0x8 gps.o
 .rodata        0x00c71108       0x18 newlib-libm.a(lib_a-ef_exp.o)
 .rodata        0x00c71120        0x8 newlib-libm.a(lib_a-ef_fmod.o)
 .rodata        0x00c71128       0x18 newlib-libm.a(lib_a-ef_pow.o)
 .rodata        0x00c71140      0x398 newlib-libm.a(lib_a-ef_rem_pio2.o)
 .rodata        0x00c714d8       0x38 newlib-libm.a(lib_a-kf_rem_pio2.o)
 .rodata        0x00c71510       0x20 newlib-libm.a(lib_a-sf_atan.o)
 .rodata        0x00c71530       0x10 newlib-libm.a(lib_a-s_rint.o)
 .rodata        0x00c71540      0x100 gcc-libgcc.a(_popcount_tab.o)
                0x00c71540                __popcount_tab
                0x00c71640                _rodata_end = .
                0x00c71640                _data_start = .

.rodata.str1.1  0x00c71640     0xbef8
 .rodata.str1.1
                0x00c71640       0x46 backtrace.o
 .rodata.str1.1
                0x00c71686       0xdc boot-hack.o
                                 0xdf (size before relaxing)
 .rodata.str1.1
                0x00c71762      0x129 fio-ml.o
                                0x135 (size before relaxing)
 .rodata.str1.1
                0x00c7188b      0x5ce mem.o
                                0x62d (size before relaxing)
 .rodata.str1.1
                0x00000000       0x12 edmac.o
 .rodata.str1.1
                0x00c71e59      0x88f menu.o
                                0x90e (size before relaxing)
 .rodata.str1.1
                0x00c726e8      0x972 debug.o
                                0x9fa (size before relaxing)
 .rodata.str1.1
                0x00c7305a       0x12 posix.o
 .rodata.str1.1
                0x00c7306c       0x16 util.o
 .rodata.str1.1
                0x00c73082       0x30 electronic_level.o
                                 0x48 (size before relaxing)
 .rodata.str1.1
                0x00c730b2       0x12 cfn.o
 .rodata.str1.1
                0x00c730c4       0x28 picstyle.o
 .rodata.str1.1
                0x00c730ec      0x11c exmem.o
                                0x123 (size before relaxing)
 .rodata.str1.1
                0x00c73208       0x7f bmp.o
                                 0x88 (size before relaxing)
 .rodata.str1.1
                0x00c73287       0x78 rbf_font.o
 .rodata.str1.1
                0x00c732ff      0x4e2 config.o
                                0x52c (size before relaxing)
 .rodata.str1.1
                0x00c737e1       0x2b stdio.o
 .rodata.str1.1
                0x00c7380c       0xd5 bitrate-5d3.o
                                 0xdb (size before relaxing)
 .rodata.str1.1
                0x00c738e1     0x14cc tweaks.o
                               0x155a (size before relaxing)
 .rodata.str1.1
                0x00c74dad      0x874 lens.o
                                0x971 (size before relaxing)
 .rodata.str1.1
                0x00c75621       0x70 property.o
 .rodata.str1.1
                0x00c75691       0xd2 propvalues.o
                                 0xdf (size before relaxing)
 .rodata.str1.1
                0x00c75763       0x2d gui-common.o
                                 0x32 (size before relaxing)
 .rodata.str1.1
                0x00c75790      0x62a movtweaks.o
                                0x660 (size before relaxing)
 .rodata.str1.1
                0x00c75dba      0x2f3 menuhelp.o
                                0x352 (size before relaxing)
 .rodata.str1.1
                0x00c760ad      0x11b menuindex.o
                                0x120 (size before relaxing)
 .rodata.str1.1
                0x00c761c8       0x91 af_patterns.o
                                 0x97 (size before relaxing)
 .rodata.str1.1
                0x00c76259      0xb50 focus.o
                                0xb65 (size before relaxing)
 .rodata.str1.1
                0x00c76da9       0x42 notify_box.o
 .rodata.str1.1
                0x00c76deb       0x74 bootflags.o
 .rodata.str1.1
                0x00c76e5f       0x49 vram.o
 .rodata.str1.1
                0x00c76ea8       0x4b greenscreen.o
 .rodata.str1.1
                0x00c76ef3      0x714 fps-engio.o
                                0x740 (size before relaxing)
 .rodata.str1.1
                0x00c77607     0x29ad shoot.o
                               0x2ba8 (size before relaxing)
 .rodata.str1.1
                0x00c79fb4      0x110 hdr.o
                                0x123 (size before relaxing)
 .rodata.str1.1
                0x00c7a0c4      0x39c lv-img-engio.o
                                0x3f4 (size before relaxing)
 .rodata.str1.1
                0x00c7a460       0x55 state-object.o
 .rodata.str1.1
                0x00c7a4b5       0xbb tasks.o
                                 0xc2 (size before relaxing)
 .rodata.str1.1
                0x00c7a570        0xf vsync-lite.o
 .rodata.str1.1
                0x00c7a57f       0xa1 tskmon.o
                                 0xb7 (size before relaxing)
 .rodata.str1.1
                0x00c7a620       0x2e battery.o
 .rodata.str1.1
                0x00c7a64e      0x174 histogram.o
                                0x196 (size before relaxing)
 .rodata.str1.1
                0x00c7a7c2       0x64 falsecolor.o
 .rodata.str1.1
                0x00c7a826      0x150 audio-ak.o
                                0x164 (size before relaxing)
 .rodata.str1.1
                0x00c7a976     0x1459 zebra.o
                               0x15c6 (size before relaxing)
 .rodata.str1.1
                0x00c7bdcf       0xc3 vectorscope.o
                                 0xde (size before relaxing)
 .rodata.str1.1
                0x00c7be92       0xd0 flexinfo.o
                                0x179 (size before relaxing)
 .rodata.str1.1
                0x00c7bf62       0x32 screenshot.o
                                 0x35 (size before relaxing)
 .rodata.str1.1
                0x00000000        0x3 fileprefix.o
 .rodata.str1.1
                0x00c7bf94       0x12 lvinfo.o
                                 0x15 (size before relaxing)
 .rodata.str1.1
                0x00c7bfa6      0x2e8 powersave.o
                                0x2fb (size before relaxing)
 .rodata.str1.1
                0x00c7c28e       0xbb ml-cbr.o
                                 0xc7 (size before relaxing)
 .rodata.str1.1
                0x00c7c349      0x16b raw.o
                                0x18c (size before relaxing)
 .rodata.str1.1
                0x00c7c4b4       0x1b chdk-dng.o
                                 0x2b (size before relaxing)
 .rodata.str1.1
                0x00c7c4cf      0x116 edmac-memcpy.o
                                0x128 (size before relaxing)
 .rodata.str1.1
                0x00c7c5e5        0xd console.o
                                 0x12 (size before relaxing)
 .rodata.str1.1
                0x00c7c5f2       0x6c tcc-glue.o
 .rodata.str1.1
                0x00c7c65e      0x5db ../../tcc/libtccx.o
                                0x652 (size before relaxing)
 .rodata.str1.1
                0x00c7cc39      0x754 module.o
                                0x812 (size before relaxing)
 .rodata.str1.1
                0x00c7d38d       0x29 afma.o
 .rodata.str1.1
                0x00c7d3b6      0x182 gps.o
                                0x188 (size before relaxing)

.rodata.str1.4  0x00c7d538       0xc4
 .rodata.str1.4
                0x00c7d538       0x5a stdio.o
                                 0x5c (size before relaxing)
 *fill*         0x00c7d592        0x2 
 .rodata.str1.4
                0x00c7d594       0x16 histogram.o
                                 0x18 (size before relaxing)
 *fill*         0x00c7d5aa        0x2 
 .rodata.str1.4
                0x00c7d5ac       0x10 raw.o
 .rodata.str1.4
                0x00c7d5bc        0x6 newlib-libm.a(lib_a-wf_acos.o)
                                  0xc (size before relaxing)
 *fill*         0x00c7d5c2        0x2 
 .rodata.str1.4
                0x00c7d5c4        0x6 newlib-libm.a(lib_a-wf_asin.o)
                                  0xc (size before relaxing)
 *fill*         0x00c7d5ca        0x2 
 .rodata.str1.4
                0x00c7d5cc        0x5 newlib-libm.a(lib_a-wf_exp.o)
                                  0x8 (size before relaxing)
 *fill*         0x00c7d5d1        0x3 
 .rodata.str1.4
                0x00c7d5d4        0x6 newlib-libm.a(lib_a-wf_fmod.o)
                                  0x8 (size before relaxing)
 *fill*         0x00c7d5da        0x2 
 .rodata.str1.4
                0x00c7d5dc        0x7 newlib-libm.a(lib_a-wf_log10.o)
                                  0xc (size before relaxing)
 *fill*         0x00c7d5e3        0x1 
 .rodata.str1.4
                0x00c7d5e4        0x5 newlib-libm.a(lib_a-wf_log.o)
                                  0xc (size before relaxing)
 *fill*         0x00c7d5e9        0x3 
 .rodata.str1.4
                0x00c7d5ec        0x5 newlib-libm.a(lib_a-wf_pow.o)
                                  0x8 (size before relaxing)
 *fill*         0x00c7d5f1        0x3 
 .rodata.str1.4
                0x00c7d5f4        0x8 newlib-libm.a(lib_a-wf_sqrt.o)
 .rodata.str1.4
                0x00000000        0x4 newlib-libm.a(lib_a-ef_pow.o)

.ARM.extab      0x00c7d5fc        0x0
 .ARM.extab     0x00c7d5fc        0x0 gcc-libgcc.a(_divdi3.o)
 .ARM.extab     0x00c7d5fc        0x0 gcc-libgcc.a(_udivdi3.o)

.glue_7         0x00c7d5fc        0x0
 .glue_7        0x00000000        0x0 linker stubs

.glue_7t        0x00c7d5fc        0x0
 .glue_7t       0x00000000        0x0 linker stubs

.vfp11_veneer   0x00c7d5fc        0x0
 .vfp11_veneer  0x00000000        0x0 linker stubs

.v4_bx          0x00c7d5fc        0x0
 .v4_bx         0x00000000        0x0 linker stubs

.iplt           0x00c7d5fc        0x0
 .iplt          0x00000000        0x0 entry.o

.text.unlikely  0x00c7d5fc      0x614
 .text.unlikely
                0x00c7d5fc      0x1b4 menu.o
 .text.unlikely
                0x00c7d7b0      0x1b4 tweaks.o
 .text.unlikely
                0x00c7d964       0xac shoot.o
 .text.unlikely
                0x00c7da10      0x138 histogram.o
 .text.unlikely
                0x00c7db48       0xc8 zebra.o

.data           0x00c7dc10     0xba85
                0x00c7dc10                . = ALIGN (0x8)
                0x00c7dc10                _task_overrides_start = .
 *(.task_overrides)
                0x00c7dc10                _task_overrides_end = .
                0x00c7dc10                . = ALIGN (0x8)
                0x00c7dc10                _tasks_start = .
 *(.tasks)
 .tasks         0x00c7dc10       0x28 menu.o
                0x00c7dc10                task_create_menu_task
                0x00c7dc24                task_create_menu_redraw_task
 .tasks         0x00c7dc38       0x14 debug.o
                0x00c7dc38                task_create_debug_loop_task
 .tasks         0x00c7dc4c       0x14 tweaks.o
                0x00c7dc4c                task_create_tweak_task
 .tasks         0x00c7dc60       0x28 focus.o
                0x00c7dc60                task_create_focus_misc_task
                0x00c7dc74                task_create_focus_task
 .tasks         0x00c7dc88       0x14 notify_box.o
                0x00c7dc88                task_create_NotifyBox_task
 .tasks         0x00c7dc9c       0x14 fps-engio.o
                0x00c7dc9c                task_create_fps_task
 .tasks         0x00c7dcb0       0x28 shoot.o
                0x00c7dcb0                task_create_shoot_task
                0x00c7dcc4                task_create_seconds_clock_task
 .tasks         0x00c7dcd8       0x14 lv-img-engio.o
                0x00c7dcd8                task_create_vignetting_init
 .tasks         0x00c7dcec       0x14 audio-ak.o
                0x00c7dcec                task_create_audio_common_task
 .tasks         0x00c7dd00       0x3c zebra.o
                0x00c7dd00                task_create_livev_lopriority_task
                0x00c7dd14                task_create_livev_hipriority_task
                0x00c7dd28                task_create_clearscreen_task
 .tasks         0x00c7dd3c       0x14 console.o
                0x00c7dd3c                task_create_console_task
 .tasks         0x00c7dd50       0x14 module.o
                0x00c7dd50                task_create_module_load_task
                0x00c7dd64                _tasks_end = .
                0x00c7dd68                . = ALIGN (0x8)
 *fill*         0x00c7dd64        0x4 
                0x00c7dd68                _init_funcs_start = .
 *(.init_funcs)
 .init_funcs    0x00c7dd68       0x14 fio-ml.o
                0x00c7dd68                task_create_fio_init
 .init_funcs    0x00c7dd7c       0x14 debug.o
                0x00c7dd7c                task_create_debug_init_func
 .init_funcs    0x00c7dd90       0x14 electronic_level.o
                0x00c7dd90                task_create_electronic_level_init
 .init_funcs    0x00c7dda4       0x14 exmem.o
                0x00c7dda4                task_create_exmem_init
 .init_funcs    0x00c7ddb8       0x14 bmp.o
                0x00c7ddb8                task_create_bmp_init
 .init_funcs    0x00c7ddcc       0x14 config.o
                0x00c7ddcc                task_create_config_menu_init
 .init_funcs    0x00c7dde0       0x14 bitrate-5d3.o
                0x00c7dde0                task_create_bitrate_init
 .init_funcs    0x00c7ddf4       0x14 tweaks.o
                0x00c7ddf4                task_create_tweak_init
 .init_funcs    0x00c7de08       0x28 lens.o
                0x00c7de08                task_create_lens_info_init
                0x00c7de1c                task_create_lens_init
 .init_funcs    0x00c7de30       0x14 property.o
                0x00c7de30                task_create_prop_init
 .init_funcs    0x00c7de44       0x14 gui-common.o
                0x00c7de44                task_create_DebugMsg_hack
 .init_funcs    0x00c7de58       0x14 movtweaks.o
                0x00c7de58                task_create_movtweak_init
 .init_funcs    0x00c7de6c       0x14 menuindex.o
                0x00c7de6c                task_create_help_menu_init
 .init_funcs    0x00c7de80       0x14 focus.o
                0x00c7de80                task_create_focus_init
 .init_funcs    0x00c7de94       0x14 notify_box.o
                0x00c7de94                task_create_dlg_init
 .init_funcs    0x00c7dea8       0x14 fps-engio.o
                0x00c7dea8                task_create_fps_init
 .init_funcs    0x00c7debc       0x14 shoot.o
                0x00c7debc                task_create_shoot_init
 .init_funcs    0x00c7ded0       0x14 hdr.o
                0x00c7ded0                task_create_hdr_init
 .init_funcs    0x00c7dee4       0x14 lv-img-engio.o
                0x00c7dee4                task_create_lv_img_init
 .init_funcs    0x00c7def8       0x14 state-object.o
                0x00c7def8                task_create_state_init
 .init_funcs    0x00c7df0c       0x14 vsync-lite.o
                0x00c7df0c                task_create_vsync_init
 .init_funcs    0x00c7df20       0x14 histogram.o
                0x00c7df20                task_create_hist_init
 .init_funcs    0x00c7df34       0x28 audio-ak.o
                0x00c7df34                task_create_audio_menus_init
                0x00c7df48                task_create_audio_meter_init
 .init_funcs    0x00c7df5c       0x14 zebra.o
                0x00c7df5c                task_create_zebra_init
 .init_funcs    0x00c7df70       0x14 vectorscope.o
                0x00c7df70                task_create_vectorscope_feature_init
 .init_funcs    0x00c7df84       0x14 flexinfo.o
                0x00c7df84                task_create_info_init
 .init_funcs    0x00c7df98       0x14 lvinfo.o
                0x00c7df98                task_create_lvinfo_init
 .init_funcs    0x00c7dfac       0x14 powersave.o
                0x00c7dfac                task_create_powersave_init
 .init_funcs    0x00c7dfc0       0x14 raw.o
                0x00c7dfc0                task_create_raw_init
 .init_funcs    0x00c7dfd4       0x14 edmac-memcpy.o
                0x00c7dfd4                task_create_edmac_memcpy_init
 .init_funcs    0x00c7dfe8       0x14 module.o
                0x00c7dfe8                task_create_module_init
 .init_funcs    0x00c7dffc       0x14 gps.o
                0x00c7dffc                task_create_gps_tweaks_init
                0x00c7e010                _init_funcs_end = .
                0x00c7e010                . = ALIGN (0x8)
                0x00c7e010                _ptp_handlers_start = .
 *(.ptp_handlers)
                0x00c7e010                _ptp_handlers_end = .
                0x00c7e010                . = ALIGN (0x8)
                0x00c7e010                _config_vars_start = .
 *(.config_vars)
 .config_vars   0x00c7e010       0x30 fio-ml.o
                0x00c7e010                __config_card_force_type
                0x00c7e020                __config_card_test_enabled
                0x00c7e030                __config_cf_card_workaround
 .config_vars   0x00c7e040       0x40 menu.o
                0x00c7e040                __config_menu_upside_down
                0x00c7e050                __config_beta_warn
                0x00c7e060                __config_menu_first_by_icon
                0x00c7e070                __config_junkie_mode
 .config_vars   0x00c7e080       0x10 debug.o
                0x00c7e080                __config_timed_dump
 .config_vars   0x00c7e090       0x20 bitrate-5d3.o
                0x00c7e090                __config_rec_indicator
                0x00c7e0a0                __config_bitrate
 .config_vars   0x00c7e0b0      0x230 tweaks.o
                0x00c7e0b0                __config_anamorphic_preview
                0x00c7e0c0                __config_defish_preview
                0x00c7e0d0                __config_lcd_adjust_position
                0x00c7e0e0                __config_bmp_color_scheme
                0x00c7e0f0                __config_preview_peaking
                0x00c7e100                __config_preview_crazy
                0x00c7e110                __config_preview_saturation
                0x00c7e120                __config_preview_contrast
                0x00c7e130                __config_preview_brightness
                0x00c7e140                __config_warn_msg
                0x00c7e150                __config_warn_mf
                0x00c7e160                __config_warn_wb
                0x00c7e170                __config_warn_alo
                0x00c7e180                __config_warn_picq
                0x00c7e190                __config_warn_mode
                0x00c7e1a0                __config_zoom_trick
                0x00c7e1b0                __config_arrow_keys_bright_sat
                0x00c7e1c0                __config_arrow_keys_shutter_aperture
                0x00c7e1d0                __config_arrow_keys_iso_kelvin
                0x00c7e1e0                __config_arrow_keys_audio_unused
                0x00c7e1f0                __config_arrow_keys_use_set
                0x00c7e200                __config_arrow_keys_mode
                0x00c7e210                __config_digital_zoom_shortcut
                0x00c7e220                __config_swap_info
                0x00c7e230                __config_quick_review_allow_zoom
                0x00c7e240                __config_focus_box_lv_speed
                0x00c7e250                __config_focus_box_lv_jump
                0x00c7e260                __config_halfshutter_sticky
                0x00c7e270                __config_play_lv_action
                0x00c7e280                __config_quick_delete
                0x00c7e290                __config_play_set_wheel_action
                0x00c7e2a0                __config_play_set_wheel_trigger