Archive member included because of file (symbol)

dietlibc.a(strrchr.o)         ../../tcc/libtccx.o (strrchr)
dietlibc.a(strncpy.o)         fio-ml.o (strncpy)
dietlibc.a(strlen.o)          fio-ml.o (strlen)
dietlibc.a(strncmp.o)         fio-ml.o (strncmp)
dietlibc.a(strcpy.o)          backtrace.o (strcpy)
dietlibc.a(strcmp.o)          rbf_font.o (strcmp)
dietlibc.a(strcasecmp.o)      (strcasecmp)
dietlibc.a(strtoull.o)        ../../tcc/libtccx.o (strtoull)
dietlibc.a(strtoul.o)         ../../tcc/libtccx.o (strtoul)
dietlibc.a(strchr.o)          fio-ml.o (strchr)
dietlibc.a(strstr.o)          (strstr)
dietlibc.a(memcmp.o)          ../../tcc/libtccx.o (memcmp)
dietlibc.a(memmove.o)         (memmove)
dietlibc.a(atol.o)            config.o (atoi)
dietlibc.a(errno.o)           dietlibc.a(strtoull.o) (errno)
newlib-libc.a(lib_a-setjmp.o)
                              ../../tcc/libtccx.o (longjmp)
newlib-libc.a(lib_a-memcpy-stub.o)
                              boot-hack.o (memcpy)
newlib-libc.a(lib_a-memccpy.o)
                              dietlibc.a(strncpy.o) (memccpy)
newlib-libc.a(lib_a-memset.o)
                              mem.o (memset)
newlib-libm.a(lib_a-sf_ceil.o)
                              (ceilf)
newlib-libm.a(lib_a-sf_cos.o)
                              electronic_level.o (cosf)
newlib-libm.a(lib_a-sf_frexp.o)
                              (frexpf)
newlib-libm.a(lib_a-sf_log2.o)
                              (log2f)
newlib-libm.a(lib_a-sf_round.o)
                              lens.o (roundf)
newlib-libm.a(lib_a-sf_sin.o)
                              electronic_level.o (sinf)
newlib-libm.a(lib_a-sf_tan.o)
                              (tanf)
newlib-libm.a(lib_a-wf_acos.o)
                              (acosf)
newlib-libm.a(lib_a-wf_asin.o)
                              (asinf)
newlib-libm.a(lib_a-wf_atan2.o)
                              (atan2f)
newlib-libm.a(lib_a-wf_exp.o)
                              (expf)
newlib-libm.a(lib_a-wf_fmod.o)
                              (fmodf)
newlib-libm.a(lib_a-wf_log10.o)
                              (log10f)
newlib-libm.a(lib_a-wf_log.o)
                              newlib-libm.a(lib_a-sf_log2.o) (logf)
newlib-libm.a(lib_a-wf_pow.o)
                              lens.o (powf)
newlib-libm.a(lib_a-wf_sqrt.o)
                              focus.o (sqrtf)
newlib-libm.a(lib_a-ef_acos.o)
                              newlib-libm.a(lib_a-wf_acos.o) (__ieee754_acosf)
newlib-libm.a(lib_a-ef_asin.o)
                              newlib-libm.a(lib_a-wf_asin.o) (__ieee754_asinf)
newlib-libm.a(lib_a-ef_atan2.o)
                              newlib-libm.a(lib_a-wf_atan2.o) (__ieee754_atan2f)
newlib-libm.a(lib_a-ef_exp.o)
                              newlib-libm.a(lib_a-wf_exp.o) (__ieee754_expf)
newlib-libm.a(lib_a-ef_fmod.o)
                              newlib-libm.a(lib_a-wf_fmod.o) (__ieee754_fmodf)
newlib-libm.a(lib_a-ef_log10.o)
                              newlib-libm.a(lib_a-wf_log10.o) (__ieee754_log10f)
newlib-libm.a(lib_a-ef_log.o)
                              newlib-libm.a(lib_a-wf_log.o) (__ieee754_logf)
newlib-libm.a(lib_a-ef_pow.o)
                              newlib-libm.a(lib_a-wf_pow.o) (__ieee754_powf)
newlib-libm.a(lib_a-ef_rem_pio2.o)
                              newlib-libm.a(lib_a-sf_cos.o) (__ieee754_rem_pio2f)
newlib-libm.a(lib_a-ef_sqrt.o)
                              newlib-libm.a(lib_a-wf_sqrt.o) (__ieee754_sqrtf)
newlib-libm.a(lib_a-kf_cos.o)
                              newlib-libm.a(lib_a-sf_cos.o) (__kernel_cosf)
newlib-libm.a(lib_a-kf_rem_pio2.o)
                              newlib-libm.a(lib_a-ef_rem_pio2.o) (__kernel_rem_pio2f)
newlib-libm.a(lib_a-kf_sin.o)
                              newlib-libm.a(lib_a-sf_cos.o) (__kernel_sinf)
newlib-libm.a(lib_a-kf_tan.o)
                              newlib-libm.a(lib_a-sf_tan.o) (__kernel_tanf)
newlib-libm.a(lib_a-sf_atan.o)
                              newlib-libm.a(lib_a-ef_atan2.o) (atanf)
newlib-libm.a(lib_a-sf_fabs.o)
                              newlib-libm.a(lib_a-wf_acos.o) (fabsf)
newlib-libm.a(lib_a-sf_finite.o)
                              newlib-libm.a(lib_a-wf_exp.o) (finitef)
newlib-libm.a(lib_a-sf_floor.o)
                              newlib-libm.a(lib_a-kf_rem_pio2.o) (floorf)
newlib-libm.a(lib_a-sf_fpclassify.o)
                              newlib-libm.a(lib_a-wf_acos.o) (__fpclassifyf)
newlib-libm.a(lib_a-sf_nan.o)
                              newlib-libm.a(lib_a-ef_pow.o) (nanf)
newlib-libm.a(lib_a-sf_scalbn.o)
                              newlib-libm.a(lib_a-ef_pow.o) (scalbnf)
newlib-libm.a(lib_a-s_lib_ver.o)
                              newlib-libm.a(lib_a-wf_acos.o) (__fdlib_version)
newlib-libm.a(lib_a-s_matherr.o)
                              newlib-libm.a(lib_a-wf_acos.o) (matherr)
newlib-libm.a(lib_a-s_nan.o)  newlib-libm.a(lib_a-wf_acos.o) (nan)
newlib-libm.a(lib_a-s_rint.o)
                              newlib-libm.a(lib_a-wf_pow.o) (rint)
[...]
Memory Configuration

Name             Origin             Length             Attributes
*default*        0x00000000         0xffffffff

Linker script and memory map

                0x1fe00000                . = 0x1fe00000

.text           0x1fe00000    0x57548
                0x1fe00000                _text_start = .
 *(.text)
 .text          0x1fe00000        0x4 entry.o
                0x1fe00000                _start
 .text          0x1fe00004        0x0 ../../platform/60D.111/stubs.o
 .text          0x1fe00004        0x0 version.o
 *fill*         0x1fe00004        0xc 
 .text          0x1fe00010      0x370 backtrace.o
                0x1fe00010                eos_backtrace_rebuild
                0x1fe00340                backtrace_print
                0x1fe00368                backtrace_getstr
 .text          0x1fe00380      0x9d0 boot-hack.o
                0x1fe008f8                copy_and_restart
                0x1fe00c3c                magic_is_off
                0x1fe00c4c                _disable_ml_startup
                0x1fe00c60                hold_your_horses
                0x1fe00c88                get_assert_msg
                0x1fe00c94                ml_assert_handler
                0x1fe00d18                ml_crash_message
 .text          0x1fe00d50      0xb20 fio-ml.o
                0x1fe00f88                get_ml_card
                0x1fe00f98                get_shooting_card
                0x1fe00fa8                get_card
                0x1fe00fe8                get_free_space_32k
                0x1fe0100c                _card_tweaks
                0x1fe01010                get_dcim_dir_suffix
                0x1fe0101c                get_dcim_dir
                0x1fe01064                FIO_OpenFile
                0x1fe0109c                FIO_GetFileSize
                0x1fe010cc                FIO_RemoveFile
                0x1fe010f0                FIO_FindFirstEx
                0x1fe01120                FIO_RenameFile
                0x1fe0115c                FIO_GetFileSize_direct
                0x1fe01190                FIO_ReadFile
                0x1fe01298                FIO_WriteFile
                0x1fe012e4                is_file
                0x1fe01308                is_dir
                0x1fe01334                _find_ml_card
                0x1fe013fc                FIO_CreateDirectory
                0x1fe014a4                FIO_CreateFile
                0x1fe0152c                FIO_CreateFileOrAppend
                0x1fe01578                FIO_CopyFile
                0x1fe01650                FIO_MoveFile
                0x1fe01674                get_numbered_file_name
                0x1fe016e8                dump_seg
                0x1fe0171c                dump_big_seg
                0x1fe01790                read_file
                0x1fe017d4                read_entire_file
 .text          0x1fe01870     0x22b0 mem.o
                0x1fe01878                GetFreeMemForMalloc
                0x1fe01a34                GetFreeMemForAllocateMemory
                0x1fe021d8                __priv_malloc
                0x1fe021dc                __priv_free
                0x1fe021e0                __priv_AllocateMemory
                0x1fe021e4                __priv_FreeMemory
                0x1fe021e8                __priv_alloc_dma_memory
                0x1fe021ec                __priv_free_dma_memory
                0x1fe021f0                __priv_shoot_malloc
                0x1fe021f4                __priv_shoot_free
                0x1fe021f8                format_memory_size
                0x1fe034cc                __mem_malloc
                0x1fe037b8                __mem_free
                0x1fe039b0                shoot_malloc_suite
                0x1fe039e8                shoot_free_suite
                0x1fe03a18                srm_malloc_suite
                0x1fe03a50                srm_free_suite
                0x1fe03a80                shoot_malloc_suite_contig
                0x1fe03ab8                _mem_init
                0x1fe03b04                mem_menu_init
 .text          0x1fe03b20        0x0 ico.o
 .text          0x1fe03b20      0x580 edmac.o
                0x1fe03b28                edmac_index_to_channel
                0x1fe03b68                edmac_get_dir
                0x1fe03ba0                edmac_channel_to_index
                0x1fe03c30                edmac_get_base
                0x1fe03c70                edmac_get_channel
                0x1fe03ccc                edmac_get_state
                0x1fe03cec                edmac_get_flags
                0x1fe03d10                edmac_get_address
                0x1fe03d34                edmac_get_pointer
                0x1fe03d54                edmac_get_length
                0x1fe03d78                edmac_get_connection
                0x1fe03e28                edmac_fix_off1
                0x1fe03e34                edmac_fix_off2
                0x1fe03e40                edmac_get_info
                0x1fe03f88                edmac_get_total_size
                0x1fe04020                edmac_bytes_per_transfer
 .text          0x1fe040a0     0x8010 menu.o
                0x1fe0432c                menu_open_submenu
                0x1fe056a8                menu_redraw_flood
                0x1fe07ce8                get_menu_edit_mode
                0x1fe07cf8                menu_set_dirty
                0x1fe07d0c                menu_enable_lv_transparent_mode
                0x1fe07d38                menu_disable_lv_transparent_mode
                0x1fe07d4c                menu_get_root
                0x1fe07d5c                menu_numeric_toggle
                0x1fe07de4                menu_numeric_toggle_time
                0x1fe08080                menu_add
                0x1fe08088                customize_menu_init
                0x1fe08104                menu_add_base
                0x1fe083d4                menu_remove
                0x1fe08588                menu_redraw
                0x1fe085e8                handle_ml_menu_keyrepeat
                0x1fe0865c                keyrepeat_ack
                0x1fe0867c                menu_init
                0x1fe087b4                gui_menu_shown
                0x1fe087c4                is_submenu_or_edit_mode_active
                0x1fe08800                is_menu_help_active
                0x1fe08828                menu_active_but_hidden
                0x1fe08850                menu_active_and_not_hidden
                0x1fe08898                gui_stop_menu
                0x1fe08ef0                run_in_separate_task
                0x1fe08f50                gui_open_menu
                0x1fe08f74                is_menu_entry_selected
                0x1fe08fe8                is_menu_selected
                0x1fe09018                is_menu_active
                0x1fe09724                select_menu
                0x1fe09798                select_menu_by_name
                0x1fe0aa28                menu_benchmark
                0x1fe0aba4                handle_ml_menu_erase
                0x1fe0ac58                menu_close_submenu
                0x1fe0ac80                menu_toggle_submenu
                0x1fe0b120                handle_ml_menu_keys
                0x1fe0b9c8                handle_quick_access_menu_items
                0x1fe0ba38                config_menu_save_flags
                0x1fe0bb64                menu_get_value_from_script
                0x1fe0bbbc                menu_get_str_value_from_script
                0x1fe0bc24                menu_set_str_value_from_script
                0x1fe0be84                menu_set_value_from_script
                0x1fe0bf3c                menu_request_image_backend
                0x1fe0bfd4                menu_advanced_toggle
                0x1fe0c024                menu_advanced_update
 .text          0x1fe0c0b0     0x1700 debug.o
                0x1fe0cc08                _card_led_on
                0x1fe0cc1c                _card_led_off
                0x1fe0cc30                info_led_on
                0x1fe0cc44                info_led_off
                0x1fe0cc58                info_led_blink
                0x1fe0d3c4                request_crash_log
                0x1fe0d3d4                request_core_dump
                0x1fe0d3f0                debug_init
                0x1fe0d3f4                debug_init_stuff
                0x1fe0d40c                handle_keep_ml_after_format_toggle
                0x1fe0d480                debug_menu_init
                0x1fe0d4c8                spy_event
                0x1fe0d5a4                get_halfshutter_pressed
                0x1fe0d5d0                get_zoom_out_pressed
                0x1fe0d5e0                handle_buttons_being_held
                0x1fe0d654                handle_tricky_canon_calls
                0x1fe0d76c                EngDrvOut
                0x1fe0d794                engio_write
 .text          0x1fe0d7b0      0x140 rand.o
                0x1fe0d7b0                rand_fill
                0x1fe0d86c                rand_seed
 .text          0x1fe0d8f0      0x150 posix.o
                0x1fe0d8f0                rand
                0x1fe0d918                srand
                0x1fe0d91c                strdup
                0x1fe0d94c                time
                0x1fe0d954                clock
                0x1fe0d958                calloc
                0x1fe0d990                realloc
                0x1fe0d9d4                strlcat
                0x1fe0da24                strcat
 .text          0x1fe0da40       0xe0 util.o
                0x1fe0da40                util_atomic_inc
                0x1fe0da74                util_atomic_dec
                0x1fe0daa8                bin_search
 .text          0x1fe0db20       0xa0 imath.o
                0x1fe0db20                powi
                0x1fe0db4c                log2i
                0x1fe0db64                log10i
                0x1fe0db88                log_length
 .text          0x1fe0dbc0      0x4c0 electronic_level.o
                0x1fe0df80                disable_electronic_level
                0x1fe0dfac                show_electronic_level
 .text          0x1fe0e080       0x90 cfn.o
                0x1fe0e094                get_htp
                0x1fe0e0a0                set_htp
                0x1fe0e0b0                get_mlu
                0x1fe0e0bc                set_mlu
                0x1fe0e0cc                cfn_get_af_button_assignment
                0x1fe0e0d8                cfn_set_af_button
                0x1fe0e0e8                get_cfn_function_for_set_button
                0x1fe0e0f4                get_alo
 .text          0x1fe0e110      0x110 gui.o
                0x1fe0e110                ml_gui_main_task
 .text          0x1fe0e220      0x210 picstyle-noauto.o
                0x1fe0e2d4                get_prop_picstyle_from_index
                0x1fe0e37c                get_prop_picstyle_index
 .text          0x1fe0e430      0xae0 exmem.o
                0x1fe0e5f0                GetNumberOfChunks
                0x1fe0e638                GetSizeOfMemorySuite
                0x1fe0e680                GetSizeOfMemoryChunk
                0x1fe0e6c8                _shoot_free_suite
                0x1fe0e6f4                exmem_save_buffer
                0x1fe0e774                exmem_clear
                0x1fe0e7d8                _shoot_malloc_suite
                0x1fe0e840                _shoot_malloc_suite_contig
                0x1fe0e9a8                _shoot_malloc
                0x1fe0e9d4                _shoot_free
                0x1fe0ea14                _shoot_get_free_space
                0x1fe0ea30                _srm_malloc_suite
                0x1fe0ebd4                _srm_free_suite
                0x1fe0ec74                _srm_free
                0x1fe0ecfc                _srm_malloc
                0x1fe0ee2c                _srm_get_max_region
                0x1fe0ee64                _srm_get_free_space
 .text          0x1fe0ef10     0x1970 bmp.o
                0x1fe0f0a0                BMP_VRAM_START
                0x1fe0f134                bmp_vram_real
                0x1fe0f154                bmp_vram_idle
                0x1fe0f164                bmp_draw_to_idle
                0x1fe0f174                bmp_vram
                0x1fe0f190                bmp_idle_copy
                0x1fe0f28c                bmp_putpixel_fast
                0x1fe0f29c                bmp_puts
                0x1fe0f348                bmp_printf
                0x1fe0f39c                big_bmp_printf
                0x1fe0f41c                bmp_string_width
                0x1fe0f43c                bmp_strlen_clipped
                0x1fe0f45c                bmp_fill
                0x1fe0f51c                bmp_load_ram
                0x1fe0f84c                bmp_load
                0x1fe0f908                clrscr
                0x1fe0f94c                bmp_getpixel
                0x1fe0f9c0                bmp_putpixel
                0x1fe0fa28                bmp_draw_rect
                0x1fe0fac8                bmp_draw_rect_chamfer
                0x1fe0fc74                bmp_draw_request_stop
                0x1fe0fc88                bmp_draw_scaled_ex
                0x1fe10214                bfnt_draw_char
                0x1fe10364                bfnt_char_get_width
                0x1fe103ac                bmp_flip
                0x1fe104e4                bmp_flip_ex
                0x1fe10678                bmp_is_on
                0x1fe10690                bmp_on
                0x1fe106bc                bmp_off
                0x1fe10714                bmp_mute_flag_reset
                0x1fe1072c                bmp_zoom
 .text          0x1fe10880      0xef0 rbf_font.o
                0x1fe10d3c                font_by_name
                0x1fe11060                rbf_str_width
                0x1fe110ac                rbf_str_clipped_width
                0x1fe110e0                rbf_strlen_clipped
                0x1fe1111c                rbf_draw_string
                0x1fe11618                _load_fonts
 .text          0x1fe11770     0x11f0 config.o
                0x1fe11ef0                config_save_file
                0x1fe12070                config_flag_file_setting_load
                0x1fe1208c                config_flag_file_setting_save
                0x1fe12120                config_parse_file
                0x1fe12218                get_config_var
                0x1fe12238                set_config_var
                0x1fe12250                set_config_var_ptr
                0x1fe12290                config_var_was_changed
                0x1fe122b8                config_var_restore_default
                0x1fe122d8                module_config_load
                0x1fe12334                module_config_save
                0x1fe12458                get_config_dir
                0x1fe12464                get_config_preset_name
                0x1fe12474                handle_select_config_file_by_key_at_startup
                0x1fe124d8                config_load
                0x1fe1288c                config_save
                0x1fe12910                config_save_at_shutdown
 .text          0x1fe12960      0x390 stdio.o
                0x1fe12960                my_fprintf
                0x1fe129bc                streq
                0x1fe12a00                toupper
                0x1fe12a10                tolower
                0x1fe12a20                __errno
                0x1fe12a2c                islower
                0x1fe12a40                isupper
                0x1fe12a54                isalpha
                0x1fe12a6c                isdigit
                0x1fe12a80                isxdigit
                0x1fe12aa0                isalnum
                0x1fe12ad0                ispunct
                0x1fe12af0                isgraph
                0x1fe12b20                isspace
                0x1fe12b40                iscntrl
                0x1fe12b60                snprintf
                0x1fe12b8c                memset64
                0x1fe12c28                memcpy64
 .text          0x1fe12cf0      0xe00 bitrate.o
                0x1fe134ec                hibr_should_record_wav
                0x1fe134f4                bitrate_mvr_log
                0x1fe1359c                time_indicator_show
                0x1fe136b8                is_mvr_buffer_almost_full
                0x1fe137a0                show_mvr_buffer_status
                0x1fe13900                movie_indicators_show
 .text          0x1fe13af0        0x0 lcdsensor.o
 .text          0x1fe13af0     0x4350 tweaks.o
                0x1fe13f18                display_orientation_toggle
                0x1fe146b4                get_expsim
                0x1fe14834                set_expsim
                0x1fe1488c                set_backlight_level
                0x1fe148bc                afframe_set_dirty
                0x1fe148d0                afframe_clr_dirty
                0x1fe148e4                clear_lv_afframe
                0x1fe14b70                clear_lv_afframe_if_dirty
                0x1fe14bdc                is_pure_play_photo_mode
                0x1fe14cfc                is_pure_play_movie_mode
                0x1fe14d48                is_pure_play_photo_or_movie_mode
                0x1fe14d70                is_play_or_qr_mode
                0x1fe14da8                is_play_mode
                0x1fe14ddc                is_menu_mode
                0x1fe14e10                handle_set_wheel_play
                0x1fe15050                play_lv_key_step
                0x1fe16068                handle_lv_play
                0x1fe16164                handle_fast_zoom_box
                0x1fe16258                handle_fast_zoom_in_play_mode
                0x1fe1637c                handle_swap_menu_erase
                0x1fe163e4                handle_push_wb
                0x1fe16408                handle_arrow_keys
                0x1fe16814                arrow_keys_shortcuts_active
                0x1fe16858                display_shortcut_key_hints_lv
                0x1fe16e58                alter_bitmap_palette_entry
                0x1fe16f44                anamorphic_squeeze_bmp_y
                0x1fe17048                defish_draw_play
                0x1fe17484                display_filter_get_buffers
                0x1fe17764                display_filter_enabled
                0x1fe17808                display_filter_lv_vsync
                0x1fe17860                display_filter_step
 .text          0x1fe17e40        0x0 tweaks-eyefi.o
 .text          0x1fe17e40     0x4c50 lens.o
                0x1fe18ed8                lens_format_dist
                0x1fe19024                should_draw_bottom_bar
                0x1fe1908c                raw2shutter_ms
                0x1fe190e0                shutter_ms_to_raw
                0x1fe1912c                shutterf_to_raw
                0x1fe19178                raw2shutterf
                0x1fe191b8                expo_value_rounding_ok
                0x1fe19210                round_shutter
                0x1fe192c4                round_aperture
                0x1fe193b4                round_expo_comp
                0x1fe19440                lens_set_ae
                0x1fe19488                round_flash_expo_comp
                0x1fe19514                lens_set_flash_ae
                0x1fe1955c                get_shootmode_name
                0x1fe1974c                get_shootmode_name_short
                0x1fe19978                get_ml_topbar_pos
                0x1fe19a4c                get_ml_bottombar_pos
                0x1fe19aec                draw_ml_bottombar
                0x1fe19b0c                lens_format_shutter_reciprocal
                0x1fe19d84                lens_format_shutter
                0x1fe19f28                free_space_show_photomode
                0x1fe19fa4                draw_ml_topbar
                0x1fe19fc4                update_lens_display
                0x1fe19fe8                lens_focus
                0x1fe1a1c8                mlu_lock_mirror_if_needed
                0x1fe1a2ec                raw2index_iso
                0x1fe1a320                raw2iso
                0x1fe1a708                val2raw_iso
                0x1fe1a74c                raw2index_shutter
                0x1fe1a780                val2raw_shutter
                0x1fe1a7bc                raw2index_aperture
                0x1fe1a7f0                lens_format_aperture
                0x1fe1a8ec                val2raw_aperture
                0x1fe1a92c                lens_set_custom_wb_gains
                0x1fe1a9d0                lens_set_kelvin
                0x1fe1aae0                lens_set_kelvin_value_only
                0x1fe1ab88                split_iso
                0x1fe1abe0                iso_components_update
                0x1fe1aed0                iso_auto_restore_hack
                0x1fe1b184                job_state_ready_to_take_pic
                0x1fe1b1bc                lens_wait_readytotakepic
                0x1fe1b2c8                assign_af_button_to_halfshutter
                0x1fe1b328                assign_af_button_to_star_button
                0x1fe1b388                lens_setup_af
                0x1fe1b3f8                restore_af_button_assignment
                0x1fe1b460                restore_af_button_assignment_at_shutdown
                0x1fe1b49c                lens_cleanup_af
                0x1fe1b4a0                lens_take_picture
                0x1fe1b8d8                crop_factor_menu_init
                0x1fe1b920                lens_get_contrast
                0x1fe1b94c                lens_get_sharpness
                0x1fe1b978                lens_get_saturation
                0x1fe1b9a4                lens_get_color_tone
                0x1fe1be68                lens_get_from_other_picstyle_contrast
                0x1fe1be80                lens_get_from_other_picstyle_sharpness
                0x1fe1be98                lens_get_from_other_picstyle_saturation
                0x1fe1beb0                lens_get_from_other_picstyle_color_tone
                0x1fe1bec8                lens_set_contrast
                0x1fe1bf0c                lens_set_sharpness
                0x1fe1bf4c                lens_set_saturation
                0x1fe1bf8c                lens_set_color_tone
                0x1fe1bfcc                SW1
                0x1fe1c008                SW2
                0x1fe1c044                expo_override_active
                0x1fe1c074                bv_update_lensinfo
                0x1fe1c0d8                bv_apply_tv
                0x1fe1c130                bv_apply_av
                0x1fe1c180                bv_apply_iso
                0x1fe1c33c                bv_set_rawshutter
                0x1fe1c3a4                bv_set_rawiso
                0x1fe1c408                bv_set_rawaperture
                0x1fe1c454                bv_auto_update
                0x1fe1c640                lens_set_rawaperture
                0x1fe1c680                lens_set_rawiso
                0x1fe1c6c0                lens_set_rawshutter
                0x1fe1c7e8                lens_set_drivemode
                0x1fe1c820                lens_set_wbs_gm
                0x1fe1c854                lens_set_wbs_ba
                0x1fe1c888                hdr_set_rawiso
                0x1fe1c898                hdr_set_rawshutter
                0x1fe1c8cc                hdr_set_rawaperture
                0x1fe1c920                hdr_set_ae
                0x1fe1c958                hdr_set_flash_ae
                0x1fe1c98c                get_max_analog_iso
                0x1fe1c994                get_max_ae_ev
                0x1fe1c99c                get_ae_value
                0x1fe1c9ac                get_bv
                0x1fe1ca7c                get_ae_state
 .text          0x1fe1ca90      0x480 property.o
                0x1fe1cb6c                prop_add_handler
                0x1fe1cc00                prop_add_internal_handlers
                0x1fe1cc3c                prop_reset_registration
                0x1fe1cc74                prop_init
                0x1fe1cc78                prop_update_registration
                0x1fe1cc90                prop_request_change
                0x1fe1ce24                prop_request_change_wait
 .text          0x1fe1cf10      0x960 propvalues.o
                0x1fe1d358                is_camera
                0x1fe1d3b8                is_movie_mode
                0x1fe1d3d4                set_recording_custom
                0x1fe1d3e4                get_video_mode_name
                0x1fe1d74c                get_display_device_name
 .text          0x1fe1d870      0x7b0 gui-common.o
                0x1fe1d874                is_canon_bottom_bar_dirty
                0x1fe1d884                get_last_time_active
                0x1fe1d894                handle_other_events
                0x1fe1d9cc                handle_common_events_startup
                0x1fe1da50                reset_pre_shutdown_flag_step
                0x1fe1da98                check_pre_shutdown_flag
                0x1fe1daec                handle_scrollwheel_fast_clicks
                0x1fe1db48                handle_flexinfo_keys
                0x1fe1db50                handle_common_events_by_feature
                0x1fe1de4c                detect_double_click
                0x1fe1df30                get_info_button_name
                0x1fe1df3c                gui_uilock
                0x1fe1df90                ui_lock
                0x1fe1df94                fake_simple_button
                0x1fe1dfd4                display_is_on
                0x1fe1dfec                delayed_call
                0x1fe1dff8                redraw_after
                0x1fe1e008                get_gui_mode
 .text          0x1fe1e020      0x3a0 chdk-gui_draw.o
                0x1fe1e020                draw_line
                0x1fe1e114                draw_circle
                0x1fe1e254                fill_circle
                0x1fe1e314                draw_angled_line
 .text          0x1fe1e3c0     0x1210 movtweaks.o
                0x1fe1e52c                save_kelvin_wb
                0x1fe1e568                restore_kelvin_wb
                0x1fe1e5c4                kelvin_wb_workaround_step
                0x1fe1e5f4                set_shooting_mode
                0x1fe1e65c                force_liveview
                0x1fe1e728                close_liveview
                0x1fe1e760                movtweak_task_init
                0x1fe1e7e0                movtweak_step
                0x1fe1eb2c                get_screen_layout_ptr
                0x1fe1eb74                get_screen_layout
                0x1fe1ebc4                screen_layout_update
                0x1fe1ebe0                screen_layout_toggle
                0x1fe1ec14                rec_notify_continuous
                0x1fe1ee74                rec_notify_trigger
                0x1fe1eef0                bv_enable
                0x1fe1f00c                bv_disable
                0x1fe1f0a0                bv_toggle
                0x1fe1f0d8                smooth_iso_step
                0x1fe1f5b8                movie_tweak_menu_init
 .text          0x1fe1f5d0      0x5b0 menuhelp.o
                0x1fe1f5d0                draw_beta_warning
                0x1fe1f6e0                draw_404_page
                0x1fe1f7b0                draw_help_not_installed_page
                0x1fe1f838                menu_help_show_page
                0x1fe1f934                menu_help_redraw
                0x1fe1f968                menu_help_next_page
                0x1fe1f9a8                menu_help_prev_page
                0x1fe1f9ec                menu_help_go_to_page
                0x1fe1fa0c                str_make_lowercase
                0x1fe1fa30                menu_help_go_to_label
 .text          0x1fe1fb80       0x30 menuindex.o
 .text          0x1fe1fbb0      0x600 af_patterns.o
                0x1fe1fe04                get_af_point
                0x1fe1fe14                set_af_point
                0x1fe1ffcc                handle_af_patterns
                0x1fe200c4                play_zoom_center_on_selected_af_point
                0x1fe20190                afp_menu_init
 .text          0x1fe201b0     0x1b40 focus.o
                0x1fe20a5c                reset_override_zoom_buttons
                0x1fe20a70                LensFocus
                0x1fe20a90                LensFocus2
                0x1fe20c3c                get_follow_focus_mode
                0x1fe20c44                get_follow_focus_dir_v
                0x1fe20c60                get_follow_focus_dir_h
                0x1fe20c7c                focus_calc_dof
                0x1fe20f5c                focus_dist_update
                0x1fe210e0                is_focus_stack_enabled
                0x1fe21108                is_rack_focus_enabled
                0x1fe21120                rack_focus_start_now
                0x1fe21140                lens_focus_start
                0x1fe21160                lens_focus_enqueue_step
                0x1fe21194                lens_focus_stop
                0x1fe211a8                get_focus_confirmation
                0x1fe211b4                is_manual_focus
                0x1fe211d4                should_override_zoom_buttons
                0x1fe21218                is_follow_focus_active
                0x1fe213a0                focus_stack_run
                0x1fe216e8                can_lv_trap_focus_be_active
                0x1fe21760                get_focus_graph
                0x1fe217c0                get_lv_focus_confirmation
                0x1fe21a44                handle_trap_focus
                0x1fe21aa0                handle_follow_focus_save_restore
                0x1fe21b68                handle_rack_focus_menu_overrides
                0x1fe21c48                handle_follow_focus
 .text          0x1fe21cf0      0x1e0 notify_box.o
                0x1fe21e0c                NotifyBoxHide
                0x1fe21e20                NotifyBox
 .text          0x1fe21ed0      0x260 bootflags.o
                0x1fe21f10                bootflag_write_bootblock
 .text          0x1fe22130       0xc0 dialog_test.o
                0x1fe22130                get_current_dialog_handler
                0x1fe22154                canon_gui_disable_front_buffer
                0x1fe2218c                canon_gui_enable_front_buffer
                0x1fe221d8                canon_gui_front_buffer_disabled
 .text          0x1fe221f0      0x960 vram.o
                0x1fe22260                vram_params_set_dirty
                0x1fe222d0                _update_vram_params
                0x1fe228c0                yuv422_buffer_check
                0x1fe228e8                get_lcd_422_buf
                0x1fe22938                guess_fastrefresh_direction
                0x1fe229a4                get_fastrefresh_422_buf
                0x1fe22a28                get_yuv422_vram
                0x1fe22ad0                get_yuv422_hd_vram
                0x1fe22b14                vram_clear_lv
 .text          0x1fe22b50      0x4e0 greenscreen.o
                0x1fe22b50                green_screen_step
 .text          0x1fe23030     0x28c0 fps-engio.o
                0x1fe23df4                EngDrvOutLV
                0x1fe24308                fps_should_record_wav
                0x1fe24310                get_current_tg_freq
                0x1fe24680                get_max_shutter_timer
                0x1fe246b4                get_shutter_speed_us_from_timer
                0x1fe246f0                get_current_shutter_reciprocal_x1000
                0x1fe24738                fps_get_shutter_speed_shift
                0x1fe247ec                was_sound_recording_disabled_by_fps_override
                0x1fe24804                fps_get_current_x1000
                0x1fe25408                fps_mvr_log
                0x1fe2546c                handle_fps_events
                0x1fe25560                fps_get_iso_correction_evx8
                0x1fe25624                fps_expo_iso_step
                0x1fe25850                get_frame_iso
                0x1fe2585c                set_frame_iso
                0x1fe25868                can_set_frame_iso
                0x1fe25870                get_frame_shutter_timer
                0x1fe25884                set_frame_shutter_timer
                0x1fe258a0                set_frame_shutter
                0x1fe258e4                can_set_frame_shutter_timer
 .text          0x1fe258f0     0x8d70 shoot.o
                0x1fe2599c                is_native_iso
                0x1fe259f4                kelvin_n_gm_auto
                0x1fe25ff0                iso_toggle
                0x1fe26158                shutter_toggle
                0x1fe2620c                kelvin_toggle
                0x1fe277fc                aperture_toggle
                0x1fe28018                display_idle
                0x1fe280a8                uniwb_is_active
                0x1fe283a0                is_hdr_bracketing_enabled
                0x1fe28634                is_intervalometer_running
                0x1fe28644                get_interval_count
                0x1fe28654                get_interval_time
                0x1fe28664                set_interval_time
                0x1fe28674                format_time_hours_minutes_seconds
                0x1fe28774                get_bulb_shutter_raw_equiv
                0x1fe28790                get_seconds_clock
                0x1fe287a0                get_ms_clock_value
                0x1fe287b8                get_us_clock_value
                0x1fe287d0                get_ms_clock_value_fast
                0x1fe287e0                should_run_polling_action
                0x1fe2880c                get_trap_focus
                0x1fe2881c                set_flash_firing
                0x1fe2885c                get_afframe_pos
                0x1fe288dc                get_afframe_sensor_res
                0x1fe28904                set_lv_zoom
                0x1fe289bc                get_mlu_delay
                0x1fe28a34                focus_box_get_raw_crop_offset
                0x1fe28ba0                center_lv_afframe
                0x1fe28bb4                move_lv_afframe
                0x1fe28d40                center_lv_afframe_do
                0x1fe290a4                handle_lv_afframe_workaround
                0x1fe29134                next_image_in_play_mode
                0x1fe291a4                expfuse_preview_update_task
                0x1fe29318                playback_compare_images
                0x1fe29344                expfuse_preview_update
                0x1fe29370                expo_adjust_playback
                0x1fe295a8                ensure_movie_mode
                0x1fe29604                ensure_photo_mode
                0x1fe2963c                is_lowgain_iso
                0x1fe29688                is_round_iso
                0x1fe296d4                get_picstyle_name
                0x1fe29ab0                get_picstyle_shortname
                0x1fe29bbc                mvr_rec_start_shoot
                0x1fe29c98                zoom_focus_ring_trigger
                0x1fe29d1c                zoom_focus_ring_engage
                0x1fe29dc4                handle_zoom_x5_x10
                0x1fe29e84                zoom_sharpen_step
                0x1fe29fe0                is_bulb_mode
                0x1fe2a028                handle_mlu_handheld
                0x1fe2a99c                ensure_bulb_mode
                0x1fe2aa0c                set_drive_single
                0x1fe2aa3c                bulb_take_pic
                0x1fe2ae30                expo_lock_update_value
                0x1fe2ae48                handle_expo_preset
                0x1fe2b030                hdr_flag_picture_was_taken
                0x1fe2b044                hdr_script_get_first_file_number
                0x1fe2b080                hdr_create_script
                0x1fe2b470                interval_create_script
                0x1fe2b6f8                take_a_pic
                0x1fe2bad4                movie_start
                0x1fe2bb8c                movie_end
                0x1fe2bc78                schedule_remote_shot
                0x1fe2bc8c                schedule_movie_start
                0x1fe2bca0                schedule_movie_end
                0x1fe2bcb4                exit_play_qr_mode
                0x1fe2bd50                enter_play_mode
                0x1fe2bdf0                playback_compare_images_task
                0x1fe2c144                hdr_shot
                0x1fe2c594                display_trap_focus_info
                0x1fe2c754                display_shooting_info_lv
                0x1fe2c834                intervalometer_stop
                0x1fe2c8a0                handle_intervalometer
                0x1fe2c8e0                wait_till_next_second
                0x1fe2c90c                is_continuous_drive
                0x1fe2c92c                take_fast_pictures
                0x1fe2ca40                remote_shot
                0x1fe2e634                shoot_task_redraw
                0x1fe2e650                iso_refresh_display
 .text          0x1fe2e660      0x660 hdr.o
                0x1fe2e734                hdr_video_enabled
                0x1fe2e754                hdr_get_iso_range
                0x1fe2e788                hdr_step
                0x1fe2e8e0                hdr_kill_flicker
                0x1fe2e9c4                get_effective_hdr_iso_for_display
                0x1fe2ebec                hdr_mvr_log
 .text          0x1fe2ecc0     0x1000 lv-img-engio.o
                0x1fe2f478                get_digic_iso_gain_movie
                0x1fe2f490                get_digic_iso_gain_photo
                0x1fe2f4a8                set_display_gain_equiv
                0x1fe2f4d4                set_movie_digital_iso_gain
                0x1fe2f4ec                set_movie_digital_iso_gain_for_gradual_expo
                0x1fe2f4fc                set_photo_digital_iso_gain_for_bv
                0x1fe2f50c                gain_to_ev_scaled
                0x1fe2f550                digic_iso_print_movie
                0x1fe2f610                display_gain_print
                0x1fe2f660                digic_iso_or_gain_toggle
                0x1fe2f6f0                digic_iso_toggle_movie
                0x1fe2f6fc                digic_iso_toggle
                0x1fe2f72c                display_gain_toggle
                0x1fe2f738                vignetting_correction_apply_regs
                0x1fe2f7fc                shutter_finetune_step
                0x1fe2f864                shutter_finetune_get_adjusted_timer
                0x1fe2f88c                image_effects_step
                0x1fe2fa84                digic_iso_step
 .text          0x1fe2fcc0      0x280 state-object.o
                0x1fe2fea0                wait_lv_frames
 .text          0x1fe2ff40      0x6f0 tasks.o
                0x1fe2ff84                get_current_task_name
                0x1fe30004                get_task_name_from_id
                0x1fe30050                task_update_loads
                0x1fe30298                tasks_toggle_flags
                0x1fe302ac                tasks_print
 .text          0x1fe30630       0x60 vsync-lite.o
                0x1fe30654                lv_vsync_signal
                0x1fe30668                lv_vsync
 .text          0x1fe30690      0x5e0 tskmon.o
                0x1fe30690                tskmon_trace_thread
                0x1fe30830                tskmon_update_loads
                0x1fe30984                tskmon_stack_check
                0x1fe309a0                tskmon_stack_check_all
                0x1fe309c4                tskmon_stack_get_max
                0x1fe309e8                tskmon_task_dispatch
                0x1fe30bf4                tskmon_init
                0x1fe30c34                tskmon_trace
 .text          0x1fe30c70      0x2f0 battery.o
                0x1fe30da0                GetBatteryLevel
                0x1fe30db0                GetBatteryPerformance
                0x1fe30dc0                GetBatteryHist
                0x1fe30dd0                GetBatteryTimeRemaining
                0x1fe30df0                GetBatteryDrainRate
                0x1fe30e0c                RefreshBatteryLevel_1Hz
                0x1fe30ec0                batt_display
 .text          0x1fe30f60      0x7d0 imgconv.o
                0x1fe31030                precompute_yuv2rgb
                0x1fe310d4                yuv2rgb
                0x1fe31158                rgb2yuv422_rec709
                0x1fe31218                rgb2yuv422_rec601
                0x1fe312e8                rgb2yuv422
                0x1fe312ec                uyvy_split
                0x1fe3131c                yuv_resize
                0x1fe313d0                yuv_halfcopy
                0x1fe3146c                yuv411_to_422
                0x1fe314d0                yuv411_to_rgb
                0x1fe31600                yuvcpy_main
                0x1fe3166c                little_cleanup
                0x1fe316f0                yuv422_get_pixel
 .text          0x1fe31730     0x19d0 histogram.o
                0x1fe31cf8                hist_build_raw
                0x1fe32110                raw_histo_update
                0x1fe321cc                hist_draw_image
                0x1fe32980                hist_print
                0x1fe32a90                hist_warn_display
                0x1fe32b14                raw_hist_get_percentile_levels
                0x1fe32f80                raw_hist_get_percentile_level
                0x1fe32fb0                raw_hist_get_overexposure_percentage
 .text          0x1fe33100      0x400 falsecolor.o
                0x1fe33100                falsecolor_value_ex
                0x1fe33114                falsecolor_value
                0x1fe33134                falsecolor_fordraw
                0x1fe33160                draw_false_downsampled
                0x1fe33388                falsecolor_palette_name
                0x1fe33414                falsecolor_palette_preview
                0x1fe3347c                falsecolor_display
                0x1fe334b0                falsecolor_display_palette
 .text          0x1fe33500     0x1110 audio-ak.o
                0x1fe338a8                sound_recording_enabled_canon
                0x1fe338c0                sound_recording_enabled
                0x1fe339a8                get_audio_levels
                0x1fe339b4                audio_level_to_db
                0x1fe33ec4                audio_meters_are_drawn
                0x1fe33ec8                audio_configure
                0x1fe34270                input_toggle
                0x1fe344a0                volume_up
                0x1fe34518                volume_down
                0x1fe34588                out_volume_up
                0x1fe345bc                out_volume_down
                0x1fe345f0                mic_out
 .text          0x1fe34610     0x8360 zebra.o
                0x1fe35998                get_y_skip_offset_for_overlays
                0x1fe35a64                get_y_skip_offset_for_histogram
                0x1fe35ac0                lv_luma_is_accurate
                0x1fe35d2c                focus_peaking_as_display_filter
                0x1fe35d34                histogram_or_small_waveform_enabled
                0x1fe35dac                get_bvram_mirror
                0x1fe36908                crop_set_dirty
                0x1fe36960                set_movie_cropmarks
                0x1fe369f8                reset_movie_cropmarks
                0x1fe36a10                get_global_draw
                0x1fe36b40                get_zoom_overlay_trigger_mode
                0x1fe36b70                get_zoom_overlay_trigger_by_focus_ring
                0x1fe3726c                cropmark_clear_cache
                0x1fe38110                get_global_draw_setting
                0x1fe38120                zebra_highlight_raw_advanced
                0x1fe384b8                get_under_and_over_exposure
                0x1fe3862c                bvram_mirror_init
                0x1fe3869c                get_spot_yuv_ex
                0x1fe38878                get_spot_yuv
                0x1fe388a8                get_spot_motion
                0x1fe38b6c                get_spot_focus
                0x1fe38c84                spotmeter_erase
                0x1fe38d94                handle_zoom_overlay
                0x1fe38e98                zoom_overlay_disable
                0x1fe38eb0                zoom_overlay_set_countdown
                0x1fe38ec0                liveview_display_idle
                0x1fe38fa4                zebra_should_run
                0x1fe39038                should_draw_zoom_overlay
                0x1fe3915c                digic_zoom_overlay_enabled
                0x1fe39a3c                nondigic_zoom_overlay_enabled
                0x1fe3a1a4                should_draw_bottom_graphs
                0x1fe3a1f8                draw_histogram_and_waveform
                0x1fe3ac3c                redraw
                0x1fe3acc8                handle_transparent_overlay
                0x1fe3ae14                digic_zoom_overlay_step
                0x1fe3b340                lens_display_set_dirty
                0x1fe3b368                _redraw_do
                0x1fe3b47c                is_focus_peaking_enabled
                0x1fe3b4f8                update_disp_mode_bits_from_params
                0x1fe3c598                update_disp_mode_params_from_bits
                0x1fe3c680                get_disp_mode
                0x1fe3c690                toggle_disp_mode
                0x1fe3c774                handle_disp_preset_key
                0x1fe3c82c                handle_overlays_playback
                0x1fe3c8d0                peaking_benchmark
 .text          0x1fe3c970      0x5d0 vectorscope.o
                0x1fe3cb14                vectorscope_addpixel
                0x1fe3cc34                vectorscope_should_draw
                0x1fe3cc44                vectorscope_request_draw
                0x1fe3cc54                vectorscope_start
                0x1fe3cc90                vectorscope_redraw
 .text          0x1fe3cf40      0x7e0 beep.o
                0x1fe3d578                unsafe_beep
                0x1fe3d5d4                beep
                0x1fe3d5ec                beep_times
                0x1fe3d668                beep_custom
                0x1fe3d714                WAV_StartRecord
                0x1fe3d718                WAV_StopRecord
 .text          0x1fe3d720        0x0 crop-mode-hack.o
 .text          0x1fe3d720       0x30 ph_info_disp.o
                0x1fe3d720                display_shooting_info
 .text          0x1fe3d750     0x1900 flexinfo.o
                0x1fe3d810                info_trim_string
                0x1fe3d88c                info_get_cardmaker
                0x1fe3d894                info_get_cardmodel
                0x1fe3d89c                info_get_cardlabel
                0x1fe3d8a4                info_get_string
                0x1fe3e60c                info_measure_string
                0x1fe3e69c                info_get_anchor_offset
                0x1fe3e6fc                info_get_by_name
                0x1fe3e740                info_get_absolute
                0x1fe3e854                info_resolve_color
                0x1fe3e8c4                info_print_string
                0x1fe3e9f4                info_print_text
                0x1fe3eb04                info_print_fill
                0x1fe3eb64                info_print_icon
                0x1fe3eb80                info_print_battery_perf
                0x1fe3ecd4                info_print_battery_icon
                0x1fe3ed00                info_get_next_z
                0x1fe3ed40                info_print_element
                0x1fe3ede0                info_print_config
                0x1fe3eecc                info_print_screen
                0x1fe3ef58                info_add_item
                0x1fe3effc                info_free_item
 .text          0x1fe3f050      0x410 screenshot.o
                0x1fe3f050                take_screenshot
 .text          0x1fe3f460      0x1d0 fileprefix.o
                0x1fe3f494                get_file_prefix
                0x1fe3f4a0                file_prefix_set
                0x1fe3f59c                file_prefix_reset
 .text          0x1fe3f630      0xc70 lvinfo.o
                0x1fe3ffe8                lvinfo_add_items
                0x1fe40068                lvinfo_add_item
                0x1fe40070                lvinfo_display
 .text          0x1fe402a0      0x320 builtin-enforcing.o
                0x1fe402a0                unused_dummy_func
 .text          0x1fe405c0      0xc10 powersave.o
                0x1fe405e8                idle_globaldraw_dis
                0x1fe40600                idle_globaldraw_en
                0x1fe40830                powersave_prolong
                0x1fe40858                powersave_prohibit
                0x1fe40880                powersave_permit
                0x1fe408a8                PauseLiveView
                0x1fe409bc                display_on
                0x1fe409c4                display_off
                0x1fe40ab0                idle_led_blink_step
                0x1fe40b6c                idle_is_powersave_enabled
                0x1fe40ba4                idle_is_powersave_enabled_on_info_disp_key
                0x1fe40bcc                idle_is_powersave_active
                0x1fe40c3c                idle_force_powersave_in_1s
                0x1fe40c78                idle_force_powersave_now
                0x1fe40cb4                handle_powersave_key
                0x1fe40d4c                idle_wakeup_reset_counters
                0x1fe40db0                ResumeLiveView
                0x1fe40ff0                idle_powersave_step
 .text          0x1fe411d0      0x630 ml-cbr.o
                0x1fe412a4                ml_register_cbr
                0x1fe41488                ml_unregister_cbr
                0x1fe4156c                ml_notify_cbr
                0x1fe4162c                debug_cbr_tree
                0x1fe416bc                _ml_cbr_init
 .text          0x1fe41800     0x2ad0 raw.o
                0x1fe41824                raw_red_pixel
                0x1fe41864                raw_green_pixel
                0x1fe418a8                raw_blue_pixel
                0x1fe418f0                raw_red_pixel_dark
                0x1fe41958                raw_green_pixel_dark
                0x1fe419c8                raw_blue_pixel_dark
                0x1fe41a3c                raw_red_pixel_bright
                0x1fe41aa4                raw_green_pixel_bright
                0x1fe41b14                raw_blue_pixel_bright
                0x1fe425f8                raw_set_dirty
                0x1fe4260c                raw_set_preview_rect
                0x1fe426f4                raw_set_geometry
                0x1fe42838                raw_get_pixel
                0x1fe42c08                raw_get_pixel_ex
                0x1fe42d3c                raw_set_pixel
                0x1fe42f0c                raw_get_gray_pixel
                0x1fe43128                raw_to_ev
                0x1fe43230                ev_to_raw
                0x1fe43298                raw_lv_redirect_edmac
                0x1fe432ac                raw_lv_vsync
                0x1fe43368                raw_lv_settings_still_valid
                0x1fe433d0                raw_preview_fast_ex
                0x1fe43490                raw_preview_fast
                0x1fe434b8                raw_lv_is_enabled
                0x1fe434c8                raw_force_aspect_ratio_1to1
                0x1fe435a8                get_dxo_dynamic_range
                0x1fe43644                can_use_raw_overlays_photo
                0x1fe43f60                raw_update_params
                0x1fe44058                raw_lv_request
                0x1fe440e4                raw_lv_release
                0x1fe44144                can_use_raw_overlays
                0x1fe441d8                can_use_raw_overlays_menu
                0x1fe4424c                menu_set_warning_raw
                0x1fe442a0                menu_checkdep_raw
 .text          0x1fe442d0     0x1490 chdk-dng.o
                0x1fe4512c                reverse_bytes_order
                0x1fe451f4                dng_set_thumbnail_size
                0x1fe45208                dng_set_camname
                0x1fe4521c                dng_set_camserial
                0x1fe45230                dng_set_description
                0x1fe45244                dng_set_lensmodel
                0x1fe45258                dng_set_focal
                0x1fe4526c                dng_set_aperture
                0x1fe45280                dng_set_shutter
                0x1fe45294                dng_set_framerate
                0x1fe452ac                dng_set_framerate_rational
                0x1fe452c0                dng_set_iso
                0x1fe452d4                dng_set_wbgain
                0x1fe45300                dng_set_datetime
                0x1fe45338                save_dng
 .text          0x1fe45760      0x800 edmac-memcpy.o
                0x1fe45858                edmac_memcpy_res_lock
                0x1fe45890                edmac_memcpy_res_unlock
                0x1fe458a0                edmac_copy_rectangle_cbr_start
                0x1fe45ad8                edmac_copy_rectangle_adv_cleanup
                0x1fe45b28                edmac_copy_rectangle_adv_finish
                0x1fe45b60                edmac_copy_rectangle_adv_start
                0x1fe45bc4                edmac_copy_rectangle_adv
                0x1fe45c18                edmac_copy_rectangle
                0x1fe45c50                edmac_copy_rectangle_start
                0x1fe45c88                edmac_copy_rectangle_finish
                0x1fe45c8c                edmac_memset
                0x1fe45d60                edmac_find_divider
                0x1fe45de8                edmac_memcpy_start
                0x1fe45e98                edmac_memcpy_finish
                0x1fe45e9c                edmac_memcpy
                0x1fe45eb4                edmac_raw_slurp
 .text          0x1fe45f60      0x810 console.o
                0x1fe46410                console_show
                0x1fe46424                console_hide
                0x1fe4644c                console_toggle
                0x1fe46468                console_clear
                0x1fe4648c                console_puts
                0x1fe466c8                console_draw_from_menu
                0x1fe466e4                printf
                0x1fe46754                puts
 .text          0x1fe46770      0x180 tcc-glue.o
                0x1fe46770                _tcc_exit
                0x1fe46794                _tcc_open
                0x1fe46858                _tcc_read
                0x1fe468a0                _tcc_close
                0x1fe468b0                _tcc_lseek
 .text          0x1fe468f0     0x4260 ../../tcc/libtccx.o
                0x1fe4753c                tcc_delete
                0x1fe4794c                tcc_add_file
                0x1fe47aec                tcc_add_symbol
                0x1fe47c58                tcc_new
                0x1fe47e98                tcc_set_options
                0x1fe48c8c                tcc_get_symbol
                0x1fe4a758                tcc_load_offline_section
                0x1fe4aa40                tcc_relocate
 .text          0x1fe4ab50     0x2710 module.o
                0x1fe4bbec                module_load
                0x1fe4bc74                module_get_symbol
                0x1fe4bc80                module_exec
                0x1fe4be1c                module_unload
                0x1fe4be2c                module_exec_cbr
                0x1fe4beac                module_translate_key
                0x1fe4c2ac                module_send_keypress
                0x1fe4c2c4                handle_module_keys
                0x1fe4c394                module_display_filter_enabled
                0x1fe4c40c                module_display_filter_update
                0x1fe4c4b0                module_get_string
                0x1fe4cf9c                module_get_name
                0x1fe4cfb8                module_get_next_loaded
                0x1fe4d004                module_get_config_var
                0x1fe4d07c                module_config_var_lookup
                0x1fe4d0f0                module_save_configs
                0x1fe4d194                module_shutdown
 .text          0x1fe4d260       0xf0 liveview.o
                0x1fe4d2e4                reloc_liveviewapp_install
                0x1fe4d318                reloc_liveviewapp_uninstall
 .text          0x1fe4d350      0x170 reloc.o
                0x1fe4d350                reloc
 .text          0x1fe4d4c0       0x28 dietlibc.a(strrchr.o)
                0x1fe4d4c0                strrchr
                0x1fe4d4c0                rindex
 .text          0x1fe4d4e8       0x20 dietlibc.a(strncpy.o)
                0x1fe4d4e8                strncpy
 .text          0x1fe4d508       0x1c dietlibc.a(strlen.o)
                0x1fe4d508                strlen
 .text          0x1fe4d524       0x38 dietlibc.a(strncmp.o)
                0x1fe4d524                strncmp
 .text          0x1fe4d55c       0x1c dietlibc.a(strcpy.o)
                0x1fe4d55c                strcpy
 .text          0x1fe4d578       0x30 dietlibc.a(strcmp.o)
                0x1fe4d578                strcoll
                0x1fe4d578                strcmp
 .text          0x1fe4d5a8       0x44 dietlibc.a(strcasecmp.o)
                0x1fe4d5a8                strcasecmp
 .text          0x1fe4d5ec      0x208 dietlibc.a(strtoull.o)
                0x1fe4d5ec                strtoumax
                0x1fe4d5ec                strtoull
                0x1fe4d5ec                strtouq
 .text          0x1fe4d7f4      0x19c dietlibc.a(strtoul.o)
                0x1fe4d7f4                strtoul
 .text          0x1fe4d990       0x2c dietlibc.a(strchr.o)
                0x1fe4d990                index
                0x1fe4d990                strchr
 .text          0x1fe4d9bc       0x8c dietlibc.a(strstr.o)
                0x1fe4d9bc                strstr
 .text          0x1fe4da48       0x38 dietlibc.a(memcmp.o)
                0x1fe4da48                bcmp
                0x1fe4da48                memcmp
 .text          0x1fe4da80       0x68 dietlibc.a(memmove.o)
                0x1fe4da80                memmove
 .text          0x1fe4dae8       0x7c dietlibc.a(atol.o)
                0x1fe4dae8                atol
                0x1fe4dae8                atoi
 .text          0x1fe4db64        0x0 dietlibc.a(errno.o)
 .text          0x1fe4db64       0x2c newlib-libc.a(lib_a-setjmp.o)
                0x1fe4db64                setjmp
                0x1fe4db78                longjmp
 .text          0x1fe4db90      0x168 newlib-libc.a(lib_a-memcpy-stub.o)
                0x1fe4db90                memcpy
 .text          0x1fe4dcf8       0xac newlib-libc.a(lib_a-memccpy.o)
                0x1fe4dcf8                memccpy
 .text          0x1fe4dda4      0x188 newlib-libc.a(lib_a-memset.o)
                0x1fe4dda4                memset
 .text          0x1fe4df2c       0xd0 newlib-libm.a(lib_a-sf_ceil.o)
                0x1fe4df2c                ceilf
 .text          0x1fe4dffc       0xa4 newlib-libm.a(lib_a-sf_cos.o)
                0x1fe4dffc                cosf
 .text          0x1fe4e0a0       0x88 newlib-libm.a(lib_a-sf_frexp.o)
                0x1fe4e0a0                frexpf
 .text          0x1fe4e128       0x1c newlib-libm.a(lib_a-sf_log2.o)
                0x1fe4e128                log2f
 .text          0x1fe4e144       0x7c newlib-libm.a(lib_a-sf_round.o)
                0x1fe4e144                roundf
 .text          0x1fe4e1c0       0xbc newlib-libm.a(lib_a-sf_sin.o)
                0x1fe4e1c0                sinf
 .text          0x1fe4e27c       0x74 newlib-libm.a(lib_a-sf_tan.o)
                0x1fe4e27c                tanf
 .text          0x1fe4e2f0      0x10c newlib-libm.a(lib_a-wf_acos.o)
                0x1fe4e2f0                acosf
 .text          0x1fe4e3fc      0x10c newlib-libm.a(lib_a-wf_asin.o)
                0x1fe4e3fc                asinf
 .text          0x1fe4e508       0x10 newlib-libm.a(lib_a-wf_atan2.o)
                0x1fe4e508                atan2f
 .text          0x1fe4e518      0x178 newlib-libm.a(lib_a-wf_exp.o)
                0x1fe4e518                expf
 .text          0x1fe4e690      0x13c newlib-libm.a(lib_a-wf_fmod.o)
                0x1fe4e690                fmodf
 .text          0x1fe4e7cc      0x164 newlib-libm.a(lib_a-wf_log10.o)
                0x1fe4e7cc                log10f
 .text          0x1fe4e930      0x164 newlib-libm.a(lib_a-wf_log.o)
                0x1fe4e930                logf
 .text          0x1fe4ea94      0x504 newlib-libm.a(lib_a-wf_pow.o)
                0x1fe4ea94                powf
 .text          0x1fe4ef98      0x11c newlib-libm.a(lib_a-wf_sqrt.o)
                0x1fe4ef98                sqrtf
 .text          0x1fe4f0b4      0x3bc newlib-libm.a(lib_a-ef_acos.o)
                0x1fe4f0b4                __ieee754_acosf
 .text          0x1fe4f470      0x38c newlib-libm.a(lib_a-ef_asin.o)
                0x1fe4f470                __ieee754_asinf
 .text          0x1fe4f7fc      0x1b4 newlib-libm.a(lib_a-ef_atan2.o)
                0x1fe4f7fc                __ieee754_atan2f
 .text          0x1fe4f9b0      0x2b4 newlib-libm.a(lib_a-ef_exp.o)
                0x1fe4f9b0                __ieee754_expf
 .text          0x1fe4fc64      0x18c newlib-libm.a(lib_a-ef_fmod.o)
                0x1fe4fc64                __ieee754_fmodf
 .text          0x1fe4fdf0       0xf8 newlib-libm.a(lib_a-ef_log10.o)
                0x1fe4fdf0                __ieee754_log10f
 .text          0x1fe4fee8      0x3b8 newlib-libm.a(lib_a-ef_log.o)
                0x1fe4fee8                __ieee754_logf
 .text          0x1fe502a0      0x998 newlib-libm.a(lib_a-ef_pow.o)
                0x1fe502a0                __ieee754_powf
 .text          0x1fe50c38      0x454 newlib-libm.a(lib_a-ef_rem_pio2.o)
                0x1fe50c38                __ieee754_rem_pio2f
 .text          0x1fe5108c      0x114 newlib-libm.a(lib_a-ef_sqrt.o)
                0x1fe5108c                __ieee754_sqrtf
 .text          0x1fe511a0      0x214 newlib-libm.a(lib_a-kf_cos.o)
                0x1fe511a0                __kernel_cosf
 .text          0x1fe513b4      0x950 newlib-libm.a(lib_a-kf_rem_pio2.o)
                0x1fe513b4                __kernel_rem_pio2f
 .text          0x1fe51d04      0x14c newlib-libm.a(lib_a-kf_sin.o)
                0x1fe51d04                __kernel_sinf
 .text          0x1fe51e50      0x360 newlib-libm.a(lib_a-kf_tan.o)
                0x1fe51e50                __kernel_tanf
 .text          0x1fe521b0      0x2fc newlib-libm.a(lib_a-sf_atan.o)
                0x1fe521b0                atanf
 .text          0x1fe524ac        0x8 newlib-libm.a(lib_a-sf_fabs.o)
                0x1fe524ac                fabsf
 .text          0x1fe524b4       0x1c newlib-libm.a(lib_a-sf_finite.o)
                0x1fe524b4                finitef
 .text          0x1fe524d0       0xd4 newlib-libm.a(lib_a-sf_floor.o)
                0x1fe524d0                floorf
 .text          0x1fe525a4       0x6c newlib-libm.a(lib_a-sf_fpclassify.o)
                0x1fe525a4                __fpclassifyf
 .text          0x1fe52610        0xc newlib-libm.a(lib_a-sf_nan.o)
                0x1fe52610                nanf
 .text          0x1fe5261c      0x11c newlib-libm.a(lib_a-sf_scalbn.o)
                0x1fe5261c                scalbnf
 .text          0x1fe52738        0x0 newlib-libm.a(lib_a-s_lib_ver.o)
 .text          0x1fe52738        0x8 newlib-libm.a(lib_a-s_matherr.o)
                0x1fe52738                matherr
 .text          0x1fe52740       0x10 newlib-libm.a(lib_a-s_nan.o)
                0x1fe52740                nan
 .text          0x1fe52750      0x1a0 newlib-libm.a(lib_a-s_rint.o)
                0x1fe52750                rint
 .text          0x1fe528f0       0x10 newlib-libm.a(lib_a-sf_copysign.o)
                0x1fe528f0                copysignf
 .text          0x1fe52900      0x114 gcc-libgcc.a(_udivsi3.o)
                0x1fe52900                __udivsi3
                0x1fe52900                __aeabi_uidiv
                0x1fe529f4                __aeabi_uidivmod
 .text          0x1fe52a14      0x148 gcc-libgcc.a(_divsi3.o)
                0x1fe52a14                __aeabi_idiv
                0x1fe52a14                __divsi3
                0x1fe52b3c                __aeabi_idivmod
 .text          0x1fe52b5c        0x4 gcc-libgcc.a(_dvmd_tls.o)
                0x1fe52b5c                __aeabi_ldiv0
                0x1fe52b5c                __aeabi_idiv0
 .text          0x1fe52b60      0x41c gcc-libgcc.a(_arm_addsubdf3.o)
                0x1fe52b60                __aeabi_drsub
                0x1fe52b68                __aeabi_dsub
                0x1fe52b68                __subdf3
                0x1fe52b6c                __adddf3
                0x1fe52b6c                __aeabi_dadd
                0x1fe52e7c                __aeabi_ui2d
                0x1fe52e7c                __floatunsidf
                0x1fe52ea0                __floatsidf
                0x1fe52ea0                __aeabi_i2d
                0x1fe52ec8                __extendsfdf2
                0x1fe52ec8                __aeabi_f2d
                0x1fe52f08                __aeabi_ul2d
                0x1fe52f08                __floatundidf
                0x1fe52f1c                __floatdidf
                0x1fe52f1c                __aeabi_l2d
 .text          0x1fe52f7c      0x49c gcc-libgcc.a(_arm_muldivdf3.o)
                0x1fe52f7c                __aeabi_dmul
                0x1fe52f7c                __muldf3
                0x1fe5320c                __aeabi_ddiv
                0x1fe5320c                __divdf3
 .text          0x1fe53418      0x144 gcc-libgcc.a(_arm_cmpdf2.o)
                0x1fe53418                __gtdf2
                0x1fe53418                __gedf2
                0x1fe53420                __ltdf2
                0x1fe53420                __ledf2
                0x1fe53428                __cmpdf2
                0x1fe53428                __eqdf2
                0x1fe53428                __nedf2
                0x1fe534b0                __aeabi_cdrcmple
                0x1fe534cc                __aeabi_cdcmple
                0x1fe534cc                __aeabi_cdcmpeq
                0x1fe534e4                __aeabi_dcmpeq
                0x1fe534fc                __aeabi_dcmplt
                0x1fe53514                __aeabi_dcmple
                0x1fe5352c                __aeabi_dcmpge
                0x1fe53544                __aeabi_dcmpgt
 .text          0x1fe5355c       0x5c gcc-libgcc.a(_arm_fixdfsi.o)
                0x1fe5355c                __fixdfsi
                0x1fe5355c                __aeabi_d2iz
 .text          0x1fe535b8       0xa0 gcc-libgcc.a(_arm_truncdfsf2.o)
                0x1fe535b8                __aeabi_d2f
                0x1fe535b8                __truncdfsf2
 .text          0x1fe53658      0x2ac gcc-libgcc.a(_arm_addsubsf3.o)
                0x1fe53658                __aeabi_frsub
                0x1fe53660                __subsf3
                0x1fe53660                __aeabi_fsub
                0x1fe53664                __aeabi_fadd
                0x1fe53664                __addsf3
                0x1fe53820                __aeabi_ui2f
                0x1fe53820                __floatunsisf
                0x1fe53828                __aeabi_i2f
                0x1fe53828                __floatsisf
                0x1fe53848                __floatundisf
                0x1fe53848                __aeabi_ul2f
                0x1fe53858                __floatdisf
                0x1fe53858                __aeabi_l2f
 .text          0x1fe53904      0x2f8 gcc-libgcc.a(_arm_muldivsf3.o)
                0x1fe53904                __mulsf3
                0x1fe53904                __aeabi_fmul
                0x1fe53a9c                __divsf3
                0x1fe53a9c                __aeabi_fdiv
 .text          0x1fe53bfc      0x114 gcc-libgcc.a(_arm_cmpsf2.o)
                0x1fe53bfc                __gtsf2
                0x1fe53bfc                __gesf2
                0x1fe53c04                __lesf2
                0x1fe53c04                __ltsf2
                0x1fe53c0c                __nesf2
                0x1fe53c0c                __eqsf2
                0x1fe53c0c                __cmpsf2
                0x1fe53c70                __aeabi_cfrcmple
                0x1fe53c80                __aeabi_cfcmple
                0x1fe53c80                __aeabi_cfcmpeq
                0x1fe53c98                __aeabi_fcmpeq
                0x1fe53cb0                __aeabi_fcmplt
                0x1fe53cc8                __aeabi_fcmple
                0x1fe53ce0                __aeabi_fcmpge
                0x1fe53cf8                __aeabi_fcmpgt
 .text          0x1fe53d10       0x5c gcc-libgcc.a(_arm_fixsfsi.o)
                0x1fe53d10                __fixsfsi
                0x1fe53d10                __aeabi_f2iz
 .text          0x1fe53d6c       0x54 gcc-libgcc.a(_arm_fixunssfsi.o)
                0x1fe53d6c                __aeabi_f2uiz
                0x1fe53d6c                __fixunssfsi
 .text          0x1fe53dc0       0x44 gcc-libgcc.a(_aeabi_ldivmod.o)
                0x1fe53dc0                __aeabi_ldivmod
 .text          0x1fe53e04       0x3c gcc-libgcc.a(_aeabi_uldivmod.o)
                0x1fe53e04                __aeabi_uldivmod
 .text          0x1fe53e40       0x34 gcc-libgcc.a(_popcountsi2.o)
                0x1fe53e40                __popcountsi2
 .text          0x1fe53e74       0x40 gcc-libgcc.a(_fixsfdi.o)
                0x1fe53e74                __aeabi_f2lz
                0x1fe53e74                __fixsfdi
 .text          0x1fe53eb4       0x6c gcc-libgcc.a(_fixunssfdi.o)
                0x1fe53eb4                __aeabi_f2ulz
                0x1fe53eb4                __fixunssfdi
 .text          0x1fe53f20       0x84 gcc-libgcc.a(bpabi.o)
                0x1fe53f20                __gnu_ldivmod_helper
                0x1fe53f64                __gnu_uldivmod_helper
 .text          0x1fe53fa4       0x54 gcc-libgcc.a(_arm_fixunsdfsi.o)
                0x1fe53fa4                __fixunsdfsi
                0x1fe53fa4                __aeabi_d2uiz
 .text          0x1fe53ff8        0x0 gcc-libgcc.a(_popcount_tab.o)
 .text          0x1fe53ff8      0x4d0 gcc-libgcc.a(_divdi3.o)
                0x1fe53ff8                __divdi3
 .text          0x1fe544c8      0x470 gcc-libgcc.a(_udivdi3.o)
                0x1fe544c8                __udivdi3
 .text          0x1fe54938       0x48 gcc-libgcc.a(_clzsi2.o)
                0x1fe54938                __clzsi2
 .text.__stub   0x1fe54980      0x300 linker stubs
                0x1fe54c80                _text_end = .
                0x1fe54c80                . = ALIGN (0x40)
                0x1fe54c80                _rodata_start = .
 *(.rodata)
 .rodata        0x1fe54c80       0x54 version.o
                0x1fe54c80                build_user
                0x1fe54c8c                build_date
                0x1fe54ca4                build_id
                0x1fe54cbb                build_version
 .rodata        0x1fe54cd4       0x35 fio-ml.o
 *fill*         0x1fe54d09        0x3 
 .rodata        0x1fe54d0c       0x64 mem.o
 .rodata        0x1fe54d70      0xd38 ico.o
                0x1fe54d70                menu_icons_body
 .rodata        0x1fe55aa8      0x14c edmac.o
 .rodata        0x1fe55bf4       0x8c menu.o
 .rodata        0x1fe55c80        0xc debug.o
 .rodata        0x1fe55c8c        0xb util.o
 .rodata        0x1fe55c97       0xab exmem.o
 .rodata        0x1fe55d42       0x51 bmp.o
 *fill*         0x1fe55d93        0x1 
 .rodata        0x1fe55d94       0x2c config.o
 .rodata        0x1fe55dc0       0x18 stdio.o
 .rodata        0x1fe55dd8      0x104 tweaks.o
 .rodata        0x1fe55edc      0x386 lens.o
 .rodata        0x1fe56262       0x14 property.o
 .rodata        0x1fe56276       0x24 movtweaks.o
 *fill*         0x1fe5629a        0x2 
 .rodata        0x1fe5629c      0x140 fps-engio.o
 .rodata        0x1fe563dc      0x68c shoot.o
 .rodata        0x1fe56a68       0x44 lv-img-engio.o
 .rodata        0x1fe56aac       0x13 state-object.o
 .rodata        0x1fe56abf       0x23 tasks.o
 .rodata        0x1fe56ae2        0x8 histogram.o
 *fill*         0x1fe56aea        0x2 
 .rodata        0x1fe56aec       0x20 audio-ak.o
 .rodata        0x1fe56b0c       0xb8 zebra.o
 .rodata        0x1fe56bc4       0x44 beep.o
 .rodata        0x1fe56c08       0x58 powersave.o
 .rodata        0x1fe56c60       0x63 ml-cbr.o
 *fill*         0x1fe56cc3        0x1 
 .rodata        0x1fe56cc4       0x40 raw.o
 .rodata        0x1fe56d04      0x11c chdk-dng.o
 .rodata        0x1fe56e20       0x31 edmac-memcpy.o
 *fill*         0x1fe56e51        0x3 
 .rodata        0x1fe56e54      0x1b8 ../../tcc/libtccx.o
 .rodata        0x1fe5700c       0x18 newlib-libm.a(lib_a-ef_exp.o)
 .rodata        0x1fe57024        0x8 newlib-libm.a(lib_a-ef_fmod.o)
 .rodata        0x1fe5702c       0x18 newlib-libm.a(lib_a-ef_pow.o)
 .rodata        0x1fe57044      0x398 newlib-libm.a(lib_a-ef_rem_pio2.o)
 .rodata        0x1fe573dc       0x38 newlib-libm.a(lib_a-kf_rem_pio2.o)
 .rodata        0x1fe57414       0x20 newlib-libm.a(lib_a-sf_atan.o)
 *fill*         0x1fe57434        0x4 
 .rodata        0x1fe57438       0x10 newlib-libm.a(lib_a-s_rint.o)
 .rodata        0x1fe57448      0x100 gcc-libgcc.a(_popcount_tab.o)
                0x1fe57448                __popcount_tab
                0x1fe57548                _rodata_end = .
                0x1fe57548                _data_start = .

.rodata.str1.1  0x1fe57548     0xcd8f
 .rodata.str1.1
                0x1fe57548       0x46 backtrace.o
 .rodata.str1.1
                0x1fe5758e       0xd0 boot-hack.o
                                 0xd3 (size before relaxing)
 .rodata.str1.1
                0x1fe5765e      0x129 fio-ml.o
                                0x135 (size before relaxing)
 .rodata.str1.1
                0x1fe57787      0x5ce mem.o
                                0x62d (size before relaxing)
 .rodata.str1.1
                0x00000000       0x12 edmac.o
 .rodata.str1.1
                0x1fe57d55      0x88f menu.o
                                0x90e (size before relaxing)
 .rodata.str1.1
                0x1fe585e4      0x973 debug.o
                                0x9fb (size before relaxing)
 .rodata.str1.1
                0x1fe58f57       0x12 posix.o
 .rodata.str1.1
                0x1fe58f69       0x16 util.o
 .rodata.str1.1
                0x1fe58f7f       0x30 electronic_level.o
                                 0x48 (size before relaxing)
 .rodata.str1.1
                0x1fe58faf       0x28 picstyle-noauto.o
 .rodata.str1.1
                0x1fe58fd7      0x11c exmem.o
                                0x123 (size before relaxing)
 .rodata.str1.1
                0x1fe590f3       0x7f bmp.o
                                 0x88 (size before relaxing)
 .rodata.str1.1
                0x1fe59172       0x78 rbf_font.o
 .rodata.str1.1
                0x1fe591ea      0x4e2 config.o
                                0x52c (size before relaxing)
 .rodata.str1.1
                0x1fe596cc       0x2b stdio.o
 .rodata.str1.1
                0x1fe596f7      0x50e bitrate.o
                                0x52e (size before relaxing)
 .rodata.str1.1
                0x1fe59c05     0x1682 tweaks.o
                               0x1710 (size before relaxing)
 .rodata.str1.1
                0x1fe5b287      0x8c9 lens.o
                                0x9df (size before relaxing)
 .rodata.str1.1
                0x1fe5bb50       0x70 property.o
 .rodata.str1.1
                0x1fe5bbc0       0xd2 propvalues.o
                                 0xdf (size before relaxing)
 .rodata.str1.1
                0x1fe5bc92       0x1f gui-common.o
                                 0x24 (size before relaxing)
 .rodata.str1.1
                0x1fe5bcb1      0x62a movtweaks.o
                                0x660 (size before relaxing)
 .rodata.str1.1
                0x1fe5c2db      0x2f3 menuhelp.o
                                0x352 (size before relaxing)
 .rodata.str1.1
                0x1fe5c5ce      0x120 menuindex.o
                                0x125 (size before relaxing)
 .rodata.str1.1
                0x1fe5c6ee      0x18d af_patterns.o
                                0x193 (size before relaxing)
 .rodata.str1.1
                0x1fe5c87b      0xb52 focus.o
                                0xb67 (size before relaxing)
 .rodata.str1.1
                0x1fe5d3cd       0x42 notify_box.o
 .rodata.str1.1
                0x1fe5d40f       0x74 bootflags.o
 .rodata.str1.1
                0x1fe5d483       0x49 vram.o
 .rodata.str1.1
                0x1fe5d4cc       0x4b greenscreen.o
 .rodata.str1.1
                0x1fe5d517      0x851 fps-engio.o
                                0x880 (size before relaxing)
 .rodata.str1.1
                0x1fe5dd68     0x2936 shoot.o
                               0x2b32 (size before relaxing)
 .rodata.str1.1
                0x1fe6069e      0x110 hdr.o
                                0x123 (size before relaxing)
 .rodata.str1.1
                0x1fe607ae      0x544 lv-img-engio.o
                                0x5a7 (size before relaxing)
 .rodata.str1.1
                0x1fe60cf2       0x55 state-object.o
 .rodata.str1.1
                0x1fe60d47       0xbb tasks.o
                                 0xc2 (size before relaxing)
 .rodata.str1.1
                0x1fe60e02        0xf vsync-lite.o
 .rodata.str1.1
                0x1fe60e11       0xa1 tskmon.o
                                 0xb7 (size before relaxing)
 .rodata.str1.1
                0x1fe60eb2       0x2e battery.o
 .rodata.str1.1
                0x1fe60ee0      0x174 histogram.o
                                0x196 (size before relaxing)
 .rodata.str1.1
                0x1fe61054       0x64 falsecolor.o
 .rodata.str1.1
                0x1fe610b8      0x51e audio-ak.o
                                0x54a (size before relaxing)
 .rodata.str1.1
                0x1fe615d6     0x1401 zebra.o
                               0x1572 (size before relaxing)
 .rodata.str1.1
                0x1fe629d7       0xc3 vectorscope.o
                                 0xde (size before relaxing)
 .rodata.str1.1
                0x1fe62a9a      0x332 beep.o
                                0x347 (size before relaxing)
 .rodata.str1.1
                0x1fe62dcc       0xd0 flexinfo.o
                                0x179 (size before relaxing)
 .rodata.str1.1
                0x1fe62e9c       0x32 screenshot.o
                                 0x35 (size before relaxing)
 .rodata.str1.1
                0x00000000        0x3 fileprefix.o
 .rodata.str1.1
                0x1fe62ece       0x12 lvinfo.o
                                 0x15 (size before relaxing)
 .rodata.str1.1
                0x1fe62ee0      0x2e8 powersave.o
                                0x2fb (size before relaxing)
 .rodata.str1.1
                0x1fe631c8       0xbb ml-cbr.o
                                 0xc7 (size before relaxing)
 .rodata.str1.1
                0x1fe63283      0x16b raw.o
                                0x18c (size before relaxing)
 .rodata.str1.1
                0x1fe633ee       0x1b chdk-dng.o
                                 0x2b (size before relaxing)
 .rodata.str1.1
                0x1fe63409      0x116 edmac-memcpy.o
                                0x128 (size before relaxing)
 .rodata.str1.1
                0x1fe6351f        0xd console.o
                                 0x12 (size before relaxing)
 .rodata.str1.1
                0x1fe6352c       0x6c tcc-glue.o
 .rodata.str1.1
                0x1fe63598      0x5d5 ../../tcc/libtccx.o
                                0x652 (size before relaxing)
 .rodata.str1.1
                0x1fe63b6d      0x755 module.o
                                0x819 (size before relaxing)
 .rodata.str1.1
                0x1fe642c2       0x15 liveview.o

.rodata.str1.4  0x1fe642d8       0xc4
 .rodata.str1.4
                0x1fe642d8       0x5a stdio.o
                                 0x5c (size before relaxing)
 *fill*         0x1fe64332        0x2 
 .rodata.str1.4
                0x1fe64334       0x16 histogram.o
                                 0x18 (size before relaxing)
 *fill*         0x1fe6434a        0x2 
 .rodata.str1.4
                0x1fe6434c       0x10 raw.o
 .rodata.str1.4
                0x1fe6435c        0x6 newlib-libm.a(lib_a-wf_acos.o)
                                  0xc (size before relaxing)
 *fill*         0x1fe64362        0x2 
 .rodata.str1.4
                0x1fe64364        0x6 newlib-libm.a(lib_a-wf_asin.o)
                                  0xc (size before relaxing)
 *fill*         0x1fe6436a        0x2 
 .rodata.str1.4
                0x1fe6436c        0x5 newlib-libm.a(lib_a-wf_exp.o)
                                  0x8 (size before relaxing)
 *fill*         0x1fe64371        0x3 
 .rodata.str1.4
                0x1fe64374        0x6 newlib-libm.a(lib_a-wf_fmod.o)
                                  0x8 (size before relaxing)
 *fill*         0x1fe6437a        0x2 
 .rodata.str1.4
                0x1fe6437c        0x7 newlib-libm.a(lib_a-wf_log10.o)
                                  0xc (size before relaxing)
 *fill*         0x1fe64383        0x1 
 .rodata.str1.4
                0x1fe64384        0x5 newlib-libm.a(lib_a-wf_log.o)
                                  0xc (size before relaxing)
 *fill*         0x1fe64389        0x3 
 .rodata.str1.4
                0x1fe6438c        0x5 newlib-libm.a(lib_a-wf_pow.o)
                                  0x8 (size before relaxing)
 *fill*         0x1fe64391        0x3 
 .rodata.str1.4
                0x1fe64394        0x8 newlib-libm.a(lib_a-wf_sqrt.o)
 .rodata.str1.4
                0x00000000        0x4 newlib-libm.a(lib_a-ef_pow.o)

.ARM.extab      0x1fe6439c        0x0
 .ARM.extab     0x1fe6439c        0x0 gcc-libgcc.a(_divdi3.o)
 .ARM.extab     0x1fe6439c        0x0 gcc-libgcc.a(_udivdi3.o)

.glue_7         0x1fe6439c        0x0
 .glue_7        0x00000000        0x0 linker stubs

.glue_7t        0x1fe6439c        0x0
 .glue_7t       0x00000000        0x0 linker stubs

.vfp11_veneer   0x1fe6439c        0x0
 .vfp11_veneer  0x00000000        0x0 linker stubs

.v4_bx          0x1fe6439c        0x0
 .v4_bx         0x00000000        0x0 linker stubs

.iplt           0x1fe6439c        0x0
 .iplt          0x00000000        0x0 entry.o

.text.unlikely  0x1fe643a0      0x628
 .text.unlikely
                0x1fe643a0      0x1b4 menu.o
 .text.unlikely
                0x1fe64554      0x1b4 tweaks.o
 .text.unlikely
                0x1fe64708       0xac shoot.o
 .text.unlikely
                0x1fe647b4      0x138 histogram.o
 .text.unlikely
                0x1fe648ec       0xc8 zebra.o
 *fill*         0x1fe649b4        0x4 
 .text.unlikely.__stub
                0x1fe649b8       0x10 linker stubs

.data           0x1fe649c8     0xc8ad
                0x1fe649c8                . = ALIGN (0x8)
                0x1fe649c8                _task_overrides_start = .
 *(.task_overrides)
 .task_overrides
                0x1fe649c8        0x8 gui.o
                0x1fe649c8                task_mapping_ml_gui_main_task
 .task_overrides
                0x1fe649d0        0x8 audio-ak.o
                0x1fe649d0                task_mapping_my_sounddev_task
                0x1fe649d8                _task_overrides_end = .
                0x1fe649d8                . = ALIGN (0x8)
                0x1fe649d8                _tasks_start = .
 *(.tasks)
 .tasks         0x1fe649d8       0x28 menu.o
                0x1fe649d8                task_create_menu_task
                0x1fe649ec                task_create_menu_redraw_task
 .tasks         0x1fe64a00       0x14 debug.o
                0x1fe64a00                task_create_debug_loop_task
 .tasks         0x1fe64a14       0x14 bitrate.o
                0x1fe64a14                task_create_bitrate_task
 .tasks         0x1fe64a28       0x14 tweaks.o
                0x1fe64a28                task_create_tweak_task
 .tasks         0x1fe64a3c       0x28 focus.o
                0x1fe64a3c                task_create_focus_misc_task
                0x1fe64a50                task_create_focus_task
 .tasks         0x1fe64a64       0x14 notify_box.o
                0x1fe64a64                task_create_NotifyBox_task
 .tasks         0x1fe64a78       0x14 fps-engio.o
                0x1fe64a78                task_create_fps_task
 .tasks         0x1fe64a8c       0x28 shoot.o
                0x1fe64a8c                task_create_shoot_task
                0x1fe64aa0                task_create_seconds_clock_task
 .tasks         0x1fe64ab4       0x14 lv-img-engio.o
                0x1fe64ab4                task_create_vignetting_init
 .tasks         0x1fe64ac8       0x14 audio-ak.o
                0x1fe64ac8                task_create_audio_common_task
 .tasks         0x1fe64adc       0x3c zebra.o
                0x1fe64adc                task_create_livev_lopriority_task
                0x1fe64af0                task_create_livev_hipriority_task
                0x1fe64b04                task_create_clearscreen_task
 .tasks         0x1fe64b18       0x14 beep.o
                0x1fe64b18                task_create_beep_task
 .tasks         0x1fe64b2c       0x14 console.o
                0x1fe64b2c                task_create_console_task
 .tasks         0x1fe64b40       0x14 module.o
                0x1fe64b40                task_create_module_load_task
                0x1fe64b54                _tasks_end = .
                0x1fe64b58                . = ALIGN (0x8)
 *fill*         0x1fe64b54        0x4 
                0x1fe64b58                _init_funcs_start = .
 *(.init_funcs)
 .init_funcs    0x1fe64b58       0x14 fio-ml.o
                0x1fe64b58                task_create_fio_init
 .init_funcs    0x1fe64b6c       0x14 debug.o
                0x1fe64b6c                task_create_debug_init_func
 .init_funcs    0x1fe64b80       0x14 electronic_level.o
                0x1fe64b80                task_create_electronic_level_init
 .init_funcs    0x1fe64b94       0x14 exmem.o
                0x1fe64b94                task_create_exmem_init
 .init_funcs    0x1fe64ba8       0x14 bmp.o
                0x1fe64ba8                task_create_bmp_init
 .init_funcs    0x1fe64bbc       0x14 config.o
                0x1fe64bbc                task_create_config_menu_init
 .init_funcs    0x1fe64bd0       0x14 bitrate.o
                0x1fe64bd0                task_create_bitrate_init
 .init_funcs    0x1fe64be4       0x14 tweaks.o
                0x1fe64be4                task_create_tweak_init
 .init_funcs    0x1fe64bf8       0x28 lens.o
                0x1fe64bf8                task_create_lens_info_init
                0x1fe64c0c                task_create_lens_init
 .init_funcs    0x1fe64c20       0x14 property.o
                0x1fe64c20                task_create_prop_init
 .init_funcs    0x1fe64c34       0x14 movtweaks.o
                0x1fe64c34                task_create_movtweak_init
 .init_funcs    0x1fe64c48       0x14 menuindex.o
                0x1fe64c48                task_create_help_menu_init
 .init_funcs    0x1fe64c5c       0x14 focus.o
                0x1fe64c5c                task_create_focus_init
 .init_funcs    0x1fe64c70       0x14 notify_box.o
                0x1fe64c70                task_create_dlg_init
 .init_funcs    0x1fe64c84       0x28 fps-engio.o
                0x1fe64c84                task_create_sensor_timing_table_init
                0x1fe64c98                task_create_fps_init
 .init_funcs    0x1fe64cac       0x14 shoot.o
                0x1fe64cac                task_create_shoot_init
 .init_funcs    0x1fe64cc0       0x14 hdr.o
                0x1fe64cc0                task_create_hdr_init
 .init_funcs    0x1fe64cd4       0x14 lv-img-engio.o
                0x1fe64cd4                task_create_lv_img_init
 .init_funcs    0x1fe64ce8       0x14 state-object.o
                0x1fe64ce8                task_create_state_init
 .init_funcs    0x1fe64cfc       0x14 vsync-lite.o
                0x1fe64cfc                task_create_vsync_init
 .init_funcs    0x1fe64d10       0x14 histogram.o
                0x1fe64d10                task_create_hist_init
 .init_funcs    0x1fe64d24       0x28 audio-ak.o
                0x1fe64d24                task_create_audio_menus_init
                0x1fe64d38                task_create_audio_meter_init
 .init_funcs    0x1fe64d4c       0x14 zebra.o
                0x1fe64d4c                task_create_zebra_init
 .init_funcs    0x1fe64d60       0x14 vectorscope.o
                0x1fe64d60                task_create_vectorscope_feature_init
 .init_funcs    0x1fe64d74       0x14 beep.o
                0x1fe64d74                task_create_beep_init
 .init_funcs    0x1fe64d88       0x14 flexinfo.o
                0x1fe64d88                task_create_info_init
 .init_funcs    0x1fe64d9c       0x14 lvinfo.o
                0x1fe64d9c                task_create_lvinfo_init
 .init_funcs    0x1fe64db0       0x14 powersave.o
                0x1fe64db0                task_create_powersave_init
 .init_funcs    0x1fe64dc4       0x14 raw.o
                0x1fe64dc4                task_create_raw_init
 .init_funcs    0x1fe64dd8       0x14 edmac-memcpy.o
                0x1fe64dd8                task_create_edmac_memcpy_init
 .init_funcs    0x1fe64dec       0x14 module.o
                0x1fe64dec                task_create_module_init
 .init_funcs    0x1fe64e00       0x14 liveview.o
                0x1fe64e00                task_create_reloc_liveviewapp_init
                0x1fe64e14                _init_funcs_end = .
                0x1fe64e18                . = ALIGN (0x8)
 *fill*         0x1fe64e14        0x4 
                0x1fe64e18                _ptp_handlers_start = .
 *(.ptp_handlers)
                0x1fe64e18                _ptp_handlers_end = .
                0x1fe64e18                . = ALIGN (0x8)
                0x1fe64e18                _config_vars_start = .
 *(.config_vars)
 .config_vars   0x1fe64e18       0x30 fio-ml.o
                0x1fe64e18                __config_card_force_type
                0x1fe64e28                __config_card_test_enabled
                0x1fe64e38                __config_cf_card_workaround
 .config_vars   0x1fe64e48       0x40 menu.o
                0x1fe64e48                __config_menu_upside_down
                0x1fe64e58                __config_beta_warn
                0x1fe64e68                __config_menu_first_by_icon
                0x1fe64e78                __config_junkie_mode
 .config_vars   0x1fe64e88       0x10 debug.o
                0x1fe64e88                __config_timed_dump
 .config_vars   0x1fe64e98       0x70 bitrate.o
                0x1fe64e98                __config_buffer_warning_level
                0x1fe64ea8                __config_cfg_hibr_wav_record
                0x1fe64eb8                __config_bitrate_indicator
                0x1fe64ec8                __config_time_indicator
                0x1fe64ed8                __config_bitrate_factor
                0x1fe64ee8                __config_bitrate_mode
                0x1fe64ef8                __config_qscale_neg
 .config_vars   0x1fe64f08      0x220 tweaks.o
                0x1fe64f08                __config_anamorphic_preview
                0x1fe64f18                __config_defish_preview
                0x1fe64f28                __config_lcd_adjust_position
                0x1fe64f38                __config_bmp_color_scheme
                0x1fe64f48                __config_preview_peaking
                0x1fe64f58                __config_preview_crazy
                0x1fe64f68                __config_preview_saturation
                0x1fe64f78                __config_preview_contrast
                0x1fe64f88                __config_preview_brightness
                0x1fe64f98                __config_warn_msg
                0x1fe64fa8                __config_warn_mf
                0x1fe64fb8                __config_warn_wb
                0x1fe64fc8                __config_warn_alo
                0x1fe64fd8                __config_warn_picq
                0x1fe64fe8                __config_warn_mode
                0x1fe64ff8                __config_arrow_keys_bright_sat
                0x1fe65008                __config_arrow_keys_shutter_aperture
                0x1fe65018                __config_arrow_keys_iso_kelvin
                0x1fe65028                __config_arrow_keys_audio
                0x1fe65038                __config_arrow_keys_use_set
                0x1fe65048                __config_arrow_keys_mode