Archive member included because of file (symbol)

dietlibc.a(strrchr.o)         ../../tcc/libtccx.o (strrchr)
dietlibc.a(strncpy.o)         fio-ml.o (strncpy)
dietlibc.a(strlen.o)          fio-ml.o (strlen)
dietlibc.a(strncmp.o)         fio-ml.o (strncmp)
dietlibc.a(strcpy.o)          backtrace.o (strcpy)
dietlibc.a(strcmp.o)          rbf_font.o (strcmp)
dietlibc.a(strcasecmp.o)      (strcasecmp)
dietlibc.a(strtoull.o)        ../../tcc/libtccx.o (strtoull)
dietlibc.a(strtoul.o)         ../../tcc/libtccx.o (strtoul)
dietlibc.a(strchr.o)          fio-ml.o (strchr)
dietlibc.a(strstr.o)          (strstr)
dietlibc.a(memcmp.o)          ../../tcc/libtccx.o (memcmp)
dietlibc.a(memmove.o)         (memmove)
dietlibc.a(atol.o)            config.o (atoi)
dietlibc.a(errno.o)           dietlibc.a(strtoull.o) (errno)
newlib-libc.a(lib_a-setjmp.o)
                              ../../tcc/libtccx.o (longjmp)
newlib-libc.a(lib_a-memcpy-stub.o)
                              boot-hack.o (memcpy)
newlib-libc.a(lib_a-memccpy.o)
                              dietlibc.a(strncpy.o) (memccpy)
newlib-libc.a(lib_a-memset.o)
                              mem.o (memset)
newlib-libm.a(lib_a-sf_ceil.o)
                              (ceilf)
newlib-libm.a(lib_a-sf_cos.o)
                              chdk-gui_draw.o (cosf)
newlib-libm.a(lib_a-sf_frexp.o)
                              (frexpf)
newlib-libm.a(lib_a-sf_log2.o)
                              (log2f)
newlib-libm.a(lib_a-sf_round.o)
                              lens.o (roundf)
newlib-libm.a(lib_a-sf_sin.o)
                              chdk-gui_draw.o (sinf)
newlib-libm.a(lib_a-sf_tan.o)
                              (tanf)
newlib-libm.a(lib_a-wf_acos.o)
                              (acosf)
newlib-libm.a(lib_a-wf_asin.o)
                              (asinf)
newlib-libm.a(lib_a-wf_atan2.o)
                              (atan2f)
newlib-libm.a(lib_a-wf_exp.o)
                              (expf)
newlib-libm.a(lib_a-wf_fmod.o)
                              (fmodf)
newlib-libm.a(lib_a-wf_log10.o)
                              (log10f)
newlib-libm.a(lib_a-wf_log.o)
                              newlib-libm.a(lib_a-sf_log2.o) (logf)
newlib-libm.a(lib_a-wf_pow.o)
                              lens.o (powf)
newlib-libm.a(lib_a-wf_sqrt.o)
                              focus.o (sqrtf)
newlib-libm.a(lib_a-ef_acos.o)
                              newlib-libm.a(lib_a-wf_acos.o) (__ieee754_acosf)
newlib-libm.a(lib_a-ef_asin.o)
                              newlib-libm.a(lib_a-wf_asin.o) (__ieee754_asinf)
newlib-libm.a(lib_a-ef_atan2.o)
                              newlib-libm.a(lib_a-wf_atan2.o) (__ieee754_atan2f)
newlib-libm.a(lib_a-ef_exp.o)
                              newlib-libm.a(lib_a-wf_exp.o) (__ieee754_expf)
newlib-libm.a(lib_a-ef_fmod.o)
                              newlib-libm.a(lib_a-wf_fmod.o) (__ieee754_fmodf)
newlib-libm.a(lib_a-ef_log10.o)
                              newlib-libm.a(lib_a-wf_log10.o) (__ieee754_log10f)
newlib-libm.a(lib_a-ef_log.o)
                              newlib-libm.a(lib_a-wf_log.o) (__ieee754_logf)
newlib-libm.a(lib_a-ef_pow.o)
                              newlib-libm.a(lib_a-wf_pow.o) (__ieee754_powf)
newlib-libm.a(lib_a-ef_rem_pio2.o)
                              newlib-libm.a(lib_a-sf_cos.o) (__ieee754_rem_pio2f)
newlib-libm.a(lib_a-ef_sqrt.o)
                              newlib-libm.a(lib_a-wf_sqrt.o) (__ieee754_sqrtf)
newlib-libm.a(lib_a-kf_cos.o)
                              newlib-libm.a(lib_a-sf_cos.o) (__kernel_cosf)
newlib-libm.a(lib_a-kf_rem_pio2.o)
                              newlib-libm.a(lib_a-ef_rem_pio2.o) (__kernel_rem_pio2f)
newlib-libm.a(lib_a-kf_sin.o)
                              newlib-libm.a(lib_a-sf_cos.o) (__kernel_sinf)
newlib-libm.a(lib_a-kf_tan.o)
                              newlib-libm.a(lib_a-sf_tan.o) (__kernel_tanf)
newlib-libm.a(lib_a-sf_atan.o)
                              newlib-libm.a(lib_a-ef_atan2.o) (atanf)
newlib-libm.a(lib_a-sf_fabs.o)
                              newlib-libm.a(lib_a-wf_acos.o) (fabsf)
newlib-libm.a(lib_a-sf_finite.o)
                              newlib-libm.a(lib_a-wf_exp.o) (finitef)
newlib-libm.a(lib_a-sf_floor.o)
                              newlib-libm.a(lib_a-kf_rem_pio2.o) (floorf)
newlib-libm.a(lib_a-sf_fpclassify.o)
                              newlib-libm.a(lib_a-wf_acos.o) (__fpclassifyf)
newlib-libm.a(lib_a-sf_nan.o)
                              newlib-libm.a(lib_a-ef_pow.o) (nanf)
newlib-libm.a(lib_a-sf_scalbn.o)
                              newlib-libm.a(lib_a-ef_pow.o) (scalbnf)
newlib-libm.a(lib_a-s_lib_ver.o)
                              newlib-libm.a(lib_a-wf_acos.o) (__fdlib_version)
newlib-libm.a(lib_a-s_matherr.o)
                              newlib-libm.a(lib_a-wf_acos.o) (matherr)
newlib-libm.a(lib_a-s_nan.o)  newlib-libm.a(lib_a-wf_acos.o) (nan)
newlib-libm.a(lib_a-s_rint.o)
                              newlib-libm.a(lib_a-wf_pow.o) (rint)
[...]
Memory Configuration

Name             Origin             Length             Attributes
*default*        0x00000000         0xffffffff

Linker script and memory map

                0x00c80100                . = 0xc80100

.text           0x00c80100    0x54f80
                0x00c80100                _text_start = .
 *(.text)
 .text          0x00c80100        0x4 entry.o
                0x00c80100                _start
 .text          0x00c80104        0x0 ../../platform/600D.102/stubs.o
 .text          0x00c80104        0x0 version.o
 *fill*         0x00c80104        0xc 
 .text          0x00c80110      0x370 backtrace.o
                0x00c80110                eos_backtrace_rebuild
                0x00c80440                backtrace_print
                0x00c80468                backtrace_getstr
 .text          0x00c80480      0xa40 boot-hack.o
                0x00c80b68                copy_and_restart
                0x00c80db4                magic_is_off
                0x00c80dc4                _disable_ml_startup
                0x00c80dd8                hold_your_horses
                0x00c80e00                get_assert_msg
                0x00c80e0c                ml_assert_handler
                0x00c80e90                ml_crash_message
 .text          0x00c80ec0      0xb20 fio-ml.o
                0x00c810f8                get_ml_card
                0x00c81108                get_shooting_card
                0x00c81118                get_card
                0x00c81158                get_free_space_32k
                0x00c8117c                _card_tweaks
                0x00c81180                get_dcim_dir_suffix
                0x00c8118c                get_dcim_dir
                0x00c811d4                FIO_OpenFile
                0x00c8120c                FIO_GetFileSize
                0x00c8123c                FIO_RemoveFile
                0x00c81260                FIO_FindFirstEx
                0x00c81290                FIO_RenameFile
                0x00c812cc                FIO_GetFileSize_direct
                0x00c81300                FIO_ReadFile
                0x00c81408                FIO_WriteFile
                0x00c81454                is_file
                0x00c81478                is_dir
                0x00c814a4                _find_ml_card
                0x00c8156c                FIO_CreateDirectory
                0x00c81614                FIO_CreateFile
                0x00c8169c                FIO_CreateFileOrAppend
                0x00c816e8                FIO_CopyFile
                0x00c817c0                FIO_MoveFile
                0x00c817e4                get_numbered_file_name
                0x00c81858                dump_seg
                0x00c8188c                dump_big_seg
                0x00c81900                read_file
                0x00c81944                read_entire_file
 .text          0x00c819e0     0x22b0 mem.o
                0x00c819e8                GetFreeMemForMalloc
                0x00c81ba4                GetFreeMemForAllocateMemory
                0x00c82348                __priv_malloc
                0x00c8234c                __priv_free
                0x00c82350                __priv_AllocateMemory
                0x00c82354                __priv_FreeMemory
                0x00c82358                __priv_alloc_dma_memory
                0x00c8235c                __priv_free_dma_memory
                0x00c82360                __priv_shoot_malloc
                0x00c82364                __priv_shoot_free
                0x00c82368                format_memory_size
                0x00c8363c                __mem_malloc
                0x00c83928                __mem_free
                0x00c83b20                shoot_malloc_suite
                0x00c83b58                shoot_free_suite
                0x00c83b88                srm_malloc_suite
                0x00c83bc0                srm_free_suite
                0x00c83bf0                shoot_malloc_suite_contig
                0x00c83c28                _mem_init
                0x00c83c74                mem_menu_init
 .text          0x00c83c90        0x0 ico.o
 .text          0x00c83c90      0x580 edmac.o
                0x00c83c98                edmac_index_to_channel
                0x00c83cd8                edmac_get_dir
                0x00c83d10                edmac_channel_to_index
                0x00c83da0                edmac_get_base
                0x00c83de0                edmac_get_channel
                0x00c83e3c                edmac_get_state
                0x00c83e5c                edmac_get_flags
                0x00c83e80                edmac_get_address
                0x00c83ea4                edmac_get_pointer
                0x00c83ec4                edmac_get_length
                0x00c83ee8                edmac_get_connection
                0x00c83f98                edmac_fix_off1
                0x00c83fa4                edmac_fix_off2
                0x00c83fb0                edmac_get_info
                0x00c840f8                edmac_get_total_size
                0x00c84190                edmac_bytes_per_transfer
 .text          0x00c84210     0x7fe0 menu.o
                0x00c8449c                menu_open_submenu
                0x00c85818                menu_redraw_flood
                0x00c87e58                get_menu_edit_mode
                0x00c87e68                menu_set_dirty
                0x00c87e7c                menu_enable_lv_transparent_mode
                0x00c87ea8                menu_disable_lv_transparent_mode
                0x00c87ebc                menu_get_root
                0x00c87ecc                menu_numeric_toggle
                0x00c87f54                menu_numeric_toggle_time
                0x00c881f0                menu_add
                0x00c881f8                customize_menu_init
                0x00c88274                menu_add_base
                0x00c88544                menu_remove
                0x00c886f8                menu_redraw
                0x00c88758                handle_ml_menu_keyrepeat
                0x00c887d4                keyrepeat_ack
                0x00c887f4                menu_init
                0x00c8892c                gui_menu_shown
                0x00c8893c                is_submenu_or_edit_mode_active
                0x00c88978                is_menu_help_active
                0x00c889a0                menu_active_but_hidden
                0x00c889c8                menu_active_and_not_hidden
                0x00c88a10                gui_stop_menu
                0x00c89068                run_in_separate_task
                0x00c890c8                gui_open_menu
                0x00c890ec                is_menu_entry_selected
                0x00c89160                is_menu_selected
                0x00c89190                is_menu_active
                0x00c8989c                select_menu
                0x00c89910                select_menu_by_name
                0x00c8aba0                menu_benchmark
                0x00c8ad14                handle_ml_menu_erase
                0x00c8adc8                menu_close_submenu
                0x00c8adf0                menu_toggle_submenu
                0x00c8b290                handle_ml_menu_keys
                0x00c8bb08                handle_quick_access_menu_items
                0x00c8bb7c                config_menu_save_flags
                0x00c8bca8                menu_get_value_from_script
                0x00c8bd00                menu_get_str_value_from_script
                0x00c8bd68                menu_set_str_value_from_script
                0x00c8bfc8                menu_set_value_from_script
                0x00c8c080                menu_request_image_backend
                0x00c8c11c                menu_advanced_toggle
                0x00c8c16c                menu_advanced_update
 .text          0x00c8c1f0     0x16b0 debug.o
                0x00c8ccfc                _card_led_on
                0x00c8cd10                _card_led_off
                0x00c8cd24                info_led_on
                0x00c8cd38                info_led_off
                0x00c8cd4c                info_led_blink
                0x00c8d4b8                request_crash_log
                0x00c8d4c8                request_core_dump
                0x00c8d4e4                debug_init
                0x00c8d4e8                debug_init_stuff
                0x00c8d500                handle_keep_ml_after_format_toggle
                0x00c8d574                debug_menu_init
                0x00c8d5bc                spy_event
                0x00c8d698                get_halfshutter_pressed
                0x00c8d6c4                get_zoom_out_pressed
                0x00c8d6d4                handle_buttons_being_held
                0x00c8d748                handle_tricky_canon_calls
                0x00c8d860                EngDrvOut
                0x00c8d888                engio_write
 .text          0x00c8d8a0      0x140 rand.o
                0x00c8d8a0                rand_fill
                0x00c8d95c                rand_seed
 .text          0x00c8d9e0      0x150 posix.o
                0x00c8d9e0                rand
                0x00c8da08                srand
                0x00c8da0c                strdup
                0x00c8da3c                time
                0x00c8da44                clock
                0x00c8da48                calloc
                0x00c8da80                realloc
                0x00c8dac4                strlcat
                0x00c8db14                strcat
 .text          0x00c8db30       0xe0 util.o
                0x00c8db30                util_atomic_inc
                0x00c8db64                util_atomic_dec
                0x00c8db98                bin_search
 .text          0x00c8dc10       0xa0 imath.o
                0x00c8dc10                powi
                0x00c8dc3c                log2i
                0x00c8dc54                log10i
                0x00c8dc78                log_length
 .text          0x00c8dcb0       0x10 electronic_level.o
 .text          0x00c8dcc0       0x80 cfn.o
                0x00c8dcd4                get_htp
                0x00c8dce0                set_htp
                0x00c8dcf0                get_mlu
                0x00c8dcfc                set_mlu
                0x00c8dd0c                cfn_get_af_button_assignment
                0x00c8dd18                cfn_set_af_button
                0x00c8dd28                get_alo
 .text          0x00c8dd40      0x110 gui.o
                0x00c8dd40                ml_gui_main_task
 .text          0x00c8de50      0x260 picstyle.o
                0x00c8df18                get_prop_picstyle_from_index
                0x00c8dfcc                get_prop_picstyle_index
 .text          0x00c8e0b0      0xae0 exmem.o
                0x00c8e270                GetNumberOfChunks
                0x00c8e2b8                GetSizeOfMemorySuite
                0x00c8e300                GetSizeOfMemoryChunk
                0x00c8e348                _shoot_free_suite
                0x00c8e374                exmem_save_buffer
                0x00c8e3f4                exmem_clear
                0x00c8e458                _shoot_malloc_suite
                0x00c8e4c0                _shoot_malloc_suite_contig
                0x00c8e628                _shoot_malloc
                0x00c8e654                _shoot_free
                0x00c8e694                _shoot_get_free_space
                0x00c8e6b0                _srm_malloc_suite
                0x00c8e854                _srm_free_suite
                0x00c8e8f4                _srm_free
                0x00c8e97c                _srm_malloc
                0x00c8eaac                _srm_get_max_region
                0x00c8eae4                _srm_get_free_space
 .text          0x00c8eb90     0x19d0 bmp.o
                0x00c8ed20                BMP_VRAM_START
                0x00c8edb4                bmp_vram_real
                0x00c8edd4                bmp_vram_idle
                0x00c8ede4                bmp_draw_to_idle
                0x00c8edf4                bmp_vram
                0x00c8ee10                bmp_idle_copy
                0x00c8ef0c                bmp_putpixel_fast
                0x00c8ef1c                bmp_puts
                0x00c8efc8                bmp_printf
                0x00c8f01c                big_bmp_printf
                0x00c8f09c                bmp_string_width
                0x00c8f0bc                bmp_strlen_clipped
                0x00c8f0dc                bmp_fill
                0x00c8f19c                bmp_load_ram
                0x00c8f4cc                bmp_load
                0x00c8f588                clrscr
                0x00c8f5cc                bmp_getpixel
                0x00c8f640                bmp_putpixel
                0x00c8f6a8                bmp_draw_rect
                0x00c8f748                bmp_draw_rect_chamfer
                0x00c8f8f4                bmp_draw_request_stop
                0x00c8f908                bmp_draw_scaled_ex
                0x00c8fef0                bfnt_draw_char
                0x00c90040                bfnt_char_get_width
                0x00c90088                bmp_flip
                0x00c901c0                bmp_flip_ex
                0x00c90354                bmp_is_on
                0x00c9036c                bmp_on
                0x00c90398                bmp_off
                0x00c903f0                bmp_mute_flag_reset
                0x00c90408                bmp_zoom
 .text          0x00c90560      0xef0 rbf_font.o
                0x00c90a1c                font_by_name
                0x00c90d40                rbf_str_width
                0x00c90d8c                rbf_str_clipped_width
                0x00c90dc0                rbf_strlen_clipped
                0x00c90dfc                rbf_draw_string
                0x00c912f8                _load_fonts
 .text          0x00c91450     0x11f0 config.o
                0x00c91bd0                config_save_file
                0x00c91d50                config_flag_file_setting_load
                0x00c91d6c                config_flag_file_setting_save
                0x00c91e00                config_parse_file
                0x00c91ef8                get_config_var
                0x00c91f18                set_config_var
                0x00c91f30                set_config_var_ptr
                0x00c91f70                config_var_was_changed
                0x00c91f98                config_var_restore_default
                0x00c91fb8                module_config_load
                0x00c92014                module_config_save
                0x00c92138                get_config_dir
                0x00c92144                get_config_preset_name
                0x00c92154                handle_select_config_file_by_key_at_startup
                0x00c921b8                config_load
                0x00c9256c                config_save
                0x00c925f0                config_save_at_shutdown
 .text          0x00c92640      0x390 stdio.o
                0x00c92640                my_fprintf
                0x00c9269c                streq
                0x00c926e0                toupper
                0x00c926f0                tolower
                0x00c92700                __errno
                0x00c9270c                islower
                0x00c92720                isupper
                0x00c92734                isalpha
                0x00c9274c                isdigit
                0x00c92760                isxdigit
                0x00c92780                isalnum
                0x00c927b0                ispunct
                0x00c927d0                isgraph
                0x00c92800                isspace
                0x00c92820                iscntrl
                0x00c92840                snprintf
                0x00c9286c                memset64
                0x00c92908                memcpy64
 .text          0x00c929d0      0xe00 bitrate.o
                0x00c931cc                hibr_should_record_wav
                0x00c931d4                bitrate_mvr_log
                0x00c9327c                time_indicator_show
                0x00c93398                is_mvr_buffer_almost_full
                0x00c93480                show_mvr_buffer_status
                0x00c935e0                movie_indicators_show
 .text          0x00c937d0        0x0 lcdsensor.o
 .text          0x00c937d0     0x42f0 tweaks.o
                0x00c93bf8                display_orientation_toggle
                0x00c94394                get_expsim
                0x00c943ac                set_expsim
                0x00c943b0                set_backlight_level
                0x00c943e0                afframe_set_dirty
                0x00c943f4                afframe_clr_dirty
                0x00c94408                clear_lv_afframe
                0x00c94694                clear_lv_afframe_if_dirty
                0x00c94700                is_pure_play_photo_mode
                0x00c94820                is_pure_play_movie_mode
                0x00c9486c                is_pure_play_photo_or_movie_mode
                0x00c94894                is_play_or_qr_mode
                0x00c948cc                is_play_mode
                0x00c94900                is_menu_mode
                0x00c94934                handle_set_wheel_play
                0x00c94b74                play_lv_key_step
                0x00c95c90                handle_lv_play
                0x00c95d8c                handle_fast_zoom_box
                0x00c95ea4                handle_fast_zoom_in_play_mode
                0x00c95fc8                handle_push_wb
                0x00c95fec                handle_arrow_keys
                0x00c963bc                arrow_keys_shortcuts_active
                0x00c96400                display_shortcut_key_hints_lv
                0x00c96a00                handle_upside_down
                0x00c96ae8                alter_bitmap_palette_entry
                0x00c96bd4                anamorphic_squeeze_bmp_y
                0x00c96cd8                defish_draw_play
                0x00c97114                display_filter_get_buffers
                0x00c973ec                display_filter_enabled
                0x00c97490                display_filter_lv_vsync
                0x00c974e8                display_filter_step
 .text          0x00c97ac0        0x0 tweaks-eyefi.o
 .text          0x00c97ac0     0x4ce0 lens.o
                0x00c98b84                lens_format_dist
                0x00c98cd0                should_draw_bottom_bar
                0x00c98d38                raw2shutter_ms
                0x00c98d8c                shutter_ms_to_raw
                0x00c98dd8                shutterf_to_raw
                0x00c98e24                raw2shutterf
                0x00c98e64                expo_value_rounding_ok
                0x00c98ebc                round_shutter
                0x00c98f70                round_aperture
                0x00c99060                round_expo_comp
                0x00c990ec                lens_set_ae
                0x00c99134                round_flash_expo_comp
                0x00c991c0                lens_set_flash_ae
                0x00c99208                get_shootmode_name
                0x00c993f8                get_shootmode_name_short
                0x00c99624                get_ml_topbar_pos
                0x00c996f8                get_ml_bottombar_pos
                0x00c99798                draw_ml_bottombar
                0x00c997b8                lens_format_shutter_reciprocal
                0x00c99a30                lens_format_shutter
                0x00c99bd4                free_space_show_photomode
                0x00c99c50                draw_ml_topbar
                0x00c99c70                update_lens_display
                0x00c99c94                lens_focus
                0x00c99e74                mlu_lock_mirror_if_needed
                0x00c99f98                raw2index_iso
                0x00c99fcc                raw2iso
                0x00c9a3b4                val2raw_iso
                0x00c9a3f8                raw2index_shutter
                0x00c9a42c                val2raw_shutter
                0x00c9a468                raw2index_aperture
                0x00c9a49c                lens_format_aperture
                0x00c9a598                val2raw_aperture
                0x00c9a5d8                lens_set_custom_wb_gains
                0x00c9a67c                lens_set_kelvin
                0x00c9a78c                lens_set_kelvin_value_only
                0x00c9a834                split_iso
                0x00c9a88c                iso_components_update
                0x00c9ab7c                iso_auto_restore_hack
                0x00c9ae30                job_state_ready_to_take_pic
                0x00c9ae68                lens_wait_readytotakepic
                0x00c9af74                assign_af_button_to_halfshutter
                0x00c9afd4                assign_af_button_to_star_button
                0x00c9b034                lens_setup_af
                0x00c9b0a4                restore_af_button_assignment
                0x00c9b10c                restore_af_button_assignment_at_shutdown
                0x00c9b148                lens_cleanup_af
                0x00c9b14c                lens_take_picture
                0x00c9b584                crop_factor_menu_init
                0x00c9b5cc                lens_get_contrast
                0x00c9b5f8                lens_get_sharpness
                0x00c9b624                lens_get_saturation
                0x00c9b650                lens_get_color_tone
                0x00c9bb14                lens_get_from_other_picstyle_contrast
                0x00c9bb2c                lens_get_from_other_picstyle_sharpness
                0x00c9bb44                lens_get_from_other_picstyle_saturation
                0x00c9bb5c                lens_get_from_other_picstyle_color_tone
                0x00c9bb74                lens_set_contrast
                0x00c9bbcc                lens_set_sharpness
                0x00c9bc24                lens_set_saturation
                0x00c9bc7c                lens_set_color_tone
                0x00c9bcd4                SW1
                0x00c9bd10                SW2
                0x00c9bd4c                expo_override_active
                0x00c9bd7c                bv_update_lensinfo
                0x00c9bde0                bv_apply_tv
                0x00c9be38                bv_apply_av
                0x00c9be88                bv_apply_iso
                0x00c9c048                bv_set_rawshutter
                0x00c9c0b0                bv_set_rawiso
                0x00c9c114                bv_set_rawaperture
                0x00c9c160                bv_auto_update
                0x00c9c34c                lens_set_rawaperture
                0x00c9c38c                lens_set_rawiso
                0x00c9c3cc                lens_set_rawshutter
                0x00c9c4f4                lens_set_drivemode
                0x00c9c52c                lens_set_wbs_gm
                0x00c9c560                lens_set_wbs_ba
                0x00c9c594                hdr_set_rawiso
                0x00c9c5a4                hdr_set_rawshutter
                0x00c9c5d8                hdr_set_rawaperture
                0x00c9c62c                hdr_set_ae
                0x00c9c664                hdr_set_flash_ae
                0x00c9c698                get_max_analog_iso
                0x00c9c6a0                get_max_ae_ev
                0x00c9c6a8                get_ae_value
                0x00c9c6b8                get_bv
                0x00c9c788                get_ae_state
 .text          0x00c9c7a0      0x480 property.o
                0x00c9c87c                prop_add_handler
                0x00c9c910                prop_add_internal_handlers
                0x00c9c94c                prop_reset_registration
                0x00c9c984                prop_init
                0x00c9c988                prop_update_registration
                0x00c9c9a0                prop_request_change
                0x00c9cb34                prop_request_change_wait
 .text          0x00c9cc20      0x960 propvalues.o
                0x00c9d068                is_camera
                0x00c9d0c8                is_movie_mode
                0x00c9d0e4                set_recording_custom
                0x00c9d0f4                get_video_mode_name
                0x00c9d45c                get_display_device_name
 .text          0x00c9d580      0x9d0 gui-common.o
                0x00c9d5ac                is_canon_bottom_bar_dirty
                0x00c9d5bc                get_last_time_active
                0x00c9d5cc                handle_other_events
                0x00c9d704                handle_common_events_startup
                0x00c9d780                reset_pre_shutdown_flag_step
                0x00c9d7c8                check_pre_shutdown_flag
                0x00c9d81c                handle_scrollwheel_fast_clicks
                0x00c9d878                get_disp_pressed
                0x00c9d888                handle_digital_zoom_shortcut
                0x00c9da68                handle_flexinfo_keys
                0x00c9da70                handle_common_events_by_feature
                0x00c9dd7c                detect_double_click
                0x00c9de60                get_info_button_name
                0x00c9de6c                gui_uilock
                0x00c9dec0                ui_lock
                0x00c9dec4                fake_simple_button
                0x00c9df04                display_is_on
                0x00c9df1c                delayed_call
                0x00c9df28                redraw_after
                0x00c9df38                get_gui_mode
 .text          0x00c9df50      0x3a0 chdk-gui_draw.o
                0x00c9df50                draw_line
                0x00c9e044                draw_circle
                0x00c9e184                fill_circle
                0x00c9e244                draw_angled_line
 .text          0x00c9e2f0     0x11d0 movtweaks.o
                0x00c9e45c                save_kelvin_wb
                0x00c9e498                restore_kelvin_wb
                0x00c9e4f4                kelvin_wb_workaround_step
                0x00c9e524                set_shooting_mode
                0x00c9e58c                force_liveview
                0x00c9e658                close_liveview
                0x00c9e690                movtweak_task_init
                0x00c9e708                movtweak_step
                0x00c9ea4c                get_screen_layout_ptr
                0x00c9ea94                get_screen_layout
                0x00c9eae4                screen_layout_update
                0x00c9eb00                screen_layout_toggle
                0x00c9eb34                rec_notify_continuous
                0x00c9ed94                rec_notify_trigger
                0x00c9edd4                bv_enable
                0x00c9eeec                bv_disable
                0x00c9ef7c                bv_toggle
                0x00c9efb4                smooth_iso_step
                0x00c9f49c                movie_tweak_menu_init
 .text          0x00c9f4c0      0x5b0 menuhelp.o
                0x00c9f4c0                draw_beta_warning
                0x00c9f5d0                draw_404_page
                0x00c9f6a0                draw_help_not_installed_page
                0x00c9f728                menu_help_show_page
                0x00c9f824                menu_help_redraw
                0x00c9f858                menu_help_next_page
                0x00c9f898                menu_help_prev_page
                0x00c9f8dc                menu_help_go_to_page
                0x00c9f8fc                str_make_lowercase
                0x00c9f920                menu_help_go_to_label
 .text          0x00c9fa70       0x30 menuindex.o
 .text          0x00c9faa0      0x5c0 af_patterns.o
                0x00c9fcf4                get_af_point
                0x00c9fd04                set_af_point
                0x00c9febc                handle_af_patterns
                0x00c9ff74                play_zoom_center_on_selected_af_point
                0x00ca0040                afp_menu_init
 .text          0x00ca0060     0x1b50 focus.o
                0x00ca0908                reset_override_zoom_buttons
                0x00ca091c                LensFocus
                0x00ca093c                LensFocus2
                0x00ca0ae8                get_follow_focus_mode
                0x00ca0af0                get_follow_focus_dir_v
                0x00ca0b0c                get_follow_focus_dir_h
                0x00ca0b28                focus_calc_dof
                0x00ca0e08                focus_dist_update
                0x00ca0f8c                is_focus_stack_enabled
                0x00ca0fb4                is_rack_focus_enabled
                0x00ca0fcc                rack_focus_start_now
                0x00ca0fec                lens_focus_start
                0x00ca100c                lens_focus_enqueue_step
                0x00ca1040                lens_focus_stop
                0x00ca1054                get_focus_confirmation
                0x00ca1060                is_manual_focus
                0x00ca1080                should_override_zoom_buttons
                0x00ca10c4                is_follow_focus_active
                0x00ca124c                focus_stack_run
                0x00ca1594                can_lv_trap_focus_be_active
                0x00ca160c                get_focus_graph
                0x00ca166c                get_lv_focus_confirmation
                0x00ca18f0                handle_trap_focus
                0x00ca194c                handle_follow_focus_save_restore
                0x00ca1a14                handle_rack_focus_menu_overrides
                0x00ca1b10                handle_follow_focus
 .text          0x00ca1bb0      0x1e0 notify_box.o
                0x00ca1ccc                NotifyBoxHide
                0x00ca1ce0                NotifyBox
 .text          0x00ca1d90      0x260 bootflags.o
                0x00ca1dd0                bootflag_write_bootblock
 .text          0x00ca1ff0       0xc0 dialog_test.o
                0x00ca1ff0                get_current_dialog_handler
                0x00ca2014                canon_gui_disable_front_buffer
                0x00ca204c                canon_gui_enable_front_buffer
                0x00ca2098                canon_gui_front_buffer_disabled
 .text          0x00ca20b0      0x940 vram.o
                0x00ca2120                vram_params_set_dirty
                0x00ca2190                _update_vram_params
                0x00ca2764                yuv422_buffer_check
                0x00ca278c                get_lcd_422_buf
                0x00ca27e0                guess_fastrefresh_direction
                0x00ca284c                get_fastrefresh_422_buf
                0x00ca28d4                get_yuv422_vram
                0x00ca297c                get_yuv422_hd_vram
                0x00ca29c0                vram_clear_lv
 .text          0x00ca29f0      0x4e0 greenscreen.o
                0x00ca29f0                green_screen_step
 .text          0x00ca2ed0     0x28c0 fps-engio.o
                0x00ca3c94                EngDrvOutLV
                0x00ca41a8                fps_should_record_wav
                0x00ca41b0                get_current_tg_freq
                0x00ca4520                get_max_shutter_timer
                0x00ca4554                get_shutter_speed_us_from_timer
                0x00ca4590                get_current_shutter_reciprocal_x1000
                0x00ca45d8                fps_get_shutter_speed_shift
                0x00ca468c                was_sound_recording_disabled_by_fps_override
                0x00ca46a4                fps_get_current_x1000
                0x00ca52a8                fps_mvr_log
                0x00ca530c                handle_fps_events
                0x00ca5400                fps_get_iso_correction_evx8
                0x00ca54c4                fps_expo_iso_step
                0x00ca56f0                get_frame_iso
                0x00ca56fc                set_frame_iso
                0x00ca5708                can_set_frame_iso
                0x00ca5710                get_frame_shutter_timer
                0x00ca5724                set_frame_shutter_timer
                0x00ca5740                set_frame_shutter
                0x00ca5784                can_set_frame_shutter_timer
 .text          0x00ca5790     0x8e40 shoot.o
                0x00ca583c                is_native_iso
                0x00ca5894                kelvin_n_gm_auto
                0x00ca5e74                iso_toggle
                0x00ca5fdc                shutter_toggle
                0x00ca6090                kelvin_toggle
                0x00ca766c                aperture_toggle
                0x00ca7e88                display_idle
                0x00ca7f18                uniwb_is_active
                0x00ca8210                is_hdr_bracketing_enabled
                0x00ca84a4                is_intervalometer_running
                0x00ca84b4                get_interval_count
                0x00ca84c4                get_interval_time
                0x00ca84d4                set_interval_time
                0x00ca84e4                format_time_hours_minutes_seconds
                0x00ca85e4                get_bulb_shutter_raw_equiv
                0x00ca8600                get_seconds_clock
                0x00ca8610                get_ms_clock_value
                0x00ca8628                get_us_clock_value
                0x00ca8640                get_ms_clock_value_fast
                0x00ca8650                should_run_polling_action
                0x00ca867c                get_trap_focus
                0x00ca868c                set_flash_firing
                0x00ca86cc                get_afframe_pos
                0x00ca874c                get_afframe_sensor_res
                0x00ca8774                set_lv_zoom
                0x00ca882c                get_mlu_delay
                0x00ca88a4                focus_box_get_raw_crop_offset
                0x00ca8a10                center_lv_afframe
                0x00ca8a24                move_lv_afframe
                0x00ca8bb0                center_lv_afframe_do
                0x00ca8f14                handle_lv_afframe_workaround
                0x00ca8fa4                next_image_in_play_mode
                0x00ca9014                expfuse_preview_update_task
                0x00ca9188                playback_compare_images
                0x00ca91b4                expfuse_preview_update
                0x00ca91e0                expo_adjust_playback
                0x00ca9418                ensure_movie_mode
                0x00ca9474                ensure_photo_mode
                0x00ca94ac                is_lowgain_iso
                0x00ca94f8                is_round_iso
                0x00ca9544                get_picstyle_name
                0x00ca9920                get_picstyle_shortname
                0x00ca9a2c                mvr_rec_start_shoot
                0x00ca9b08                zoom_focus_ring_trigger
                0x00ca9b8c                zoom_focus_ring_engage
                0x00ca9c34                handle_zoom_x5_x10
                0x00ca9d04                zoom_sharpen_step
                0x00ca9e60                is_bulb_mode
                0x00ca9ea8                handle_mlu_handheld
                0x00caa81c                ensure_bulb_mode
                0x00caa8b0                set_drive_single
                0x00caa8e0                bulb_take_pic
                0x00caacd4                expo_lock_update_value
                0x00caacec                handle_expo_preset
                0x00caaed4                hdr_flag_picture_was_taken
                0x00caaee8                hdr_script_get_first_file_number
                0x00caaf24                hdr_create_script
                0x00cab314                interval_create_script
                0x00cab59c                take_a_pic
                0x00cab978                movie_start
                0x00caba30                movie_end
                0x00cabb1c                schedule_remote_shot
                0x00cabb30                schedule_movie_start
                0x00cabb44                schedule_movie_end
                0x00cabb58                exit_play_qr_mode
                0x00cabbf4                enter_play_mode
                0x00cabc94                playback_compare_images_task
                0x00cabfe8                hdr_shot
                0x00cac438                display_trap_focus_info
                0x00cac5f4                display_shooting_info_lv
                0x00cac5f8                intervalometer_stop
                0x00cac664                handle_intervalometer
                0x00cac6a4                wait_till_next_second
                0x00cac6d0                is_continuous_drive
                0x00cac6ec                take_fast_pictures
                0x00cac808                remote_shot
                0x00cae4dc                shoot_task_redraw
                0x00cae4f8                iso_refresh_display
 .text          0x00cae5d0      0x660 hdr.o
                0x00cae6a4                hdr_video_enabled
                0x00cae6c4                hdr_get_iso_range
                0x00cae6f8                hdr_step
                0x00cae850                hdr_kill_flicker
                0x00cae934                get_effective_hdr_iso_for_display
                0x00caeb5c                hdr_mvr_log
 .text          0x00caec30     0x1000 lv-img-engio.o
                0x00caf3e8                get_digic_iso_gain_movie
                0x00caf400                get_digic_iso_gain_photo
                0x00caf418                set_display_gain_equiv
                0x00caf444                set_movie_digital_iso_gain
                0x00caf45c                set_movie_digital_iso_gain_for_gradual_expo
                0x00caf46c                set_photo_digital_iso_gain_for_bv
                0x00caf47c                gain_to_ev_scaled
                0x00caf4c0                digic_iso_print_movie
                0x00caf580                display_gain_print
                0x00caf5d0                digic_iso_or_gain_toggle
                0x00caf660                digic_iso_toggle_movie
                0x00caf66c                digic_iso_toggle
                0x00caf69c                display_gain_toggle
                0x00caf6a8                vignetting_correction_apply_regs
                0x00caf76c                shutter_finetune_step
                0x00caf7d4                shutter_finetune_get_adjusted_timer
                0x00caf7fc                image_effects_step
                0x00caf9f4                digic_iso_step
 .text          0x00cafc30      0x280 state-object.o
                0x00cafe0c                wait_lv_frames
 .text          0x00cafeb0      0x380 tasks.o
                0x00cafef4                get_current_task_name
                0x00caff74                get_task_name_from_id
                0x00caffc0                task_update_loads
                0x00caffc4                tasks_toggle_flags
                0x00caffd8                tasks_print
 .text          0x00cb0230       0x80 vsync-lite.o
                0x00cb0254                lv_vsync_signal
                0x00cb0268                lv_vsync
 .text          0x00cb02b0        0x0 tskmon.o
 .text          0x00cb02b0        0x0 battery.o
 .text          0x00cb02b0      0x7d0 imgconv.o
                0x00cb0380                precompute_yuv2rgb
                0x00cb0424                yuv2rgb
                0x00cb04a8                rgb2yuv422_rec709
                0x00cb0568                rgb2yuv422_rec601
                0x00cb0638                rgb2yuv422
                0x00cb063c                uyvy_split
                0x00cb066c                yuv_resize
                0x00cb0720                yuv_halfcopy
                0x00cb07bc                yuv411_to_422
                0x00cb0820                yuv411_to_rgb
                0x00cb0950                yuvcpy_main
                0x00cb09bc                little_cleanup
                0x00cb0a40                yuv422_get_pixel
 .text          0x00cb0a80     0x19d0 histogram.o
                0x00cb1048                hist_build_raw
                0x00cb1460                raw_histo_update
                0x00cb151c                hist_draw_image
                0x00cb1cd0                hist_print
                0x00cb1de0                hist_warn_display
                0x00cb1e64                raw_hist_get_percentile_levels
                0x00cb22d0                raw_hist_get_percentile_level
                0x00cb2300                raw_hist_get_overexposure_percentage
 .text          0x00cb2450      0x400 falsecolor.o
                0x00cb2450                falsecolor_value_ex
                0x00cb2464                falsecolor_value
                0x00cb2484                falsecolor_fordraw
                0x00cb24b0                draw_false_downsampled
                0x00cb26d8                falsecolor_palette_name
                0x00cb2764                falsecolor_palette_preview
                0x00cb27cc                falsecolor_display
                0x00cb2800                falsecolor_display_palette
 .text          0x00cb2850     0x15c0 audio-lapis.o
                0x00cb32fc                sound_recording_enabled_canon
                0x00cb3314                sound_recording_enabled
                0x00cb338c                get_audio_levels
                0x00cb3398                audio_level_to_db
                0x00cb3710                input_toggle
                0x00cb37b8                audio_meters_are_drawn
                0x00cb38dc                audio_configure
                0x00cb3d8c                volume_up
                0x00cb3da8                volume_down
                0x00cb3dc4                out_volume_up
                0x00cb3de0                out_volume_down
                0x00cb3dfc                mic_out
 .text          0x00cb3e10     0x8320 zebra.o
                0x00cb5198                get_y_skip_offset_for_overlays
                0x00cb5264                get_y_skip_offset_for_histogram
                0x00cb52c0                lv_luma_is_accurate
                0x00cb552c                focus_peaking_as_display_filter
                0x00cb5534                histogram_or_small_waveform_enabled
                0x00cb55ac                get_bvram_mirror
                0x00cb6108                crop_set_dirty
                0x00cb6160                set_movie_cropmarks
                0x00cb61f8                reset_movie_cropmarks
                0x00cb6210                get_global_draw
                0x00cb6340                get_zoom_overlay_trigger_mode
                0x00cb6370                get_zoom_overlay_trigger_by_focus_ring
                0x00cb6a6c                cropmark_clear_cache
                0x00cb7910                get_global_draw_setting
                0x00cb7920                zebra_highlight_raw_advanced
                0x00cb7cb8                get_under_and_over_exposure
                0x00cb7e2c                bvram_mirror_init
                0x00cb7ea4                get_spot_yuv_ex
                0x00cb8080                get_spot_yuv
                0x00cb80b0                get_spot_motion
                0x00cb8374                get_spot_focus
                0x00cb848c                spotmeter_erase
                0x00cb859c                handle_zoom_overlay
                0x00cb86ac                zoom_overlay_disable
                0x00cb86c4                zoom_overlay_set_countdown
                0x00cb86d4                liveview_display_idle
                0x00cb87a8                zebra_should_run
                0x00cb883c                should_draw_zoom_overlay
                0x00cb8960                digic_zoom_overlay_enabled
                0x00cb9240                nondigic_zoom_overlay_enabled
                0x00cb99a8                should_draw_bottom_graphs
                0x00cb99fc                draw_histogram_and_waveform
                0x00cba440                redraw
                0x00cba4cc                handle_transparent_overlay
                0x00cba624                digic_zoom_overlay_step
                0x00cbab50                lens_display_set_dirty
                0x00cbab78                _redraw_do
                0x00cbac8c                is_focus_peaking_enabled
                0x00cbad08                update_disp_mode_bits_from_params
                0x00cbbd50                update_disp_mode_params_from_bits
                0x00cbbe38                get_disp_mode
                0x00cbbe48                toggle_disp_mode
                0x00cbbf2c                handle_disp_preset_key
                0x00cbbfe4                handle_overlays_playback
                0x00cbc088                peaking_benchmark
 .text          0x00cbc130      0x5d0 vectorscope.o
                0x00cbc2d4                vectorscope_addpixel
                0x00cbc3f4                vectorscope_should_draw
                0x00cbc404                vectorscope_request_draw
                0x00cbc414                vectorscope_start
                0x00cbc450                vectorscope_redraw
 .text          0x00cbc700      0x830 beep.o
                0x00cbcd60                unsafe_beep
                0x00cbcde4                beep
                0x00cbcdfc                beep_times
                0x00cbce78                beep_custom
                0x00cbcf24                WAV_StartRecord
                0x00cbcf28                WAV_StopRecord
 .text          0x00cbcf30        0x0 crop-mode-hack.o
 .text          0x00cbcf30       0x30 ph_info_disp.o
                0x00cbcf30                display_shooting_info
 .text          0x00cbcf60        0x0 flexinfo.o
 .text          0x00cbcf60      0x410 screenshot.o
                0x00cbcf60                take_screenshot
 .text          0x00cbd370      0x1d0 fileprefix.o
                0x00cbd3a4                get_file_prefix
                0x00cbd3b0                file_prefix_set
                0x00cbd4ac                file_prefix_reset
 .text          0x00cbd540      0xc70 lvinfo.o
                0x00cbdef8                lvinfo_add_items
                0x00cbdf78                lvinfo_add_item
                0x00cbdf80                lvinfo_display
 .text          0x00cbe1b0      0x320 builtin-enforcing.o
                0x00cbe1b0                unused_dummy_func
 .text          0x00cbe4d0      0xc10 powersave.o
                0x00cbe4f8                idle_globaldraw_dis
                0x00cbe510                idle_globaldraw_en
                0x00cbe740                powersave_prolong
                0x00cbe768                powersave_prohibit
                0x00cbe790                powersave_permit
                0x00cbe7b8                PauseLiveView
                0x00cbe8cc                display_on
                0x00cbe8d4                display_off
                0x00cbe9c0                idle_led_blink_step
                0x00cbea7c                idle_is_powersave_enabled
                0x00cbeab4                idle_is_powersave_enabled_on_info_disp_key
                0x00cbeadc                idle_is_powersave_active
                0x00cbeb4c                idle_force_powersave_in_1s
                0x00cbeb88                idle_force_powersave_now
                0x00cbebc4                handle_powersave_key
                0x00cbec5c                idle_wakeup_reset_counters
                0x00cbecc0                ResumeLiveView
                0x00cbef00                idle_powersave_step
 .text          0x00cbf0e0      0x630 ml-cbr.o
                0x00cbf1b4                ml_register_cbr
                0x00cbf398                ml_unregister_cbr
                0x00cbf47c                ml_notify_cbr
                0x00cbf53c                debug_cbr_tree
                0x00cbf5cc                _ml_cbr_init
 .text          0x00cbf710     0x2a90 raw.o
                0x00cbf734                raw_red_pixel
                0x00cbf774                raw_green_pixel
                0x00cbf7b8                raw_blue_pixel
                0x00cbf800                raw_red_pixel_dark
                0x00cbf868                raw_green_pixel_dark
                0x00cbf8d8                raw_blue_pixel_dark
                0x00cbf94c                raw_red_pixel_bright
                0x00cbf9b4                raw_green_pixel_bright
                0x00cbfa24                raw_blue_pixel_bright
                0x00cc0508                raw_set_dirty
                0x00cc051c                raw_set_preview_rect
                0x00cc0604                raw_set_geometry
                0x00cc0748                raw_get_pixel
                0x00cc0b18                raw_get_pixel_ex
                0x00cc0c4c                raw_set_pixel
                0x00cc0e1c                raw_get_gray_pixel
                0x00cc1038                raw_to_ev
                0x00cc1140                ev_to_raw
                0x00cc11a8                raw_lv_redirect_edmac
                0x00cc11bc                raw_lv_vsync
                0x00cc1278                raw_lv_settings_still_valid
                0x00cc12e0                raw_preview_fast_ex
                0x00cc13a0                raw_preview_fast
                0x00cc13c8                raw_lv_is_enabled
                0x00cc13d8                raw_force_aspect_ratio_1to1
                0x00cc14b8                get_dxo_dynamic_range
                0x00cc1554                can_use_raw_overlays_photo
                0x00cc1e34                raw_update_params
                0x00cc1f2c                raw_lv_request
                0x00cc1fb8                raw_lv_release
                0x00cc2018                can_use_raw_overlays
                0x00cc20ac                can_use_raw_overlays_menu
                0x00cc2120                menu_set_warning_raw
                0x00cc2174                menu_checkdep_raw
 .text          0x00cc21a0     0x1490 chdk-dng.o
                0x00cc2ffc                reverse_bytes_order
                0x00cc30c4                dng_set_thumbnail_size
                0x00cc30d8                dng_set_camname
                0x00cc30ec                dng_set_camserial
                0x00cc3100                dng_set_description
                0x00cc3114                dng_set_lensmodel
                0x00cc3128                dng_set_focal
                0x00cc313c                dng_set_aperture
                0x00cc3150                dng_set_shutter
                0x00cc3164                dng_set_framerate
                0x00cc317c                dng_set_framerate_rational
                0x00cc3190                dng_set_iso
                0x00cc31a4                dng_set_wbgain
                0x00cc31d0                dng_set_datetime
                0x00cc3208                save_dng
 .text          0x00cc3630      0x800 edmac-memcpy.o
                0x00cc3728                edmac_memcpy_res_lock
                0x00cc3760                edmac_memcpy_res_unlock
                0x00cc3770                edmac_copy_rectangle_cbr_start
                0x00cc39a8                edmac_copy_rectangle_adv_cleanup
                0x00cc39f8                edmac_copy_rectangle_adv_finish
                0x00cc3a30                edmac_copy_rectangle_adv_start
                0x00cc3a94                edmac_copy_rectangle_adv
                0x00cc3ae8                edmac_copy_rectangle
                0x00cc3b20                edmac_copy_rectangle_start
                0x00cc3b58                edmac_copy_rectangle_finish
                0x00cc3b5c                edmac_memset
                0x00cc3c30                edmac_find_divider
                0x00cc3cb8                edmac_memcpy_start
                0x00cc3d68                edmac_memcpy_finish
                0x00cc3d6c                edmac_memcpy
                0x00cc3d84                edmac_raw_slurp
 .text          0x00cc3e30      0x810 console.o
                0x00cc42e0                console_show
                0x00cc42f4                console_hide
                0x00cc431c                console_toggle
                0x00cc4338                console_clear
                0x00cc435c                console_puts
                0x00cc4598                console_draw_from_menu
                0x00cc45b4                printf
                0x00cc4624                puts
 .text          0x00cc4640      0x180 tcc-glue.o
                0x00cc4640                _tcc_exit
                0x00cc4664                _tcc_open
                0x00cc4728                _tcc_read
                0x00cc4770                _tcc_close
                0x00cc4780                _tcc_lseek
 .text          0x00cc47c0     0x4260 ../../tcc/libtccx.o
                0x00cc540c                tcc_delete
                0x00cc581c                tcc_add_file
                0x00cc59bc                tcc_add_symbol
                0x00cc5b28                tcc_new
                0x00cc5d68                tcc_set_options
                0x00cc6b5c                tcc_get_symbol
                0x00cc8628                tcc_load_offline_section
                0x00cc8910                tcc_relocate
 .text          0x00cc8a20     0x2670 module.o
                0x00cc9abc                module_load
                0x00cc9b44                module_get_symbol
                0x00cc9b50                module_exec
                0x00cc9cec                module_unload
                0x00cc9cfc                module_exec_cbr
                0x00cc9d7c                module_translate_key
                0x00cca0e0                module_send_keypress
                0x00cca0f8                handle_module_keys
                0x00cca1c8                module_display_filter_enabled
                0x00cca240                module_display_filter_update
                0x00cca2e4                module_get_string
                0x00ccadd0                module_get_name
                0x00ccadec                module_get_next_loaded
                0x00ccae38                module_get_config_var
                0x00ccaeb0                module_config_var_lookup
                0x00ccaf24                module_save_configs
                0x00ccafc8                module_shutdown
 .text          0x00ccb090       0xf0 liveview.o
                0x00ccb114                reloc_liveviewapp_install
                0x00ccb148                reloc_liveviewapp_uninstall
 .text          0x00ccb180      0x170 reloc.o
                0x00ccb180                reloc
 .text          0x00ccb2f0       0x28 dietlibc.a(strrchr.o)
                0x00ccb2f0                strrchr
                0x00ccb2f0                rindex
 .text          0x00ccb318       0x20 dietlibc.a(strncpy.o)
                0x00ccb318                strncpy
 .text          0x00ccb338       0x1c dietlibc.a(strlen.o)
                0x00ccb338                strlen
 .text          0x00ccb354       0x38 dietlibc.a(strncmp.o)
                0x00ccb354                strncmp
 .text          0x00ccb38c       0x1c dietlibc.a(strcpy.o)
                0x00ccb38c                strcpy
 .text          0x00ccb3a8       0x30 dietlibc.a(strcmp.o)
                0x00ccb3a8                strcoll
                0x00ccb3a8                strcmp
 .text          0x00ccb3d8       0x44 dietlibc.a(strcasecmp.o)
                0x00ccb3d8                strcasecmp
 .text          0x00ccb41c      0x208 dietlibc.a(strtoull.o)
                0x00ccb41c                strtoumax
                0x00ccb41c                strtoull
                0x00ccb41c                strtouq
 .text          0x00ccb624      0x19c dietlibc.a(strtoul.o)
                0x00ccb624                strtoul
 .text          0x00ccb7c0       0x2c dietlibc.a(strchr.o)
                0x00ccb7c0                index
                0x00ccb7c0                strchr
 .text          0x00ccb7ec       0x8c dietlibc.a(strstr.o)
                0x00ccb7ec                strstr
 .text          0x00ccb878       0x38 dietlibc.a(memcmp.o)
                0x00ccb878                bcmp
                0x00ccb878                memcmp
 .text          0x00ccb8b0       0x68 dietlibc.a(memmove.o)
                0x00ccb8b0                memmove
 .text          0x00ccb918       0x7c dietlibc.a(atol.o)
                0x00ccb918                atol
                0x00ccb918                atoi
 .text          0x00ccb994        0x0 dietlibc.a(errno.o)
 .text          0x00ccb994       0x2c newlib-libc.a(lib_a-setjmp.o)
                0x00ccb994                setjmp
                0x00ccb9a8                longjmp
 .text          0x00ccb9c0      0x168 newlib-libc.a(lib_a-memcpy-stub.o)
                0x00ccb9c0                memcpy
 .text          0x00ccbb28       0xac newlib-libc.a(lib_a-memccpy.o)
                0x00ccbb28                memccpy
 .text          0x00ccbbd4      0x188 newlib-libc.a(lib_a-memset.o)
                0x00ccbbd4                memset
 .text          0x00ccbd5c       0xd0 newlib-libm.a(lib_a-sf_ceil.o)
                0x00ccbd5c                ceilf
 .text          0x00ccbe2c       0xa4 newlib-libm.a(lib_a-sf_cos.o)
                0x00ccbe2c                cosf
 .text          0x00ccbed0       0x88 newlib-libm.a(lib_a-sf_frexp.o)
                0x00ccbed0                frexpf
 .text          0x00ccbf58       0x1c newlib-libm.a(lib_a-sf_log2.o)
                0x00ccbf58                log2f
 .text          0x00ccbf74       0x7c newlib-libm.a(lib_a-sf_round.o)
                0x00ccbf74                roundf
 .text          0x00ccbff0       0xbc newlib-libm.a(lib_a-sf_sin.o)
                0x00ccbff0                sinf
 .text          0x00ccc0ac       0x74 newlib-libm.a(lib_a-sf_tan.o)
                0x00ccc0ac                tanf
 .text          0x00ccc120      0x10c newlib-libm.a(lib_a-wf_acos.o)
                0x00ccc120                acosf
 .text          0x00ccc22c      0x10c newlib-libm.a(lib_a-wf_asin.o)
                0x00ccc22c                asinf
 .text          0x00ccc338       0x10 newlib-libm.a(lib_a-wf_atan2.o)
                0x00ccc338                atan2f
 .text          0x00ccc348      0x178 newlib-libm.a(lib_a-wf_exp.o)
                0x00ccc348                expf
 .text          0x00ccc4c0      0x13c newlib-libm.a(lib_a-wf_fmod.o)
                0x00ccc4c0                fmodf
 .text          0x00ccc5fc      0x164 newlib-libm.a(lib_a-wf_log10.o)
                0x00ccc5fc                log10f
 .text          0x00ccc760      0x164 newlib-libm.a(lib_a-wf_log.o)
                0x00ccc760                logf
 .text          0x00ccc8c4      0x504 newlib-libm.a(lib_a-wf_pow.o)
                0x00ccc8c4                powf
 .text          0x00cccdc8      0x11c newlib-libm.a(lib_a-wf_sqrt.o)
                0x00cccdc8                sqrtf
 .text          0x00cccee4      0x3bc newlib-libm.a(lib_a-ef_acos.o)
                0x00cccee4                __ieee754_acosf
 .text          0x00ccd2a0      0x38c newlib-libm.a(lib_a-ef_asin.o)
                0x00ccd2a0                __ieee754_asinf
 .text          0x00ccd62c      0x1b4 newlib-libm.a(lib_a-ef_atan2.o)
                0x00ccd62c                __ieee754_atan2f
 .text          0x00ccd7e0      0x2b4 newlib-libm.a(lib_a-ef_exp.o)
                0x00ccd7e0                __ieee754_expf
 .text          0x00ccda94      0x18c newlib-libm.a(lib_a-ef_fmod.o)
                0x00ccda94                __ieee754_fmodf
 .text          0x00ccdc20       0xf8 newlib-libm.a(lib_a-ef_log10.o)
                0x00ccdc20                __ieee754_log10f
 .text          0x00ccdd18      0x3b8 newlib-libm.a(lib_a-ef_log.o)
                0x00ccdd18                __ieee754_logf
 .text          0x00cce0d0      0x998 newlib-libm.a(lib_a-ef_pow.o)
                0x00cce0d0                __ieee754_powf
 .text          0x00ccea68      0x454 newlib-libm.a(lib_a-ef_rem_pio2.o)
                0x00ccea68                __ieee754_rem_pio2f
 .text          0x00cceebc      0x114 newlib-libm.a(lib_a-ef_sqrt.o)
                0x00cceebc                __ieee754_sqrtf
 .text          0x00ccefd0      0x214 newlib-libm.a(lib_a-kf_cos.o)
                0x00ccefd0                __kernel_cosf
 .text          0x00ccf1e4      0x950 newlib-libm.a(lib_a-kf_rem_pio2.o)
                0x00ccf1e4                __kernel_rem_pio2f
 .text          0x00ccfb34      0x14c newlib-libm.a(lib_a-kf_sin.o)
                0x00ccfb34                __kernel_sinf
 .text          0x00ccfc80      0x360 newlib-libm.a(lib_a-kf_tan.o)
                0x00ccfc80                __kernel_tanf
 .text          0x00ccffe0      0x2fc newlib-libm.a(lib_a-sf_atan.o)
                0x00ccffe0                atanf
 .text          0x00cd02dc        0x8 newlib-libm.a(lib_a-sf_fabs.o)
                0x00cd02dc                fabsf
 .text          0x00cd02e4       0x1c newlib-libm.a(lib_a-sf_finite.o)
                0x00cd02e4                finitef
 .text          0x00cd0300       0xd4 newlib-libm.a(lib_a-sf_floor.o)
                0x00cd0300                floorf
 .text          0x00cd03d4       0x6c newlib-libm.a(lib_a-sf_fpclassify.o)
                0x00cd03d4                __fpclassifyf
 .text          0x00cd0440        0xc newlib-libm.a(lib_a-sf_nan.o)
                0x00cd0440                nanf
 .text          0x00cd044c      0x11c newlib-libm.a(lib_a-sf_scalbn.o)
                0x00cd044c                scalbnf
 .text          0x00cd0568        0x0 newlib-libm.a(lib_a-s_lib_ver.o)
 .text          0x00cd0568        0x8 newlib-libm.a(lib_a-s_matherr.o)
                0x00cd0568                matherr
 .text          0x00cd0570       0x10 newlib-libm.a(lib_a-s_nan.o)
                0x00cd0570                nan
 .text          0x00cd0580      0x1a0 newlib-libm.a(lib_a-s_rint.o)
                0x00cd0580                rint
 .text          0x00cd0720       0x10 newlib-libm.a(lib_a-sf_copysign.o)
                0x00cd0720                copysignf
 .text          0x00cd0730      0x114 gcc-libgcc.a(_udivsi3.o)
                0x00cd0730                __udivsi3
                0x00cd0730                __aeabi_uidiv
                0x00cd0824                __aeabi_uidivmod
 .text          0x00cd0844      0x148 gcc-libgcc.a(_divsi3.o)
                0x00cd0844                __aeabi_idiv
                0x00cd0844                __divsi3
                0x00cd096c                __aeabi_idivmod
 .text          0x00cd098c        0x4 gcc-libgcc.a(_dvmd_tls.o)
                0x00cd098c                __aeabi_ldiv0
                0x00cd098c                __aeabi_idiv0
 .text          0x00cd0990      0x41c gcc-libgcc.a(_arm_addsubdf3.o)
                0x00cd0990                __aeabi_drsub
                0x00cd0998                __aeabi_dsub
                0x00cd0998                __subdf3
                0x00cd099c                __adddf3
                0x00cd099c                __aeabi_dadd
                0x00cd0cac                __aeabi_ui2d
                0x00cd0cac                __floatunsidf
                0x00cd0cd0                __floatsidf
                0x00cd0cd0                __aeabi_i2d
                0x00cd0cf8                __extendsfdf2
                0x00cd0cf8                __aeabi_f2d
                0x00cd0d38                __aeabi_ul2d
                0x00cd0d38                __floatundidf
                0x00cd0d4c                __floatdidf
                0x00cd0d4c                __aeabi_l2d
 .text          0x00cd0dac      0x49c gcc-libgcc.a(_arm_muldivdf3.o)
                0x00cd0dac                __aeabi_dmul
                0x00cd0dac                __muldf3
                0x00cd103c                __aeabi_ddiv
                0x00cd103c                __divdf3
 .text          0x00cd1248      0x144 gcc-libgcc.a(_arm_cmpdf2.o)
                0x00cd1248                __gtdf2
                0x00cd1248                __gedf2
                0x00cd1250                __ltdf2
                0x00cd1250                __ledf2
                0x00cd1258                __cmpdf2
                0x00cd1258                __eqdf2
                0x00cd1258                __nedf2
                0x00cd12e0                __aeabi_cdrcmple
                0x00cd12fc                __aeabi_cdcmple
                0x00cd12fc                __aeabi_cdcmpeq
                0x00cd1314                __aeabi_dcmpeq
                0x00cd132c                __aeabi_dcmplt
                0x00cd1344                __aeabi_dcmple
                0x00cd135c                __aeabi_dcmpge
                0x00cd1374                __aeabi_dcmpgt
 .text          0x00cd138c       0x5c gcc-libgcc.a(_arm_fixdfsi.o)
                0x00cd138c                __fixdfsi
                0x00cd138c                __aeabi_d2iz
 .text          0x00cd13e8       0xa0 gcc-libgcc.a(_arm_truncdfsf2.o)
                0x00cd13e8                __aeabi_d2f
                0x00cd13e8                __truncdfsf2
 .text          0x00cd1488      0x2ac gcc-libgcc.a(_arm_addsubsf3.o)
                0x00cd1488                __aeabi_frsub
                0x00cd1490                __subsf3
                0x00cd1490                __aeabi_fsub
                0x00cd1494                __aeabi_fadd
                0x00cd1494                __addsf3
                0x00cd1650                __aeabi_ui2f
                0x00cd1650                __floatunsisf
                0x00cd1658                __aeabi_i2f
                0x00cd1658                __floatsisf
                0x00cd1678                __floatundisf
                0x00cd1678                __aeabi_ul2f
                0x00cd1688                __floatdisf
                0x00cd1688                __aeabi_l2f
 .text          0x00cd1734      0x2f8 gcc-libgcc.a(_arm_muldivsf3.o)
                0x00cd1734                __mulsf3
                0x00cd1734                __aeabi_fmul
                0x00cd18cc                __divsf3
                0x00cd18cc                __aeabi_fdiv
 .text          0x00cd1a2c      0x114 gcc-libgcc.a(_arm_cmpsf2.o)
                0x00cd1a2c                __gtsf2
                0x00cd1a2c                __gesf2
                0x00cd1a34                __lesf2
                0x00cd1a34                __ltsf2
                0x00cd1a3c                __nesf2
                0x00cd1a3c                __eqsf2
                0x00cd1a3c                __cmpsf2
                0x00cd1aa0                __aeabi_cfrcmple
                0x00cd1ab0                __aeabi_cfcmple
                0x00cd1ab0                __aeabi_cfcmpeq
                0x00cd1ac8                __aeabi_fcmpeq
                0x00cd1ae0                __aeabi_fcmplt
                0x00cd1af8                __aeabi_fcmple
                0x00cd1b10                __aeabi_fcmpge
                0x00cd1b28                __aeabi_fcmpgt
 .text          0x00cd1b40       0x5c gcc-libgcc.a(_arm_fixsfsi.o)
                0x00cd1b40                __fixsfsi
                0x00cd1b40                __aeabi_f2iz
 .text          0x00cd1b9c       0x54 gcc-libgcc.a(_arm_fixunssfsi.o)
                0x00cd1b9c                __aeabi_f2uiz
                0x00cd1b9c                __fixunssfsi
 .text          0x00cd1bf0       0x44 gcc-libgcc.a(_aeabi_ldivmod.o)
                0x00cd1bf0                __aeabi_ldivmod
 .text          0x00cd1c34       0x3c gcc-libgcc.a(_aeabi_uldivmod.o)
                0x00cd1c34                __aeabi_uldivmod
 .text          0x00cd1c70       0x34 gcc-libgcc.a(_popcountsi2.o)
                0x00cd1c70                __popcountsi2
 .text          0x00cd1ca4       0x40 gcc-libgcc.a(_fixsfdi.o)
                0x00cd1ca4                __aeabi_f2lz
                0x00cd1ca4                __fixsfdi
 .text          0x00cd1ce4       0x6c gcc-libgcc.a(_fixunssfdi.o)
                0x00cd1ce4                __aeabi_f2ulz
                0x00cd1ce4                __fixunssfdi
 .text          0x00cd1d50       0x84 gcc-libgcc.a(bpabi.o)
                0x00cd1d50                __gnu_ldivmod_helper
                0x00cd1d94                __gnu_uldivmod_helper
 .text          0x00cd1dd4       0x54 gcc-libgcc.a(_arm_fixunsdfsi.o)
                0x00cd1dd4                __fixunsdfsi
                0x00cd1dd4                __aeabi_d2uiz
 .text          0x00cd1e28        0x0 gcc-libgcc.a(_popcount_tab.o)
 .text          0x00cd1e28      0x4d0 gcc-libgcc.a(_divdi3.o)
                0x00cd1e28                __divdi3
 .text          0x00cd22f8      0x470 gcc-libgcc.a(_udivdi3.o)
                0x00cd22f8                __udivdi3
 .text          0x00cd2768       0x48 gcc-libgcc.a(_clzsi2.o)
                0x00cd2768                __clzsi2
                0x00cd27b0                _text_end = .
                0x00cd27c0                . = ALIGN (0x40)
 *fill*         0x00cd27b0       0x10 
                0x00cd27c0                _rodata_start = .
 *(.rodata)
 .rodata        0x00cd27c0       0x55 version.o
                0x00cd27c0                build_user
                0x00cd27cc                build_date
                0x00cd27e4                build_id
                0x00cd27fb                build_version
 .rodata        0x00cd2815       0x35 fio-ml.o
 *fill*         0x00cd284a        0x2 
 .rodata        0x00cd284c       0x64 mem.o
 .rodata        0x00cd28b0      0xd38 ico.o
                0x00cd28b0                menu_icons_body
 .rodata        0x00cd35e8      0x14c edmac.o
 .rodata        0x00cd3734       0x8c menu.o
 .rodata        0x00cd37c0        0xc debug.o
 .rodata        0x00cd37cc        0xb util.o
 .rodata        0x00cd37d7       0xab exmem.o
 .rodata        0x00cd3882       0x51 bmp.o
 *fill*         0x00cd38d3        0x1 
 .rodata        0x00cd38d4       0x2c config.o
 .rodata        0x00cd3900       0x18 stdio.o
 .rodata        0x00cd3918      0x104 tweaks.o
 .rodata        0x00cd3a1c      0x386 lens.o
 .rodata        0x00cd3da2       0x14 property.o
 .rodata        0x00cd3db6       0x24 movtweaks.o
 *fill*         0x00cd3dda        0x2 
 .rodata        0x00cd3ddc      0x140 fps-engio.o
 .rodata        0x00cd3f1c      0x68c shoot.o
 .rodata        0x00cd45a8       0x44 lv-img-engio.o
 .rodata        0x00cd45ec       0x13 state-object.o
 .rodata        0x00cd45ff       0x16 tasks.o
 .rodata        0x00cd4615        0x8 histogram.o
 *fill*         0x00cd461d        0x3 
 .rodata        0x00cd4620       0x24 audio-lapis.o
 .rodata        0x00cd4644       0xb8 zebra.o
 .rodata        0x00cd46fc       0x44 beep.o
 .rodata        0x00cd4740       0x58 powersave.o
 .rodata        0x00cd4798       0x63 ml-cbr.o
 *fill*         0x00cd47fb        0x1 
 .rodata        0x00cd47fc       0x40 raw.o
 .rodata        0x00cd483c      0x11c chdk-dng.o
 .rodata        0x00cd4958       0x31 edmac-memcpy.o
 *fill*         0x00cd4989        0x3 
 .rodata        0x00cd498c      0x1b8 ../../tcc/libtccx.o
 .rodata        0x00cd4b44       0x18 newlib-libm.a(lib_a-ef_exp.o)
 .rodata        0x00cd4b5c        0x8 newlib-libm.a(lib_a-ef_fmod.o)
 .rodata        0x00cd4b64       0x18 newlib-libm.a(lib_a-ef_pow.o)
 .rodata        0x00cd4b7c      0x398 newlib-libm.a(lib_a-ef_rem_pio2.o)
 .rodata        0x00cd4f14       0x38 newlib-libm.a(lib_a-kf_rem_pio2.o)
 .rodata        0x00cd4f4c       0x20 newlib-libm.a(lib_a-sf_atan.o)
 *fill*         0x00cd4f6c        0x4 
 .rodata        0x00cd4f70       0x10 newlib-libm.a(lib_a-s_rint.o)
 .rodata        0x00cd4f80      0x100 gcc-libgcc.a(_popcount_tab.o)
                0x00cd4f80                __popcount_tab
                0x00cd5080                _rodata_end = .
                0x00cd5080                _data_start = .

.rodata.str1.1  0x00cd5080     0xcc71
 .rodata.str1.1
                0x00cd5080       0x46 backtrace.o
 .rodata.str1.1
                0x00cd50c6       0xd0 boot-hack.o
                                 0xd3 (size before relaxing)
 .rodata.str1.1
                0x00cd5196      0x129 fio-ml.o
                                0x135 (size before relaxing)
 .rodata.str1.1
                0x00cd52bf      0x5ce mem.o
                                0x62d (size before relaxing)
 .rodata.str1.1
                0x00000000       0x12 edmac.o
 .rodata.str1.1
                0x00cd588d      0x895 menu.o
                                0x90e (size before relaxing)
 .rodata.str1.1
                0x00cd6122      0x87c debug.o
                                0x904 (size before relaxing)
 .rodata.str1.1
                0x00cd699e       0x12 posix.o
 .rodata.str1.1
                0x00cd69b0       0x16 util.o
 .rodata.str1.1
                0x00000000       0x12 electronic_level.o
 .rodata.str1.1
                0x00cd69c6       0x28 picstyle.o
 .rodata.str1.1
                0x00cd69ee      0x11c exmem.o
                                0x123 (size before relaxing)
 .rodata.str1.1
                0x00cd6b0a       0x7f bmp.o
                                 0x88 (size before relaxing)
 .rodata.str1.1
                0x00cd6b89       0x78 rbf_font.o
 .rodata.str1.1
                0x00cd6c01      0x4db config.o
                                0x52c (size before relaxing)
 .rodata.str1.1
                0x00cd70dc       0x2b stdio.o
 .rodata.str1.1
                0x00cd7107      0x509 bitrate.o
                                0x52e (size before relaxing)
 .rodata.str1.1
                0x00cd7610     0x15f4 tweaks.o
                               0x167c (size before relaxing)
 .rodata.str1.1
                0x00cd8c04      0x8cc lens.o
                                0x9da (size before relaxing)
 .rodata.str1.1
                0x00cd94d0       0x70 property.o
 .rodata.str1.1
                0x00cd9540       0xd2 propvalues.o
                                 0xdf (size before relaxing)
 .rodata.str1.1
                0x00cd9612       0x42 gui-common.o
                                 0x47 (size before relaxing)
 .rodata.str1.1
                0x00cd9654      0x62a movtweaks.o
                                0x660 (size before relaxing)
 .rodata.str1.1
                0x00cd9c7e      0x2f3 menuhelp.o
                                0x352 (size before relaxing)
 .rodata.str1.1
                0x00cd9f71      0x10b menuindex.o
                                0x110 (size before relaxing)
 .rodata.str1.1
                0x00cda07c      0x18d af_patterns.o
                                0x193 (size before relaxing)
 .rodata.str1.1
                0x00cda209      0xb52 focus.o
                                0xb67 (size before relaxing)
 .rodata.str1.1
                0x00cdad5b       0x42 notify_box.o
 .rodata.str1.1
                0x00cdad9d       0x74 bootflags.o
 .rodata.str1.1
                0x00cdae11       0x49 vram.o
 .rodata.str1.1
                0x00cdae5a       0x4b greenscreen.o
 .rodata.str1.1
                0x00cdaea5      0x851 fps-engio.o
                                0x880 (size before relaxing)
 .rodata.str1.1
                0x00cdb6f6     0x29d2 shoot.o
                               0x2bc3 (size before relaxing)
 .rodata.str1.1
                0x00cde0c8      0x110 hdr.o
                                0x123 (size before relaxing)
 .rodata.str1.1
                0x00cde1d8      0x512 lv-img-engio.o
                                0x575 (size before relaxing)
 .rodata.str1.1
                0x00cde6ea       0x55 state-object.o
 .rodata.str1.1
                0x00cde73f       0x69 tasks.o
                                 0x70 (size before relaxing)
 .rodata.str1.1
                0x00cde7a8        0xf vsync-lite.o
 .rodata.str1.1
                0x00cde7b7      0x174 histogram.o
                                0x196 (size before relaxing)
 .rodata.str1.1
                0x00cde92b       0x64 falsecolor.o
 .rodata.str1.1
                0x00cde98f      0x73d audio-lapis.o
                                0x76c (size before relaxing)
 .rodata.str1.1
                0x00cdf0cc     0x13c1 zebra.o
                               0x1532 (size before relaxing)
 .rodata.str1.1
                0x00ce048d       0xc3 vectorscope.o
                                 0xde (size before relaxing)
 .rodata.str1.1
                0x00ce0550      0x365 beep.o
                                0x37a (size before relaxing)
 .rodata.str1.1
                0x00ce08b5       0x32 screenshot.o
                                 0x35 (size before relaxing)
 .rodata.str1.1
                0x00000000        0x3 fileprefix.o
 .rodata.str1.1
                0x00ce08e7       0x12 lvinfo.o
                                 0x15 (size before relaxing)
 .rodata.str1.1
                0x00ce08f9      0x2e8 powersave.o
                                0x2fb (size before relaxing)
 .rodata.str1.1
                0x00ce0be1       0xbb ml-cbr.o
                                 0xc7 (size before relaxing)
 .rodata.str1.1
                0x00ce0c9c      0x16b raw.o
                                0x18c (size before relaxing)
 .rodata.str1.1
                0x00ce0e07       0x1b chdk-dng.o
                                 0x2b (size before relaxing)
 .rodata.str1.1
                0x00ce0e22      0x116 edmac-memcpy.o
                                0x128 (size before relaxing)
 .rodata.str1.1
                0x00ce0f38        0xd console.o
                                 0x12 (size before relaxing)
 .rodata.str1.1
                0x00ce0f45       0x6c tcc-glue.o
 .rodata.str1.1
                0x00ce0fb1      0x5d5 ../../tcc/libtccx.o
                                0x652 (size before relaxing)
 .rodata.str1.1
                0x00ce1586      0x756 module.o
                                0x81b (size before relaxing)
 .rodata.str1.1
                0x00ce1cdc       0x15 liveview.o

.rodata.str1.4  0x00ce1cf4       0xc4
 .rodata.str1.4
                0x00ce1cf4       0x5a stdio.o
                                 0x5c (size before relaxing)
 *fill*         0x00ce1d4e        0x2 
 .rodata.str1.4
                0x00ce1d50       0x16 histogram.o
                                 0x18 (size before relaxing)
 *fill*         0x00ce1d66        0x2 
 .rodata.str1.4
                0x00ce1d68       0x10 raw.o
 .rodata.str1.4
                0x00ce1d78        0x6 newlib-libm.a(lib_a-wf_acos.o)
                                  0xc (size before relaxing)
 *fill*         0x00ce1d7e        0x2 
 .rodata.str1.4
                0x00ce1d80        0x6 newlib-libm.a(lib_a-wf_asin.o)
                                  0xc (size before relaxing)
 *fill*         0x00ce1d86        0x2 
 .rodata.str1.4
                0x00ce1d88        0x5 newlib-libm.a(lib_a-wf_exp.o)
                                  0x8 (size before relaxing)
 *fill*         0x00ce1d8d        0x3 
 .rodata.str1.4
                0x00ce1d90        0x6 newlib-libm.a(lib_a-wf_fmod.o)
                                  0x8 (size before relaxing)
 *fill*         0x00ce1d96        0x2 
 .rodata.str1.4
                0x00ce1d98        0x7 newlib-libm.a(lib_a-wf_log10.o)
                                  0xc (size before relaxing)
 *fill*         0x00ce1d9f        0x1 
 .rodata.str1.4
                0x00ce1da0        0x5 newlib-libm.a(lib_a-wf_log.o)
                                  0xc (size before relaxing)
 *fill*         0x00ce1da5        0x3 
 .rodata.str1.4
                0x00ce1da8        0x5 newlib-libm.a(lib_a-wf_pow.o)
                                  0x8 (size before relaxing)
 *fill*         0x00ce1dad        0x3 
 .rodata.str1.4
                0x00ce1db0        0x8 newlib-libm.a(lib_a-wf_sqrt.o)
 .rodata.str1.4
                0x00000000        0x4 newlib-libm.a(lib_a-ef_pow.o)

.ARM.extab      0x00ce1db8        0x0
 .ARM.extab     0x00ce1db8        0x0 gcc-libgcc.a(_divdi3.o)
 .ARM.extab     0x00ce1db8        0x0 gcc-libgcc.a(_udivdi3.o)

.glue_7         0x00ce1db8        0x0
 .glue_7        0x00000000        0x0 linker stubs

.glue_7t        0x00ce1db8        0x0
 .glue_7t       0x00000000        0x0 linker stubs

.vfp11_veneer   0x00ce1db8        0x0
 .vfp11_veneer  0x00000000        0x0 linker stubs

.v4_bx          0x00ce1db8        0x0
 .v4_bx         0x00000000        0x0 linker stubs

.iplt           0x00ce1db8        0x0
 .iplt          0x00000000        0x0 entry.o

.text.unlikely  0x00ce1db8      0x614
 .text.unlikely
                0x00ce1db8      0x1b4 menu.o
 .text.unlikely
                0x00ce1f6c      0x1b4 tweaks.o
 .text.unlikely
                0x00ce2120       0xac shoot.o
 .text.unlikely
                0x00ce21cc      0x138 histogram.o
 .text.unlikely
                0x00ce2304       0xc8 zebra.o

.data           0x00ce23d0     0xc17d
                0x00ce23d0                . = ALIGN (0x8)
                0x00ce23d0                _task_overrides_start = .
 *(.task_overrides)
 .task_overrides
                0x00ce23d0        0x8 gui.o
                0x00ce23d0                task_mapping_ml_gui_main_task
                0x00ce23d8                _task_overrides_end = .
                0x00ce23d8                . = ALIGN (0x8)
                0x00ce23d8                _tasks_start = .
 *(.tasks)
 .tasks         0x00ce23d8       0x28 menu.o
                0x00ce23d8                task_create_menu_task
                0x00ce23ec                task_create_menu_redraw_task
 .tasks         0x00ce2400       0x14 debug.o
                0x00ce2400                task_create_debug_loop_task
 .tasks         0x00ce2414       0x14 bitrate.o
                0x00ce2414                task_create_bitrate_task
 .tasks         0x00ce2428       0x14 tweaks.o
                0x00ce2428                task_create_tweak_task
 .tasks         0x00ce243c       0x28 focus.o
                0x00ce243c                task_create_focus_misc_task
                0x00ce2450                task_create_focus_task
 .tasks         0x00ce2464       0x14 notify_box.o
                0x00ce2464                task_create_NotifyBox_task
 .tasks         0x00ce2478       0x14 fps-engio.o
                0x00ce2478                task_create_fps_task
 .tasks         0x00ce248c       0x28 shoot.o
                0x00ce248c                task_create_shoot_task
                0x00ce24a0                task_create_seconds_clock_task
 .tasks         0x00ce24b4       0x14 lv-img-engio.o
                0x00ce24b4                task_create_vignetting_init
 .tasks         0x00ce24c8       0x14 audio-lapis.o
                0x00ce24c8                task_create_audio_common_task
 .tasks         0x00ce24dc       0x3c zebra.o
                0x00ce24dc                task_create_livev_lopriority_task
                0x00ce24f0                task_create_livev_hipriority_task
                0x00ce2504                task_create_clearscreen_task
 .tasks         0x00ce2518       0x14 beep.o
                0x00ce2518                task_create_beep_task
 .tasks         0x00ce252c       0x14 console.o
                0x00ce252c                task_create_console_task
 .tasks         0x00ce2540       0x14 module.o
                0x00ce2540                task_create_module_load_task
                0x00ce2554                _tasks_end = .
                0x00ce2558                . = ALIGN (0x8)
 *fill*         0x00ce2554        0x4 
                0x00ce2558                _init_funcs_start = .
 *(.init_funcs)
 .init_funcs    0x00ce2558       0x14 fio-ml.o
                0x00ce2558                task_create_fio_init
 .init_funcs    0x00ce256c       0x14 debug.o
                0x00ce256c                task_create_debug_init_func
 .init_funcs    0x00ce2580       0x14 exmem.o
                0x00ce2580                task_create_exmem_init
 .init_funcs    0x00ce2594       0x14 bmp.o
                0x00ce2594                task_create_bmp_init
 .init_funcs    0x00ce25a8       0x14 config.o
                0x00ce25a8                task_create_config_menu_init
 .init_funcs    0x00ce25bc       0x14 bitrate.o
                0x00ce25bc                task_create_bitrate_init
 .init_funcs    0x00ce25d0       0x14 tweaks.o
                0x00ce25d0                task_create_tweak_init
 .init_funcs    0x00ce25e4       0x28 lens.o
                0x00ce25e4                task_create_lens_info_init
                0x00ce25f8                task_create_lens_init
 .init_funcs    0x00ce260c       0x14 property.o
                0x00ce260c                task_create_prop_init
 .init_funcs    0x00ce2620       0x14 movtweaks.o
                0x00ce2620                task_create_movtweak_init
 .init_funcs    0x00ce2634       0x14 menuindex.o
                0x00ce2634                task_create_help_menu_init
 .init_funcs    0x00ce2648       0x14 focus.o
                0x00ce2648                task_create_focus_init
 .init_funcs    0x00ce265c       0x14 notify_box.o
                0x00ce265c                task_create_dlg_init
 .init_funcs    0x00ce2670       0x28 fps-engio.o
                0x00ce2670                task_create_sensor_timing_table_init
                0x00ce2684                task_create_fps_init
 .init_funcs    0x00ce2698       0x14 shoot.o
                0x00ce2698                task_create_shoot_init
 .init_funcs    0x00ce26ac       0x14 hdr.o
                0x00ce26ac                task_create_hdr_init
 .init_funcs    0x00ce26c0       0x14 lv-img-engio.o
                0x00ce26c0                task_create_lv_img_init
 .init_funcs    0x00ce26d4       0x14 state-object.o
                0x00ce26d4                task_create_state_init
 .init_funcs    0x00ce26e8       0x14 vsync-lite.o
                0x00ce26e8                task_create_vsync_init
 .init_funcs    0x00ce26fc       0x14 histogram.o
                0x00ce26fc                task_create_hist_init
 .init_funcs    0x00ce2710       0x28 audio-lapis.o
                0x00ce2710                task_create_audio_menus_init
                0x00ce2724                task_create_audio_meter_init
 .init_funcs    0x00ce2738       0x14 zebra.o
                0x00ce2738                task_create_zebra_init
 .init_funcs    0x00ce274c       0x14 vectorscope.o
                0x00ce274c                task_create_vectorscope_feature_init
 .init_funcs    0x00ce2760       0x14 beep.o
                0x00ce2760                task_create_beep_init
 .init_funcs    0x00ce2774       0x14 lvinfo.o
                0x00ce2774                task_create_lvinfo_init
 .init_funcs    0x00ce2788       0x14 powersave.o
                0x00ce2788                task_create_powersave_init
 .init_funcs    0x00ce279c       0x14 raw.o
                0x00ce279c                task_create_raw_init
 .init_funcs    0x00ce27b0       0x14 edmac-memcpy.o
                0x00ce27b0                task_create_edmac_memcpy_init
 .init_funcs    0x00ce27c4       0x14 module.o
                0x00ce27c4                task_create_module_init
 .init_funcs    0x00ce27d8       0x14 liveview.o
                0x00ce27d8                task_create_reloc_liveviewapp_init
                0x00ce27ec                _init_funcs_end = .
                0x00ce27f0                . = ALIGN (0x8)
 *fill*         0x00ce27ec        0x4 
                0x00ce27f0                _ptp_handlers_start = .
 *(.ptp_handlers)
                0x00ce27f0                _ptp_handlers_end = .
                0x00ce27f0                . = ALIGN (0x8)
                0x00ce27f0                _config_vars_start = .
 *(.config_vars)
 .config_vars   0x00ce27f0       0x30 fio-ml.o
                0x00ce27f0                __config_card_force_type
                0x00ce2800                __config_card_test_enabled
                0x00ce2810                __config_cf_card_workaround
 .config_vars   0x00ce2820       0x40 menu.o
                0x00ce2820                __config_menu_upside_down
                0x00ce2830                __config_beta_warn
                0x00ce2840                __config_menu_first_by_icon
                0x00ce2850                __config_junkie_mode
 .config_vars   0x00ce2860       0x10 debug.o
                0x00ce2860                __config_timed_dump
 .config_vars   0x00ce2870       0x70 bitrate.o
                0x00ce2870                __config_buffer_warning_level
                0x00ce2880                __config_cfg_hibr_wav_record
                0x00ce2890                __config_bitrate_indicator
                0x00ce28a0                __config_time_indicator
                0x00ce28b0                __config_bitrate_factor
                0x00ce28c0                __config_bitrate_mode
                0x00ce28d0                __config_qscale_neg
 .config_vars   0x00ce28e0      0x210 tweaks.o
                0x00ce28e0                __config_anamorphic_preview
                0x00ce28f0                __config_defish_preview
                0x00ce2900                __config_lcd_adjust_position
                0x00ce2910                __config_bmp_color_scheme
                0x00ce2920                __config_preview_peaking
                0x00ce2930                __config_preview_crazy
                0x00ce2940                __config_preview_saturation
                0x00ce2950                __config_preview_contrast
                0x00ce2960                __config_preview_brightness
                0x00ce2970                __config_warn_msg
                0x00ce2980                __config_warn_mf
                0x00ce2990                __config_warn_wb
                0x00ce29a0                __config_warn_alo
                0x00ce29b0                __config_warn_picq
                0x00ce29c0                __config_warn_mode
                0x00ce29d0                __config_arrow_keys_bright_sat
                0x00ce29e0                __config_arrow_keys_shutter_aperture
                0x00ce29f0                __config_arrow_keys_iso_kelvin
                0x00ce2a00                __config_arrow_keys_audio
                0x00ce2a10                __config_arrow_keys_use_set
                0x00ce2a20                __config_arrow_keys_mode
                0x00ce2a30                __config_digital_zoom_shortcut
                0x00ce2a40                __config_quick_review_allow_zoom
                0x00ce2a50                __config_focus_box_lv_speed
                0x00ce2a60                __config_focus_box_lv_jump
                0x00ce2a70                __config_halfshutter_sticky
                0x00ce2a80                __config_play_lv_action
                0x00ce2a90                __config_quick_delete
                0x00ce2aa0                __config_play_set_wheel_action
                0x00ce2ab0                __config_play_set_wheel_trigger
                0x00ce2ac0                __config_quickzoom
                0x00ce2ad0                __config_af_frame_autohide
                0x00ce2ae0                __config_dofpreview_sticky
 .config_vars   0x00ce2af0       0x40 lens.o
                0x00ce2af0                __config_focus_units
                0x00ce2b00                __config_crop_info
                0x00ce2b10                __config_movie_log
                0x00ce2b20                __config_lens_mlu_delay
 .config_vars   0x00ce2b30      0x140 movtweaks.o
                0x00ce2b30                __config_smooth_iso_speed
                0x00ce2b40                __config_smooth_iso
                0x00ce2b50                __config_bv_av
                0x00ce2b60                __config_bv_tv
                0x00ce2b70                __config_bv_iso
                0x00ce2b80                __config_bv_auto
                0x00ce2b90                __config_rec_notify
                0x00ce2ba0                __config_screen_layout_ext
                0x00ce2bb0                __config_screen_layout_lcd
                0x00ce2bc0                __config_shutter_lock_value
                0x00ce2bd0                __config_shutter_lock
                0x00ce2be0                __config_enable_liveview
                0x00ce2bf0                __config_movie_rec_key_long
                0x00ce2c00                __config_movie_rec_key_action
                0x00ce2c10                __config_movie_rec_key
                0x00ce2c20                __config_movie_restart
                0x00ce2c30                __config_workaround_wbs_ba
                0x00ce2c40                __config_workaround_wbs_gm
                0x00ce2c50                __config_workaround_wb_kelvin
                0x00ce2c60                __config_hdmi_force_vga
 .config_vars   0x00ce2c70       0x10 af_patterns.o
                0x00ce2c70                __config_af_patterns
 .config_vars   0x00ce2c80       0xf0 focus.o
                0x00ce2c80                __config_follow_focus_reverse_v
                0x00ce2c90                __config_follow_focus_reverse_h
                0x00ce2ca0                __config_follow_focus_mode
                0x00ce2cb0                __config_follow_focus
                0x00ce2cc0                __config_focus_bracket_behind
                0x00ce2cd0                __config_focus_bracket_front
                0x00ce2ce0                __config_focus_stack_steps_per_picture
                0x00ce2cf0                __config_focus_flash_delay